../Drivers/Mpu6500/mpu6500.c:12:13:MPU6500_OnActivate	4	static
../Drivers/Mpu6500/mpu6500.c:16:20:MPU6500_Activate	8	static
../Drivers/Mpu6500/mpu6500.c:22:20:MPU6500_Deactivate	8	static
../Drivers/Mpu6500/mpu6500.c:27:9:SPIx_WriteRead	32	static
../Drivers/Mpu6500/mpu6500.c:40:6:MPU_SPI_Write	16	static
../Drivers/Mpu6500/mpu6500.c:53:6:MPU_SPI_Read	24	static
../Drivers/Mpu6500/mpu6500.c:63:6:mpu6500_write_register	16	static
../Drivers/Mpu6500/mpu6500.c:70:6:mpu6500_read_registers	16	static
../Drivers/Mpu6500/mpu6500.c:76:16:whoAmI	16	static
../Drivers/Mpu6500/mpu6500.c:87:19:mpu6500_init	40	static
../Drivers/Mpu6500/mpu6500.c:169:6:mpu6500_set_accel_range	16	static
../Drivers/Mpu6500/mpu6500.c:175:6:mpu6500_get_gyro_range	16	static
../Drivers/Mpu6500/mpu6500.c:181:6:mpu6500_set_dlpf_bandwidth	16	static
../Drivers/Mpu6500/mpu6500.c:187:6:mpu6500_get_data	16	static
../Drivers/Mpu6500/mpu6500.c:200:6:mpu6500_get_gyro	16	static
../Drivers/Mpu6500/mpu6500.c:208:6:mpu6500_get_acc	16	static
