Archive member included to satisfy reference by file (symbol)

C:/ST/STM32CubeIDE_1.16.1/STM32CubeIDE/plugins/com.st.stm32cube.ide.mcu.externaltools.gnu-tools-for-stm32.12.3.rel1.win32_1.0.200.202406191623/tools/bin/../lib/gcc/arm-none-eabi/12.3.1/../../../../arm-none-eabi/lib/thumb/v7e-m+fp/hard\libc_nano.a(libc_a-exit.o)
                              C:/ST/STM32CubeIDE_1.16.1/STM32CubeIDE/plugins/com.st.stm32cube.ide.mcu.externaltools.gnu-tools-for-stm32.12.3.rel1.win32_1.0.200.202406191623/tools/bin/../lib/gcc/arm-none-eabi/12.3.1/../../../../arm-none-eabi/lib/thumb/v7e-m+fp/hard/crt0.o (exit)
C:/ST/STM32CubeIDE_1.16.1/STM32CubeIDE/plugins/com.st.stm32cube.ide.mcu.externaltools.gnu-tools-for-stm32.12.3.rel1.win32_1.0.200.202406191623/tools/bin/../lib/gcc/arm-none-eabi/12.3.1/../../../../arm-none-eabi/lib/thumb/v7e-m+fp/hard\libc_nano.a(libc_a-malloc.o)
                              ./Core/ThreadSafe/newlib_lock_glue.o (malloc)
C:/ST/STM32CubeIDE_1.16.1/STM32CubeIDE/plugins/com.st.stm32cube.ide.mcu.externaltools.gnu-tools-for-stm32.12.3.rel1.win32_1.0.200.202406191623/tools/bin/../lib/gcc/arm-none-eabi/12.3.1/../../../../arm-none-eabi/lib/thumb/v7e-m+fp/hard\libc_nano.a(libc_a-mallocr.o)
                              C:/ST/STM32CubeIDE_1.16.1/STM32CubeIDE/plugins/com.st.stm32cube.ide.mcu.externaltools.gnu-tools-for-stm32.12.3.rel1.win32_1.0.200.202406191623/tools/bin/../lib/gcc/arm-none-eabi/12.3.1/../../../../arm-none-eabi/lib/thumb/v7e-m+fp/hard\libc_nano.a(libc_a-malloc.o) (_malloc_r)
C:/ST/STM32CubeIDE_1.16.1/STM32CubeIDE/plugins/com.st.stm32cube.ide.mcu.externaltools.gnu-tools-for-stm32.12.3.rel1.win32_1.0.200.202406191623/tools/bin/../lib/gcc/arm-none-eabi/12.3.1/../../../../arm-none-eabi/lib/thumb/v7e-m+fp/hard\libc_nano.a(libc_a-mlock.o)
                              C:/ST/STM32CubeIDE_1.16.1/STM32CubeIDE/plugins/com.st.stm32cube.ide.mcu.externaltools.gnu-tools-for-stm32.12.3.rel1.win32_1.0.200.202406191623/tools/bin/../lib/gcc/arm-none-eabi/12.3.1/../../../../arm-none-eabi/lib/thumb/v7e-m+fp/hard\libc_nano.a(libc_a-mallocr.o) (__malloc_lock)
C:/ST/STM32CubeIDE_1.16.1/STM32CubeIDE/plugins/com.st.stm32cube.ide.mcu.externaltools.gnu-tools-for-stm32.12.3.rel1.win32_1.0.200.202406191623/tools/bin/../lib/gcc/arm-none-eabi/12.3.1/../../../../arm-none-eabi/lib/thumb/v7e-m+fp/hard\libc_nano.a(libc_a-findfp.o)
                              C:/ST/STM32CubeIDE_1.16.1/STM32CubeIDE/plugins/com.st.stm32cube.ide.mcu.externaltools.gnu-tools-for-stm32.12.3.rel1.win32_1.0.200.202406191623/tools/bin/../lib/gcc/arm-none-eabi/12.3.1/../../../../arm-none-eabi/lib/thumb/v7e-m+fp/hard\libc_nano.a(libc_a-exit.o) (__stdio_exit_handler)
C:/ST/STM32CubeIDE_1.16.1/STM32CubeIDE/plugins/com.st.stm32cube.ide.mcu.externaltools.gnu-tools-for-stm32.12.3.rel1.win32_1.0.200.202406191623/tools/bin/../lib/gcc/arm-none-eabi/12.3.1/../../../../arm-none-eabi/lib/thumb/v7e-m+fp/hard\libc_nano.a(libc_a-fwalk.o)
                              C:/ST/STM32CubeIDE_1.16.1/STM32CubeIDE/plugins/com.st.stm32cube.ide.mcu.externaltools.gnu-tools-for-stm32.12.3.rel1.win32_1.0.200.202406191623/tools/bin/../lib/gcc/arm-none-eabi/12.3.1/../../../../arm-none-eabi/lib/thumb/v7e-m+fp/hard\libc_nano.a(libc_a-findfp.o) (_fwalk_sglue)
C:/ST/STM32CubeIDE_1.16.1/STM32CubeIDE/plugins/com.st.stm32cube.ide.mcu.externaltools.gnu-tools-for-stm32.12.3.rel1.win32_1.0.200.202406191623/tools/bin/../lib/gcc/arm-none-eabi/12.3.1/../../../../arm-none-eabi/lib/thumb/v7e-m+fp/hard\libc_nano.a(libc_a-printf.o)
                              ./Drivers/Logger/log.o (printf)
C:/ST/STM32CubeIDE_1.16.1/STM32CubeIDE/plugins/com.st.stm32cube.ide.mcu.externaltools.gnu-tools-for-stm32.12.3.rel1.win32_1.0.200.202406191623/tools/bin/../lib/gcc/arm-none-eabi/12.3.1/../../../../arm-none-eabi/lib/thumb/v7e-m+fp/hard\libc_nano.a(libc_a-putchar.o)
                              ./Drivers/Mpu6500/mpu6500.o (putchar)
C:/ST/STM32CubeIDE_1.16.1/STM32CubeIDE/plugins/com.st.stm32cube.ide.mcu.externaltools.gnu-tools-for-stm32.12.3.rel1.win32_1.0.200.202406191623/tools/bin/../lib/gcc/arm-none-eabi/12.3.1/../../../../arm-none-eabi/lib/thumb/v7e-m+fp/hard\libc_nano.a(libc_a-stdio.o)
                              C:/ST/STM32CubeIDE_1.16.1/STM32CubeIDE/plugins/com.st.stm32cube.ide.mcu.externaltools.gnu-tools-for-stm32.12.3.rel1.win32_1.0.200.202406191623/tools/bin/../lib/gcc/arm-none-eabi/12.3.1/../../../../arm-none-eabi/lib/thumb/v7e-m+fp/hard\libc_nano.a(libc_a-findfp.o) (__sread)
C:/ST/STM32CubeIDE_1.16.1/STM32CubeIDE/plugins/com.st.stm32cube.ide.mcu.externaltools.gnu-tools-for-stm32.12.3.rel1.win32_1.0.200.202406191623/tools/bin/../lib/gcc/arm-none-eabi/12.3.1/../../../../arm-none-eabi/lib/thumb/v7e-m+fp/hard\libc_nano.a(libc_a-memset.o)
[...]
Memory Configuration

Name             Origin             Length             Attributes
CCMRAM           0x10000000         0x00010000         xrw
RAM              0x20000000         0x00020000         xrw
FLASH            0x08000000         0x00100000         xr
*default*        0x00000000         0xffffffff

Linker script and memory map

LOAD C:/ST/STM32CubeIDE_1.16.1/STM32CubeIDE/plugins/com.st.stm32cube.ide.mcu.externaltools.gnu-tools-for-stm32.12.3.rel1.win32_1.0.200.202406191623/tools/bin/../lib/gcc/arm-none-eabi/12.3.1/thumb/v7e-m+fp/hard/crti.o
LOAD C:/ST/STM32CubeIDE_1.16.1/STM32CubeIDE/plugins/com.st.stm32cube.ide.mcu.externaltools.gnu-tools-for-stm32.12.3.rel1.win32_1.0.200.202406191623/tools/bin/../lib/gcc/arm-none-eabi/12.3.1/thumb/v7e-m+fp/hard/crtbegin.o
LOAD C:/ST/STM32CubeIDE_1.16.1/STM32CubeIDE/plugins/com.st.stm32cube.ide.mcu.externaltools.gnu-tools-for-stm32.12.3.rel1.win32_1.0.200.202406191623/tools/bin/../lib/gcc/arm-none-eabi/12.3.1/../../../../arm-none-eabi/lib/thumb/v7e-m+fp/hard/crt0.o
LOAD ./Core/Src/adc.o
LOAD ./Core/Src/dma.o
LOAD ./Core/Src/freertos.o
LOAD ./Core/Src/gpio.o
LOAD ./Core/Src/i2c.o
LOAD ./Core/Src/main.o
LOAD ./Core/Src/spi.o
LOAD ./Core/Src/stm32f4xx_hal_msp.o
LOAD ./Core/Src/stm32f4xx_hal_timebase_tim.o
LOAD ./Core/Src/stm32f4xx_it.o
LOAD ./Core/Src/syscalls.o
LOAD ./Core/Src/sysmem.o
LOAD ./Core/Src/system_stm32f4xx.o
LOAD ./Core/Src/tim.o
LOAD ./Core/Src/usart.o
LOAD ./Core/Startup/startup_stm32f405rgtx.o
LOAD ./Core/ThreadSafe/newlib_lock_glue.o
LOAD ./Drivers/Drv8833/drv8833.o
LOAD ./Drivers/Logger/log.o
LOAD ./Drivers/Mpu6500/mpu6500.o
LOAD ./Drivers/Pwm/pwm.o
LOAD ./Drivers/STM32F4xx_HAL_Driver/Src/stm32f4xx_hal.o
LOAD ./Drivers/STM32F4xx_HAL_Driver/Src/stm32f4xx_hal_adc.o
LOAD ./Drivers/STM32F4xx_HAL_Driver/Src/stm32f4xx_hal_adc_ex.o
LOAD ./Drivers/STM32F4xx_HAL_Driver/Src/stm32f4xx_hal_cortex.o
LOAD ./Drivers/STM32F4xx_HAL_Driver/Src/stm32f4xx_hal_dma.o
LOAD ./Drivers/STM32F4xx_HAL_Driver/Src/stm32f4xx_hal_dma_ex.o
LOAD ./Drivers/STM32F4xx_HAL_Driver/Src/stm32f4xx_hal_exti.o
LOAD ./Drivers/STM32F4xx_HAL_Driver/Src/stm32f4xx_hal_flash.o
LOAD ./Drivers/STM32F4xx_HAL_Driver/Src/stm32f4xx_hal_flash_ex.o
LOAD ./Drivers/STM32F4xx_HAL_Driver/Src/stm32f4xx_hal_flash_ramfunc.o
LOAD ./Drivers/STM32F4xx_HAL_Driver/Src/stm32f4xx_hal_gpio.o
LOAD ./Drivers/STM32F4xx_HAL_Driver/Src/stm32f4xx_hal_i2c.o
LOAD ./Drivers/STM32F4xx_HAL_Driver/Src/stm32f4xx_hal_i2c_ex.o
LOAD ./Drivers/STM32F4xx_HAL_Driver/Src/stm32f4xx_hal_pwr.o
LOAD ./Drivers/STM32F4xx_HAL_Driver/Src/stm32f4xx_hal_pwr_ex.o
LOAD ./Drivers/STM32F4xx_HAL_Driver/Src/stm32f4xx_hal_rcc.o
LOAD ./Drivers/STM32F4xx_HAL_Driver/Src/stm32f4xx_hal_rcc_ex.o
LOAD ./Drivers/STM32F4xx_HAL_Driver/Src/stm32f4xx_hal_spi.o
LOAD ./Drivers/STM32F4xx_HAL_Driver/Src/stm32f4xx_hal_tim.o
LOAD ./Drivers/STM32F4xx_HAL_Driver/Src/stm32f4xx_hal_tim_ex.o
LOAD ./Drivers/STM32F4xx_HAL_Driver/Src/stm32f4xx_hal_uart.o
LOAD ./Drivers/STM32F4xx_HAL_Driver/Src/stm32f4xx_ll_adc.o
LOAD ./Middlewares/Third_Party/FreeRTOS/Source/CMSIS_RTOS/cmsis_os.o
LOAD ./Middlewares/Third_Party/FreeRTOS/Source/croutine.o
LOAD ./Middlewares/Third_Party/FreeRTOS/Source/event_groups.o
LOAD ./Middlewares/Third_Party/FreeRTOS/Source/list.o
LOAD ./Middlewares/Third_Party/FreeRTOS/Source/queue.o
LOAD ./Middlewares/Third_Party/FreeRTOS/Source/stream_buffer.o
LOAD ./Middlewares/Third_Party/FreeRTOS/Source/tasks.o
LOAD ./Middlewares/Third_Party/FreeRTOS/Source/timers.o
LOAD ./Middlewares/Third_Party/FreeRTOS/Source/portable/GCC/ARM_CM4F/port.o
LOAD ./Middlewares/Third_Party/FreeRTOS/Source/portable/MemMang/heap_4.o
START GROUP
LOAD C:/ST/STM32CubeIDE_1.16.1/STM32CubeIDE/plugins/com.st.stm32cube.ide.mcu.externaltools.gnu-tools-for-stm32.12.3.rel1.win32_1.0.200.202406191623/tools/bin/../lib/gcc/arm-none-eabi/12.3.1/../../../../arm-none-eabi/lib/thumb/v7e-m+fp/hard\libc_nano.a
LOAD C:/ST/STM32CubeIDE_1.16.1/STM32CubeIDE/plugins/com.st.stm32cube.ide.mcu.externaltools.gnu-tools-for-stm32.12.3.rel1.win32_1.0.200.202406191623/tools/bin/../lib/gcc/arm-none-eabi/12.3.1/../../../../arm-none-eabi/lib/thumb/v7e-m+fp/hard\libm.a
END GROUP
START GROUP
LOAD C:/ST/STM32CubeIDE_1.16.1/STM32CubeIDE/plugins/com.st.stm32cube.ide.mcu.externaltools.gnu-tools-for-stm32.12.3.rel1.win32_1.0.200.202406191623/tools/bin/../lib/gcc/arm-none-eabi/12.3.1/thumb/v7e-m+fp/hard\libgcc.a
LOAD C:/ST/STM32CubeIDE_1.16.1/STM32CubeIDE/plugins/com.st.stm32cube.ide.mcu.externaltools.gnu-tools-for-stm32.12.3.rel1.win32_1.0.200.202406191623/tools/bin/../lib/gcc/arm-none-eabi/12.3.1/../../../../arm-none-eabi/lib/thumb/v7e-m+fp/hard\libc_nano.a
END GROUP
START GROUP
LOAD C:/ST/STM32CubeIDE_1.16.1/STM32CubeIDE/plugins/com.st.stm32cube.ide.mcu.externaltools.gnu-tools-for-stm32.12.3.rel1.win32_1.0.200.202406191623/tools/bin/../lib/gcc/arm-none-eabi/12.3.1/thumb/v7e-m+fp/hard\libgcc.a
LOAD C:/ST/STM32CubeIDE_1.16.1/STM32CubeIDE/plugins/com.st.stm32cube.ide.mcu.externaltools.gnu-tools-for-stm32.12.3.rel1.win32_1.0.200.202406191623/tools/bin/../lib/gcc/arm-none-eabi/12.3.1/../../../../arm-none-eabi/lib/thumb/v7e-m+fp/hard\libc_nano.a
LOAD C:/ST/STM32CubeIDE_1.16.1/STM32CubeIDE/plugins/com.st.stm32cube.ide.mcu.externaltools.gnu-tools-for-stm32.12.3.rel1.win32_1.0.200.202406191623/tools/bin/../lib/gcc/arm-none-eabi/12.3.1/../../../../arm-none-eabi/lib/thumb/v7e-m+fp/hard\libnosys.a
END GROUP
START GROUP
LOAD C:/ST/STM32CubeIDE_1.16.1/STM32CubeIDE/plugins/com.st.stm32cube.ide.mcu.externaltools.gnu-tools-for-stm32.12.3.rel1.win32_1.0.200.202406191623/tools/bin/../lib/gcc/arm-none-eabi/12.3.1/thumb/v7e-m+fp/hard\libgcc.a
LOAD C:/ST/STM32CubeIDE_1.16.1/STM32CubeIDE/plugins/com.st.stm32cube.ide.mcu.externaltools.gnu-tools-for-stm32.12.3.rel1.win32_1.0.200.202406191623/tools/bin/../lib/gcc/arm-none-eabi/12.3.1/../../../../arm-none-eabi/lib/thumb/v7e-m+fp/hard\libc_nano.a
LOAD C:/ST/STM32CubeIDE_1.16.1/STM32CubeIDE/plugins/com.st.stm32cube.ide.mcu.externaltools.gnu-tools-for-stm32.12.3.rel1.win32_1.0.200.202406191623/tools/bin/../lib/gcc/arm-none-eabi/12.3.1/../../../../arm-none-eabi/lib/thumb/v7e-m+fp/hard\libnosys.a
END GROUP
LOAD C:/ST/STM32CubeIDE_1.16.1/STM32CubeIDE/plugins/com.st.stm32cube.ide.mcu.externaltools.gnu-tools-for-stm32.12.3.rel1.win32_1.0.200.202406191623/tools/bin/../lib/gcc/arm-none-eabi/12.3.1/thumb/v7e-m+fp/hard/crtend.o
LOAD C:/ST/STM32CubeIDE_1.16.1/STM32CubeIDE/plugins/com.st.stm32cube.ide.mcu.externaltools.gnu-tools-for-stm32.12.3.rel1.win32_1.0.200.202406191623/tools/bin/../lib/gcc/arm-none-eabi/12.3.1/thumb/v7e-m+fp/hard/crtn.o
                0x20020000                        _estack = (ORIGIN (RAM) + LENGTH (RAM))
                0x00000200                        _Min_Heap_Size = 0x200
                0x00000400                        _Min_Stack_Size = 0x400

.isr_vector     0x08000000      0x188
                0x08000000                        . = ALIGN (0x4)
 *(.isr_vector)
 .isr_vector    0x08000000      0x188 ./Core/Startup/startup_stm32f405rgtx.o
                0x08000000                g_pfnVectors
                0x08000188                        . = ALIGN (0x4)

.text           0x08000190     0x4afc
                0x08000190                        . = ALIGN (0x4)
 *(.text)
 .text          0x08000190       0x40 C:/ST/STM32CubeIDE_1.16.1/STM32CubeIDE/plugins/com.st.stm32cube.ide.mcu.externaltools.gnu-tools-for-stm32.12.3.rel1.win32_1.0.200.202406191623/tools/bin/../lib/gcc/arm-none-eabi/12.3.1/thumb/v7e-m+fp/hard/crtbegin.o
 .text          0x080001d0       0x30 C:/ST/STM32CubeIDE_1.16.1/STM32CubeIDE/plugins/com.st.stm32cube.ide.mcu.externaltools.gnu-tools-for-stm32.12.3.rel1.win32_1.0.200.202406191623/tools/bin/../lib/gcc/arm-none-eabi/12.3.1/thumb/v7e-m+fp/hard\libgcc.a(_aeabi_uldivmod.o)
                0x080001d0                __aeabi_uldivmod
 .text          0x08000200      0x2bc C:/ST/STM32CubeIDE_1.16.1/STM32CubeIDE/plugins/com.st.stm32cube.ide.mcu.externaltools.gnu-tools-for-stm32.12.3.rel1.win32_1.0.200.202406191623/tools/bin/../lib/gcc/arm-none-eabi/12.3.1/thumb/v7e-m+fp/hard\libgcc.a(_udivmoddi4.o)
                0x08000200                __udivmoddi4
 .text          0x080004bc        0x4 C:/ST/STM32CubeIDE_1.16.1/STM32CubeIDE/plugins/com.st.stm32cube.ide.mcu.externaltools.gnu-tools-for-stm32.12.3.rel1.win32_1.0.200.202406191623/tools/bin/../lib/gcc/arm-none-eabi/12.3.1/thumb/v7e-m+fp/hard\libgcc.a(_dvmd_tls.o)
                0x080004bc                __aeabi_idiv0
                0x080004bc                __aeabi_ldiv0
 *(.text*)
 .text.MX_ADC1_Init
                0x080004c0      0x114 ./Core/Src/adc.o
                0x080004c0                MX_ADC1_Init
 .text.HAL_ADC_MspInit
                0x080005d4       0xf0 ./Core/Src/adc.o
                0x080005d4                HAL_ADC_MspInit
 .text.MX_DMA_Init
                0x080006c4       0x40 ./Core/Src/dma.o
                0x080006c4                MX_DMA_Init
 .text.MX_GPIO_Init
                0x08000704      0x190 ./Core/Src/gpio.o
                0x08000704                MX_GPIO_Init
 .text.MX_I2C1_Init
                0x08000894       0x5c ./Core/Src/i2c.o
                0x08000894                MX_I2C1_Init
 .text.MX_I2C2_Init
                0x080008f0       0x5c ./Core/Src/i2c.o
                0x080008f0                MX_I2C2_Init
 .text.MX_I2C3_Init
                0x0800094c       0x5c ./Core/Src/i2c.o
                0x0800094c                MX_I2C3_Init
 .text.HAL_I2C_MspInit
                0x080009a8      0x1a8 ./Core/Src/i2c.o
                0x080009a8                HAL_I2C_MspInit
 .text.main     0x08000b50       0x44 ./Core/Src/main.o
                0x08000b50                main
 .text.SystemClock_Config
                0x08000b94       0xd4 ./Core/Src/main.o
                0x08000b94                SystemClock_Config
 .text.HAL_TIM_PeriodElapsedCallback
                0x08000c68       0x24 ./Core/Src/main.o
                0x08000c68                HAL_TIM_PeriodElapsedCallback
 .text.Error_Handler
                0x08000c8c        0xc ./Core/Src/main.o
                0x08000c8c                Error_Handler
 .text.MX_SPI1_Init
                0x08000c98       0x6c ./Core/Src/spi.o
                0x08000c98                MX_SPI1_Init
 .text.HAL_SPI_MspInit
                0x08000d04       0x90 ./Core/Src/spi.o
                0x08000d04                HAL_SPI_MspInit
 .text.HAL_MspInit
                0x08000d94       0x58 ./Core/Src/stm32f4xx_hal_msp.o
                0x08000d94                HAL_MspInit
 .text.HAL_InitTick
                0x08000dec       0xe8 ./Core/Src/stm32f4xx_hal_timebase_tim.o
                0x08000dec                HAL_InitTick
 .text.NMI_Handler
                0x08000ed4        0x8 ./Core/Src/stm32f4xx_it.o
                0x08000ed4                NMI_Handler
 .text.HardFault_Handler
                0x08000edc        0x8 ./Core/Src/stm32f4xx_it.o
                0x08000edc                HardFault_Handler
 .text.MemManage_Handler
                0x08000ee4        0x8 ./Core/Src/stm32f4xx_it.o
                0x08000ee4                MemManage_Handler
 .text.BusFault_Handler
                0x08000eec        0x8 ./Core/Src/stm32f4xx_it.o
                0x08000eec                BusFault_Handler
 .text.UsageFault_Handler
                0x08000ef4        0x8 ./Core/Src/stm32f4xx_it.o
                0x08000ef4                UsageFault_Handler
 .text.DebugMon_Handler
                0x08000efc        0xe ./Core/Src/stm32f4xx_it.o
                0x08000efc                DebugMon_Handler
 *fill*         0x08000f0a        0x2 
 .text.TIM1_UP_TIM10_IRQHandler
                0x08000f0c       0x1c ./Core/Src/stm32f4xx_it.o
                0x08000f0c                TIM1_UP_TIM10_IRQHandler
 .text.DMA2_Stream0_IRQHandler
                0x08000f28       0x14 ./Core/Src/stm32f4xx_it.o
                0x08000f28                DMA2_Stream0_IRQHandler
 .text.SystemInit
                0x08000f3c       0x24 ./Core/Src/system_stm32f4xx.o
                0x08000f3c                SystemInit
 .text.MX_TIM3_Init
                0x08000f60      0x134 ./Core/Src/tim.o
                0x08000f60                MX_TIM3_Init
 .text.MX_TIM10_Init
                0x08001094       0x9c ./Core/Src/tim.o
                0x08001094                MX_TIM10_Init
 .text.MX_TIM11_Init
                0x08001130       0x9c ./Core/Src/tim.o
                0x08001130                MX_TIM11_Init
 .text.MX_TIM12_Init
                0x080011cc       0xa0 ./Core/Src/tim.o
                0x080011cc                MX_TIM12_Init
 .text.MX_TIM13_Init
                0x0800126c       0x9c ./Core/Src/tim.o
                0x0800126c                MX_TIM13_Init
 .text.HAL_TIM_Base_MspInit
                0x08001308       0xd4 ./Core/Src/tim.o
                0x08001308                HAL_TIM_Base_MspInit
 .text.HAL_TIM_PWM_MspInit
                0x080013dc       0x44 ./Core/Src/tim.o
                0x080013dc                HAL_TIM_PWM_MspInit
 .text.HAL_TIM_MspPostInit
                0x08001420      0x1ec ./Core/Src/tim.o
                0x08001420                HAL_TIM_MspPostInit
 .text.MX_USART2_UART_Init
                0x0800160c       0x54 ./Core/Src/usart.o
                0x0800160c                MX_USART2_UART_Init
 .text.HAL_UART_MspInit
                0x08001660       0x90 ./Core/Src/usart.o
                0x08001660                HAL_UART_MspInit
 .text.Reset_Handler
                0x080016f0       0x50 ./Core/Startup/startup_stm32f405rgtx.o
                0x080016f0                Reset_Handler
 .text.Default_Handler
                0x08001740        0x2 ./Core/Startup/startup_stm32f405rgtx.o
                0x08001740                RTC_Alarm_IRQHandler
                0x08001740                HASH_RNG_IRQHandler
                0x08001740                EXTI2_IRQHandler
                0x08001740                TIM8_CC_IRQHandler
                0x08001740                TIM1_CC_IRQHandler
                0x08001740                DMA2_Stream5_IRQHandler
                0x08001740                DMA1_Stream5_IRQHandler
                0x08001740                PVD_IRQHandler
                0x08001740                SDIO_IRQHandler
                0x08001740                TAMP_STAMP_IRQHandler
                0x08001740                CAN2_RX1_IRQHandler
                0x08001740                EXTI3_IRQHandler
                0x08001740                TIM8_TRG_COM_TIM14_IRQHandler
                0x08001740                TIM8_UP_TIM13_IRQHandler
                0x08001740                I2C3_ER_IRQHandler
                0x08001740                EXTI0_IRQHandler
                0x08001740                I2C2_EV_IRQHandler
                0x08001740                DMA1_Stream2_IRQHandler
                0x08001740                CAN1_RX0_IRQHandler
                0x08001740                FPU_IRQHandler
                0x08001740                OTG_HS_WKUP_IRQHandler
                0x08001740                CAN2_SCE_IRQHandler
                0x08001740                DMA2_Stream2_IRQHandler
                0x08001740                SPI1_IRQHandler
                0x08001740                TIM6_DAC_IRQHandler
                0x08001740                TIM1_BRK_TIM9_IRQHandler
                0x08001740                CAN2_RX0_IRQHandler
                0x08001740                DMA2_Stream3_IRQHandler
                0x08001740                USART6_IRQHandler
                0x08001740                USART3_IRQHandler
                0x08001740                CAN1_RX1_IRQHandler
                0x08001740                UART5_IRQHandler
                0x08001740                TIM4_IRQHandler
                0x08001740                I2C1_EV_IRQHandler
                0x08001740                DMA1_Stream6_IRQHandler
                0x08001740                DMA1_Stream1_IRQHandler
                0x08001740                UART4_IRQHandler
                0x08001740                TIM3_IRQHandler
                0x08001740                RCC_IRQHandler
                0x08001740                TIM8_BRK_TIM12_IRQHandler
                0x08001740                Default_Handler
                0x08001740                EXTI15_10_IRQHandler
                0x08001740                ADC_IRQHandler
                0x08001740                DMA1_Stream7_IRQHandler
                0x08001740                TIM7_IRQHandler
                0x08001740                CAN2_TX_IRQHandler
                0x08001740                TIM5_IRQHandler
                0x08001740                DMA2_Stream7_IRQHandler
                0x08001740                I2C3_EV_IRQHandler
                0x08001740                EXTI9_5_IRQHandler
                0x08001740                RTC_WKUP_IRQHandler
                0x08001740                SPI2_IRQHandler
                0x08001740                OTG_HS_EP1_IN_IRQHandler
                0x08001740                DMA1_Stream0_IRQHandler
                0x08001740                CAN1_TX_IRQHandler
                0x08001740                EXTI4_IRQHandler
                0x08001740                FSMC_IRQHandler
                0x08001740                OTG_HS_EP1_OUT_IRQHandler
                0x08001740                WWDG_IRQHandler
                0x08001740                TIM2_IRQHandler
                0x08001740                OTG_FS_WKUP_IRQHandler
                0x08001740                TIM1_TRG_COM_TIM11_IRQHandler
                0x08001740                OTG_HS_IRQHandler
                0x08001740                EXTI1_IRQHandler
                0x08001740                USART2_IRQHandler
                0x08001740                I2C2_ER_IRQHandler
                0x08001740                DMA2_Stream1_IRQHandler
                0x08001740                CAN1_SCE_IRQHandler
                0x08001740                FLASH_IRQHandler
                0x08001740                DMA2_Stream4_IRQHandler
                0x08001740                USART1_IRQHandler
                0x08001740                OTG_FS_IRQHandler
                0x08001740                SPI3_IRQHandler
                0x08001740                DMA1_Stream4_IRQHandler
                0x08001740                I2C1_ER_IRQHandler
                0x08001740                DMA2_Stream6_IRQHandler
                0x08001740                DMA1_Stream3_IRQHandler
 *fill*         0x08001742        0x2 
 .text.HAL_Init
                0x08001744       0x44 ./Drivers/STM32F4xx_HAL_Driver/Src/stm32f4xx_hal.o
                0x08001744                HAL_Init
 .text.HAL_IncTick
                0x08001788       0x28 ./Drivers/STM32F4xx_HAL_Driver/Src/stm32f4xx_hal.o
                0x08001788                HAL_IncTick
 .text.HAL_GetTick
                0x080017b0       0x18 ./Drivers/STM32F4xx_HAL_Driver/Src/stm32f4xx_hal.o
                0x080017b0                HAL_GetTick
 .text.HAL_ADC_Init
                0x080017c8       0x86 ./Drivers/STM32F4xx_HAL_Driver/Src/stm32f4xx_hal_adc.o
                0x080017c8                HAL_ADC_Init
 *fill*         0x0800184e        0x2 
 .text.HAL_ADC_ConfigChannel
                0x08001850      0x244 ./Drivers/STM32F4xx_HAL_Driver/Src/stm32f4xx_hal_adc.o
                0x08001850                HAL_ADC_ConfigChannel
 .text.ADC_Init
                0x08001a94      0x1f8 ./Drivers/STM32F4xx_HAL_Driver/Src/stm32f4xx_hal_adc.o
 .text.__NVIC_SetPriorityGrouping
                0x08001c8c       0x48 ./Drivers/STM32F4xx_HAL_Driver/Src/stm32f4xx_hal_cortex.o
 .text.__NVIC_GetPriorityGrouping
                0x08001cd4       0x1c ./Drivers/STM32F4xx_HAL_Driver/Src/stm32f4xx_hal_cortex.o
 .text.__NVIC_EnableIRQ
                0x08001cf0       0x3c ./Drivers/STM32F4xx_HAL_Driver/Src/stm32f4xx_hal_cortex.o
 .text.__NVIC_SetPriority
                0x08001d2c       0x54 ./Drivers/STM32F4xx_HAL_Driver/Src/stm32f4xx_hal_cortex.o
 .text.NVIC_EncodePriority
                0x08001d80       0x66 ./Drivers/STM32F4xx_HAL_Driver/Src/stm32f4xx_hal_cortex.o
 .text.HAL_NVIC_SetPriorityGrouping
                0x08001de6       0x16 ./Drivers/STM32F4xx_HAL_Driver/Src/stm32f4xx_hal_cortex.o
                0x08001de6                HAL_NVIC_SetPriorityGrouping
 .text.HAL_NVIC_SetPriority
                0x08001dfc       0x38 ./Drivers/STM32F4xx_HAL_Driver/Src/stm32f4xx_hal_cortex.o
                0x08001dfc                HAL_NVIC_SetPriority
 .text.HAL_NVIC_EnableIRQ
                0x08001e34       0x1c ./Drivers/STM32F4xx_HAL_Driver/Src/stm32f4xx_hal_cortex.o
                0x08001e34                HAL_NVIC_EnableIRQ
 .text.HAL_DMA_Init
                0x08001e50      0x15c ./Drivers/STM32F4xx_HAL_Driver/Src/stm32f4xx_hal_dma.o
                0x08001e50                HAL_DMA_Init
 .text.HAL_DMA_IRQHandler
                0x08001fac      0x314 ./Drivers/STM32F4xx_HAL_Driver/Src/stm32f4xx_hal_dma.o
                0x08001fac                HAL_DMA_IRQHandler
 .text.DMA_CalcBaseAndBitshift
                0x080022c0       0x6c ./Drivers/STM32F4xx_HAL_Driver/Src/stm32f4xx_hal_dma.o
 .text.DMA_CheckFifoParam
                0x0800232c       0xf8 ./Drivers/STM32F4xx_HAL_Driver/Src/stm32f4xx_hal_dma.o
 .text.HAL_GPIO_Init
                0x08002424      0x338 ./Drivers/STM32F4xx_HAL_Driver/Src/stm32f4xx_hal_gpio.o
                0x08002424                HAL_GPIO_Init
 .text.HAL_GPIO_WritePin
                0x0800275c       0x32 ./Drivers/STM32F4xx_HAL_Driver/Src/stm32f4xx_hal_gpio.o
                0x0800275c                HAL_GPIO_WritePin
 *fill*         0x0800278e        0x2 
 .text.HAL_I2C_Init
                0x08002790      0x288 ./Drivers/STM32F4xx_HAL_Driver/Src/stm32f4xx_hal_i2c.o
                0x08002790                HAL_I2C_Init
 .text.HAL_RCC_OscConfig
                0x08002a18      0x4f0 ./Drivers/STM32F4xx_HAL_Driver/Src/stm32f4xx_hal_rcc.o
                0x08002a18                HAL_RCC_OscConfig
 .text.HAL_RCC_ClockConfig
                0x08002f08      0x1cc ./Drivers/STM32F4xx_HAL_Driver/Src/stm32f4xx_hal_rcc.o
                0x08002f08                HAL_RCC_ClockConfig
 .text.HAL_RCC_GetSysClockFreq
                0x080030d4      0x18c ./Drivers/STM32F4xx_HAL_Driver/Src/stm32f4xx_hal_rcc.o
                0x080030d4                HAL_RCC_GetSysClockFreq
 .text.HAL_RCC_GetHCLKFreq
                0x08003260       0x18 ./Drivers/STM32F4xx_HAL_Driver/Src/stm32f4xx_hal_rcc.o
                0x08003260                HAL_RCC_GetHCLKFreq
 .text.HAL_RCC_GetPCLK1Freq
                0x08003278       0x28 ./Drivers/STM32F4xx_HAL_Driver/Src/stm32f4xx_hal_rcc.o
                0x08003278                HAL_RCC_GetPCLK1Freq
 .text.HAL_RCC_GetPCLK2Freq
                0x080032a0       0x28 ./Drivers/STM32F4xx_HAL_Driver/Src/stm32f4xx_hal_rcc.o
                0x080032a0                HAL_RCC_GetPCLK2Freq
 .text.HAL_RCC_GetClockConfig
                0x080032c8       0x64 ./Drivers/STM32F4xx_HAL_Driver/Src/stm32f4xx_hal_rcc.o
                0x080032c8                HAL_RCC_GetClockConfig
 .text.HAL_SPI_Init
                0x0800332c      0x112 ./Drivers/STM32F4xx_HAL_Driver/Src/stm32f4xx_hal_spi.o
                0x0800332c                HAL_SPI_Init
 .text.HAL_TIM_Base_Init
                0x0800343e       0x9e ./Drivers/STM32F4xx_HAL_Driver/Src/stm32f4xx_hal_tim.o
                0x0800343e                HAL_TIM_Base_Init
 .text.HAL_TIM_Base_Start_IT
                0x080034dc       0xe0 ./Drivers/STM32F4xx_HAL_Driver/Src/stm32f4xx_hal_tim.o
                0x080034dc                HAL_TIM_Base_Start_IT
 .text.HAL_TIM_PWM_Init
                0x080035bc       0x9e ./Drivers/STM32F4xx_HAL_Driver/Src/stm32f4xx_hal_tim.o
                0x080035bc                HAL_TIM_PWM_Init
 .text.HAL_TIM_IRQHandler
                0x0800365a      0x1e0 ./Drivers/STM32F4xx_HAL_Driver/Src/stm32f4xx_hal_tim.o
                0x0800365a                HAL_TIM_IRQHandler
 *fill*         0x0800383a        0x2 
 .text.HAL_TIM_PWM_ConfigChannel
                0x0800383c      0x184 ./Drivers/STM32F4xx_HAL_Driver/Src/stm32f4xx_hal_tim.o
                0x0800383c                HAL_TIM_PWM_ConfigChannel
 .text.HAL_TIM_ConfigClockSource
                0x080039c0      0x18e ./Drivers/STM32F4xx_HAL_Driver/Src/stm32f4xx_hal_tim.o
                0x080039c0                HAL_TIM_ConfigClockSource
 .text.HAL_TIM_OC_DelayElapsedCallback
                0x08003b4e       0x14 ./Drivers/STM32F4xx_HAL_Driver/Src/stm32f4xx_hal_tim.o
                0x08003b4e                HAL_TIM_OC_DelayElapsedCallback
 .text.HAL_TIM_IC_CaptureCallback
                0x08003b62       0x14 ./Drivers/STM32F4xx_HAL_Driver/Src/stm32f4xx_hal_tim.o
                0x08003b62                HAL_TIM_IC_CaptureCallback
 .text.HAL_TIM_PWM_PulseFinishedCallback
                0x08003b76       0x14 ./Drivers/STM32F4xx_HAL_Driver/Src/stm32f4xx_hal_tim.o
                0x08003b76                HAL_TIM_PWM_PulseFinishedCallback
 .text.HAL_TIM_TriggerCallback
                0x08003b8a       0x14 ./Drivers/STM32F4xx_HAL_Driver/Src/stm32f4xx_hal_tim.o
                0x08003b8a                HAL_TIM_TriggerCallback
 *fill*         0x08003b9e        0x2 
 .text.TIM_Base_SetConfig
                0x08003ba0      0x158 ./Drivers/STM32F4xx_HAL_Driver/Src/stm32f4xx_hal_tim.o
                0x08003ba0                TIM_Base_SetConfig
 .text.TIM_OC1_SetConfig
                0x08003cf8       0xe0 ./Drivers/STM32F4xx_HAL_Driver/Src/stm32f4xx_hal_tim.o
 .text.TIM_OC2_SetConfig
                0x08003dd8       0xec ./Drivers/STM32F4xx_HAL_Driver/Src/stm32f4xx_hal_tim.o
                0x08003dd8                TIM_OC2_SetConfig
 .text.TIM_OC3_SetConfig
                0x08003ec4       0xe8 ./Drivers/STM32F4xx_HAL_Driver/Src/stm32f4xx_hal_tim.o
 .text.TIM_OC4_SetConfig
                0x08003fac       0xac ./Drivers/STM32F4xx_HAL_Driver/Src/stm32f4xx_hal_tim.o
 .text.TIM_TI1_ConfigInputStage
                0x08004058       0x5e ./Drivers/STM32F4xx_HAL_Driver/Src/stm32f4xx_hal_tim.o
 .text.TIM_TI2_ConfigInputStage
                0x080040b6       0x60 ./Drivers/STM32F4xx_HAL_Driver/Src/stm32f4xx_hal_tim.o
 .text.TIM_ITRx_SetConfig
                0x08004116       0x36 ./Drivers/STM32F4xx_HAL_Driver/Src/stm32f4xx_hal_tim.o
 .text.TIM_ETR_SetConfig
                0x0800414c       0x40 ./Drivers/STM32F4xx_HAL_Driver/Src/stm32f4xx_hal_tim.o
                0x0800414c                TIM_ETR_SetConfig
 .text.HAL_TIMEx_MasterConfigSynchronization
                0x0800418c       0xf8 ./Drivers/STM32F4xx_HAL_Driver/Src/stm32f4xx_hal_tim_ex.o
                0x0800418c                HAL_TIMEx_MasterConfigSynchronization
 .text.HAL_TIMEx_CommutCallback
                0x08004284       0x14 ./Drivers/STM32F4xx_HAL_Driver/Src/stm32f4xx_hal_tim_ex.o
                0x08004284                HAL_TIMEx_CommutCallback
 .text.HAL_TIMEx_BreakCallback
                0x08004298       0x14 ./Drivers/STM32F4xx_HAL_Driver/Src/stm32f4xx_hal_tim_ex.o
                0x08004298                HAL_TIMEx_BreakCallback
 .text.HAL_UART_Init
                0x080042ac       0xa0 ./Drivers/STM32F4xx_HAL_Driver/Src/stm32f4xx_hal_uart.o
                0x080042ac                HAL_UART_Init
 .text.UART_SetConfig
                0x0800434c      0x4e8 ./Drivers/STM32F4xx_HAL_Driver/Src/stm32f4xx_hal_uart.o
 .text.vListInsertEnd
                0x08004834       0x48 ./Middlewares/Third_Party/FreeRTOS/Source/list.o
                0x08004834                vListInsertEnd
 .text.uxListRemove
                0x0800487c       0x54 ./Middlewares/Third_Party/FreeRTOS/Source/list.o
                0x0800487c                uxListRemove
 .text.xTaskIncrementTick
                0x080048d0      0x174 ./Middlewares/Third_Party/FreeRTOS/Source/tasks.o
                0x080048d0                xTaskIncrementTick
 .text.vTaskSwitchContext
                0x08004a44       0xb8 ./Middlewares/Third_Party/FreeRTOS/Source/tasks.o
                0x08004a44                vTaskSwitchContext
 .text.prvResetNextTaskUnblockTime
                0x08004afc       0x40 ./Middlewares/Third_Party/FreeRTOS/Source/tasks.o
 *fill*         0x08004b3c        0x4 
 .text.SVC_Handler
                0x08004b40       0x28 ./Middlewares/Third_Party/FreeRTOS/Source/portable/GCC/ARM_CM4F/port.o
                0x08004b40                SVC_Handler
 *fill*         0x08004b68        0x8 
 .text.PendSV_Handler
                0x08004b70       0x68 ./Middlewares/Third_Party/FreeRTOS/Source/portable/GCC/ARM_CM4F/port.o
                0x08004b70                PendSV_Handler
 .text.SysTick_Handler
                0x08004bd8       0x44 ./Middlewares/Third_Party/FreeRTOS/Source/portable/GCC/ARM_CM4F/port.o
                0x08004bd8                SysTick_Handler
 .text.memset   0x08004c1c       0x10 C:/ST/STM32CubeIDE_1.16.1/STM32CubeIDE/plugins/com.st.stm32cube.ide.mcu.externaltools.gnu-tools-for-stm32.12.3.rel1.win32_1.0.200.202406191623/tools/bin/../lib/gcc/arm-none-eabi/12.3.1/../../../../arm-none-eabi/lib/thumb/v7e-m+fp/hard\libc_nano.a(libc_a-memset.o)
                0x08004c1c                memset
 .text.__libc_init_array
                0x08004c2c       0x48 C:/ST/STM32CubeIDE_1.16.1/STM32CubeIDE/plugins/com.st.stm32cube.ide.mcu.externaltools.gnu-tools-for-stm32.12.3.rel1.win32_1.0.200.202406191623/tools/bin/../lib/gcc/arm-none-eabi/12.3.1/../../../../arm-none-eabi/lib/thumb/v7e-m+fp/hard\libc_nano.a(libc_a-init.o)
                0x08004c2c                __libc_init_array
 *(.glue_7)
 .glue_7        0x08004c74        0x0 linker stubs
 *(.glue_7t)
 .glue_7t       0x08004c74        0x0 linker stubs
 *(.eh_frame)
 .eh_frame      0x08004c74        0x0 C:/ST/STM32CubeIDE_1.16.1/STM32CubeIDE/plugins/com.st.stm32cube.ide.mcu.externaltools.gnu-tools-for-stm32.12.3.rel1.win32_1.0.200.202406191623/tools/bin/../lib/gcc/arm-none-eabi/12.3.1/thumb/v7e-m+fp/hard/crtbegin.o
 *(.init)
 .init          0x08004c74        0x4 C:/ST/STM32CubeIDE_1.16.1/STM32CubeIDE/plugins/com.st.stm32cube.ide.mcu.externaltools.gnu-tools-for-stm32.12.3.rel1.win32_1.0.200.202406191623/tools/bin/../lib/gcc/arm-none-eabi/12.3.1/thumb/v7e-m+fp/hard/crti.o
                0x08004c74                _init
 .init          0x08004c78        0x8 C:/ST/STM32CubeIDE_1.16.1/STM32CubeIDE/plugins/com.st.stm32cube.ide.mcu.externaltools.gnu-tools-for-stm32.12.3.rel1.win32_1.0.200.202406191623/tools/bin/../lib/gcc/arm-none-eabi/12.3.1/thumb/v7e-m+fp/hard/crtn.o
 *(.fini)
 .fini          0x08004c80        0x4 C:/ST/STM32CubeIDE_1.16.1/STM32CubeIDE/plugins/com.st.stm32cube.ide.mcu.externaltools.gnu-tools-for-stm32.12.3.rel1.win32_1.0.200.202406191623/tools/bin/../lib/gcc/arm-none-eabi/12.3.1/thumb/v7e-m+fp/hard/crti.o
                0x08004c80                _fini
 .fini          0x08004c84        0x8 C:/ST/STM32CubeIDE_1.16.1/STM32CubeIDE/plugins/com.st.stm32cube.ide.mcu.externaltools.gnu-tools-for-stm32.12.3.rel1.win32_1.0.200.202406191623/tools/bin/../lib/gcc/arm-none-eabi/12.3.1/thumb/v7e-m+fp/hard/crtn.o
                0x08004c8c                        . = ALIGN (0x4)
                0x08004c8c                        _etext = .

.vfp11_veneer   0x08004c8c        0x0
 .vfp11_veneer  0x08004c8c        0x0 linker stubs

.v4_bx          0x08004c8c        0x0
 .v4_bx         0x08004c8c        0x0 linker stubs

.iplt           0x08004c8c        0x0
 .iplt          0x08004c8c        0x0 C:/ST/STM32CubeIDE_1.16.1/STM32CubeIDE/plugins/com.st.stm32cube.ide.mcu.externaltools.gnu-tools-for-stm32.12.3.rel1.win32_1.0.200.202406191623/tools/bin/../lib/gcc/arm-none-eabi/12.3.1/thumb/v7e-m+fp/hard/crtbegin.o

.rodata         0x08004c8c       0x20
                0x08004c8c                        . = ALIGN (0x4)
 *(.rodata)
 *(.rodata*)
 .rodata.AHBPrescTable
                0x08004c8c       0x10 ./Core/Src/system_stm32f4xx.o
                0x08004c8c                AHBPrescTable
 .rodata.APBPrescTable
                0x08004c9c        0x8 ./Core/Src/system_stm32f4xx.o
                0x08004c9c                APBPrescTable
 .rodata.flagBitshiftOffset.0
                0x08004ca4        0x8 ./Drivers/STM32F4xx_HAL_Driver/Src/stm32f4xx_hal_dma.o
                0x08004cac                        . = ALIGN (0x4)

.ARM.extab      0x08004cac        0x0
                0x08004cac                        . = ALIGN (0x4)
 *(.ARM.extab* .gnu.linkonce.armextab.*)
                0x08004cac                        . = ALIGN (0x4)

.ARM            0x08004cac        0x8
                0x08004cac                        . = ALIGN (0x4)
                0x08004cac                        __exidx_start = .
 *(.ARM.exidx*)
 .ARM.exidx     0x08004cac        0x8 C:/ST/STM32CubeIDE_1.16.1/STM32CubeIDE/plugins/com.st.stm32cube.ide.mcu.externaltools.gnu-tools-for-stm32.12.3.rel1.win32_1.0.200.202406191623/tools/bin/../lib/gcc/arm-none-eabi/12.3.1/thumb/v7e-m+fp/hard\libgcc.a(_udivmoddi4.o)
                0x08004cb4                        __exidx_end = .
                0x08004cb4                        . = ALIGN (0x4)

.preinit_array  0x08004cb4        0x0
                0x08004cb4                        . = ALIGN (0x4)
                0x08004cb4                        PROVIDE (__preinit_array_start = .)
 *(.preinit_array*)
                0x08004cb4                        PROVIDE (__preinit_array_end = .)
                0x08004cb4                        . = ALIGN (0x4)

.init_array     0x08004cb4        0x4
                0x08004cb4                        . = ALIGN (0x4)
                0x08004cb4                        PROVIDE (__init_array_start = .)
 *(SORT_BY_NAME(.init_array.*))
 *(.init_array*)
 .init_array    0x08004cb4        0x4 C:/ST/STM32CubeIDE_1.16.1/STM32CubeIDE/plugins/com.st.stm32cube.ide.mcu.externaltools.gnu-tools-for-stm32.12.3.rel1.win32_1.0.200.202406191623/tools/bin/../lib/gcc/arm-none-eabi/12.3.1/thumb/v7e-m+fp/hard/crtbegin.o
                0x08004cb8                        PROVIDE (__init_array_end = .)
                0x08004cb8                        . = ALIGN (0x4)

.fini_array     0x08004cb8        0x4
                0x08004cb8                        . = ALIGN (0x4)
                [!provide]                        PROVIDE (__fini_array_start = .)
 *(SORT_BY_NAME(.fini_array.*))
 *(.fini_array*)
 .fini_array    0x08004cb8        0x4 C:/ST/STM32CubeIDE_1.16.1/STM32CubeIDE/plugins/com.st.stm32cube.ide.mcu.externaltools.gnu-tools-for-stm32.12.3.rel1.win32_1.0.200.202406191623/tools/bin/../lib/gcc/arm-none-eabi/12.3.1/thumb/v7e-m+fp/hard/crtbegin.o
                [!provide]                        PROVIDE (__fini_array_end = .)
                0x08004cbc                        . = ALIGN (0x4)
                0x08004cbc                        _sidata = LOADADDR (.data)

.rel.dyn        0x08004cbc        0x0
 .rel.iplt      0x08004cbc        0x0 C:/ST/STM32CubeIDE_1.16.1/STM32CubeIDE/plugins/com.st.stm32cube.ide.mcu.externaltools.gnu-tools-for-stm32.12.3.rel1.win32_1.0.200.202406191623/tools/bin/../lib/gcc/arm-none-eabi/12.3.1/thumb/v7e-m+fp/hard/crtbegin.o

.data           0x20000000        0xc load address 0x08004cbc
                0x20000000                        . = ALIGN (0x4)
                0x20000000                        _sdata = .
 *(.data)
 *(.data*)
 .data.SystemCoreClock
                0x20000000        0x4 ./Core/Src/system_stm32f4xx.o
                0x20000000                SystemCoreClock
 .data.uwTickPrio
                0x20000004        0x4 ./Drivers/STM32F4xx_HAL_Driver/Src/stm32f4xx_hal.o
                0x20000004                uwTickPrio
 .data.uwTickFreq
                0x20000008        0x1 ./Drivers/STM32F4xx_HAL_Driver/Src/stm32f4xx_hal.o
                0x20000008                uwTickFreq
 *(.RamFunc)
 *(.RamFunc*)
                0x2000000c                        . = ALIGN (0x4)
 *fill*         0x20000009        0x3 
                0x2000000c                        _edata = .
                0x08004cc8                        _siccmram = LOADADDR (.ccmram)

.igot.plt       0x2000000c        0x0 load address 0x08004cc8
 .igot.plt      0x2000000c        0x0 C:/ST/STM32CubeIDE_1.16.1/STM32CubeIDE/plugins/com.st.stm32cube.ide.mcu.externaltools.gnu-tools-for-stm32.12.3.rel1.win32_1.0.200.202406191623/tools/bin/../lib/gcc/arm-none-eabi/12.3.1/thumb/v7e-m+fp/hard/crtbegin.o

.ccmram         0x10000000        0x0 load address 0x08004cc8
                0x10000000                        . = ALIGN (0x4)
                0x10000000                        _sccmram = .
 *(.ccmram)
 *(.ccmram*)
                0x10000000                        . = ALIGN (0x4)
                0x10000000                        _eccmram = .
                0x10000000                        . = ALIGN (0x4)

.bss            0x2000000c      0x4c8
                0x2000000c                        _sbss = .
                0x2000000c                        __bss_start__ = _sbss
 *(.bss)
 .bss           0x2000000c       0x1c C:/ST/STM32CubeIDE_1.16.1/STM32CubeIDE/plugins/com.st.stm32cube.ide.mcu.externaltools.gnu-tools-for-stm32.12.3.rel1.win32_1.0.200.202406191623/tools/bin/../lib/gcc/arm-none-eabi/12.3.1/thumb/v7e-m+fp/hard/crtbegin.o
 *(.bss*)
 .bss.hadc1     0x20000028       0x48 ./Core/Src/adc.o
                0x20000028                hadc1
 .bss.hdma_adc1
                0x20000070       0x60 ./Core/Src/adc.o
                0x20000070                hdma_adc1
 .bss.hi2c1     0x200000d0       0x54 ./Core/Src/i2c.o
                0x200000d0                hi2c1
 .bss.hi2c2     0x20000124       0x54 ./Core/Src/i2c.o
                0x20000124                hi2c2
 .bss.hi2c3     0x20000178       0x54 ./Core/Src/i2c.o
                0x20000178                hi2c3
 .bss.hspi1     0x200001cc       0x58 ./Core/Src/spi.o
                0x200001cc                hspi1
 .bss.htim1     0x20000224       0x48 ./Core/Src/stm32f4xx_hal_timebase_tim.o
                0x20000224                htim1
 .bss.htim3     0x2000026c       0x48 ./Core/Src/tim.o
                0x2000026c                htim3
 .bss.htim10    0x200002b4       0x48 ./Core/Src/tim.o
                0x200002b4                htim10
 .bss.htim11    0x200002fc       0x48 ./Core/Src/tim.o
                0x200002fc                htim11
 .bss.htim12    0x20000344       0x48 ./Core/Src/tim.o
                0x20000344                htim12
 .bss.htim13    0x2000038c       0x48 ./Core/Src/tim.o
                0x2000038c                htim13
 .bss.huart2    0x200003d4       0x48 ./Core/Src/usart.o
                0x200003d4                huart2
 .bss.uwTick    0x2000041c        0x4 ./Drivers/STM32F4xx_HAL_Driver/Src/stm32f4xx_hal.o
                0x2000041c                uwTick
 .bss.pxCurrentTCB
                0x20000420        0x4 ./Middlewares/Third_Party/FreeRTOS/Source/tasks.o
                0x20000420                pxCurrentTCB
 .bss.pxReadyTasksLists
                0x20000424       0x8c ./Middlewares/Third_Party/FreeRTOS/Source/tasks.o
 .bss.pxDelayedTaskList
                0x200004b0        0x4 ./Middlewares/Third_Party/FreeRTOS/Source/tasks.o
 .bss.pxOverflowDelayedTaskList
                0x200004b4        0x4 ./Middlewares/Third_Party/FreeRTOS/Source/tasks.o
 .bss.xTickCount
                0x200004b8        0x4 ./Middlewares/Third_Party/FreeRTOS/Source/tasks.o
 .bss.uxTopReadyPriority
                0x200004bc        0x4 ./Middlewares/Third_Party/FreeRTOS/Source/tasks.o
 .bss.xPendedTicks
                0x200004c0        0x4 ./Middlewares/Third_Party/FreeRTOS/Source/tasks.o
 .bss.xYieldPending
                0x200004c4        0x4 ./Middlewares/Third_Party/FreeRTOS/Source/tasks.o
 .bss.xNumOfOverflows
                0x200004c8        0x4 ./Middlewares/Third_Party/FreeRTOS/Source/tasks.o
 .bss.xNextTaskUnblockTime
                0x200004cc        0x4 ./Middlewares/Third_Party/FreeRTOS/Source/tasks.o
 .bss.uxSchedulerSuspended
                0x200004d0        0x4 ./Middlewares/Third_Party/FreeRTOS/Source/tasks.o
 *(COMMON)
                0x200004d4                        . = ALIGN (0x4)
                0x200004d4                        _ebss = .
                0x200004d4                        __bss_end__ = _ebss

._user_heap_stack
                0x200004d4      0x604
                0x200004d8                        . = ALIGN (0x8)
 *fill*         0x200004d4        0x4 
                [!provide]                        PROVIDE (end = .)
                0x200004d8                        PROVIDE (_end = .)
                0x200006d8                        . = (. + _Min_Heap_Size)
 *fill*         0x200004d8      0x200 
                0x20000ad8                        . = (. + _Min_Stack_Size)
 *fill*         0x200006d8      0x400 
                0x20000ad8                        . = ALIGN (0x8)

/DISCARD/
 libc.a(*)
 libm.a(*)
 libgcc.a(*)

.ARM.attributes
                0x00000000       0x30
 *(.ARM.attributes)
 .ARM.attributes
                0x00000000       0x22 C:/ST/STM32CubeIDE_1.16.1/STM32CubeIDE/plugins/com.st.stm32cube.ide.mcu.externaltools.gnu-tools-for-stm32.12.3.rel1.win32_1.0.200.202406191623/tools/bin/../lib/gcc/arm-none-eabi/12.3.1/thumb/v7e-m+fp/hard/crti.o
 .ARM.attributes
                0x00000022       0x34 C:/ST/STM32CubeIDE_1.16.1/STM32CubeIDE/plugins/com.st.stm32cube.ide.mcu.externaltools.gnu-tools-for-stm32.12.3.rel1.win32_1.0.200.202406191623/tools/bin/../lib/gcc/arm-none-eabi/12.3.1/thumb/v7e-m+fp/hard/crtbegin.o
 .ARM.attributes
                0x00000056       0x34 ./Core/Src/adc.o
 .ARM.attributes
                0x0000008a       0x34 ./Core/Src/dma.o
 .ARM.attributes
                0x000000be       0x34 ./Core/Src/gpio.o
 .ARM.attributes
                0x000000f2       0x34 ./Core/Src/i2c.o
 .ARM.attributes
                0x00000126       0x34 ./Core/Src/main.o
 .ARM.attributes
                0x0000015a       0x34 ./Core/Src/spi.o
 .ARM.attributes
                0x0000018e       0x34 ./Core/Src/stm32f4xx_hal_msp.o
 .ARM.attributes
                0x000001c2       0x34 ./Core/Src/stm32f4xx_hal_timebase_tim.o
 .ARM.attributes
                0x000001f6       0x34 ./Core/Src/stm32f4xx_it.o
 .ARM.attributes
                0x0000022a       0x34 ./Core/Src/system_stm32f4xx.o
 .ARM.attributes
                0x0000025e       0x34 ./Core/Src/tim.o
 .ARM.attributes
                0x00000292       0x34 ./Core/Src/usart.o
 .ARM.attributes
                0x000002c6       0x21 ./Core/Startup/startup_stm32f405rgtx.o
 .ARM.attributes
                0x000002e7       0x34 ./Drivers/STM32F4xx_HAL_Driver/Src/stm32f4xx_hal.o
 .ARM.attributes
                0x0000031b       0x34 ./Drivers/STM32F4xx_HAL_Driver/Src/stm32f4xx_hal_adc.o
 .ARM.attributes
                0x0000034f       0x34 ./Drivers/STM32F4xx_HAL_Driver/Src/stm32f4xx_hal_cortex.o
 .ARM.attributes
                0x00000383       0x34 ./Drivers/STM32F4xx_HAL_Driver/Src/stm32f4xx_hal_dma.o
 .ARM.attributes
                0x000003b7       0x34 ./Drivers/STM32F4xx_HAL_Driver/Src/stm32f4xx_hal_gpio.o
 .ARM.attributes
                0x000003eb       0x34 ./Drivers/STM32F4xx_HAL_Driver/Src/stm32f4xx_hal_i2c.o
 .ARM.attributes
                0x0000041f       0x34 ./Drivers/STM32F4xx_HAL_Driver/Src/stm32f4xx_hal_rcc.o
 .ARM.attributes
                0x00000453       0x34 ./Drivers/STM32F4xx_HAL_Driver/Src/stm32f4xx_hal_spi.o
 .ARM.attributes
                0x00000487       0x34 ./Drivers/STM32F4xx_HAL_Driver/Src/stm32f4xx_hal_tim.o
 .ARM.attributes
                0x000004bb       0x34 ./Drivers/STM32F4xx_HAL_Driver/Src/stm32f4xx_hal_tim_ex.o
 .ARM.attributes
                0x000004ef       0x34 ./Drivers/STM32F4xx_HAL_Driver/Src/stm32f4xx_hal_uart.o
 .ARM.attributes
                0x00000523       0x34 ./Middlewares/Third_Party/FreeRTOS/Source/list.o
 .ARM.attributes
                0x00000557       0x34 ./Middlewares/Third_Party/FreeRTOS/Source/tasks.o
 .ARM.attributes
                0x0000058b       0x34 ./Middlewares/Third_Party/FreeRTOS/Source/portable/GCC/ARM_CM4F/port.o
 .ARM.attributes
                0x000005bf       0x34 C:/ST/STM32CubeIDE_1.16.1/STM32CubeIDE/plugins/com.st.stm32cube.ide.mcu.externaltools.gnu-tools-for-stm32.12.3.rel1.win32_1.0.200.202406191623/tools/bin/../lib/gcc/arm-none-eabi/12.3.1/../../../../arm-none-eabi/lib/thumb/v7e-m+fp/hard\libc_nano.a(libc_a-memset.o)
 .ARM.attributes
                0x000005f3       0x34 C:/ST/STM32CubeIDE_1.16.1/STM32CubeIDE/plugins/com.st.stm32cube.ide.mcu.externaltools.gnu-tools-for-stm32.12.3.rel1.win32_1.0.200.202406191623/tools/bin/../lib/gcc/arm-none-eabi/12.3.1/../../../../arm-none-eabi/lib/thumb/v7e-m+fp/hard\libc_nano.a(libc_a-init.o)
 .ARM.attributes
                0x00000627       0x22 C:/ST/STM32CubeIDE_1.16.1/STM32CubeIDE/plugins/com.st.stm32cube.ide.mcu.externaltools.gnu-tools-for-stm32.12.3.rel1.win32_1.0.200.202406191623/tools/bin/../lib/gcc/arm-none-eabi/12.3.1/thumb/v7e-m+fp/hard\libgcc.a(_aeabi_uldivmod.o)
 .ARM.attributes
                0x00000649       0x34 C:/ST/STM32CubeIDE_1.16.1/STM32CubeIDE/plugins/com.st.stm32cube.ide.mcu.externaltools.gnu-tools-for-stm32.12.3.rel1.win32_1.0.200.202406191623/tools/bin/../lib/gcc/arm-none-eabi/12.3.1/thumb/v7e-m+fp/hard\libgcc.a(_udivmoddi4.o)
 .ARM.attributes
                0x0000067d       0x22 C:/ST/STM32CubeIDE_1.16.1/STM32CubeIDE/plugins/com.st.stm32cube.ide.mcu.externaltools.gnu-tools-for-stm32.12.3.rel1.win32_1.0.200.202406191623/tools/bin/../lib/gcc/arm-none-eabi/12.3.1/thumb/v7e-m+fp/hard\libgcc.a(_dvmd_tls.o)
 .ARM.attributes
                0x0000069f       0x22 C:/ST/STM32CubeIDE_1.16.1/STM32CubeIDE/plugins/com.st.stm32cube.ide.mcu.externaltools.gnu-tools-for-stm32.12.3.rel1.win32_1.0.200.202406191623/tools/bin/../lib/gcc/arm-none-eabi/12.3.1/thumb/v7e-m+fp/hard/crtn.o
OUTPUT(Copyrat_F405RG.elf elf32-littlearm)
LOAD linker stubs
LOAD C:/ST/STM32CubeIDE_1.16.1/STM32CubeIDE/plugins/com.st.stm32cube.ide.mcu.externaltools.gnu-tools-for-stm32.12.3.rel1.win32_1.0.200.202406191623/tools/bin/../lib/gcc/arm-none-eabi/12.3.1/../../../../arm-none-eabi/lib/thumb/v7e-m+fp/hard\libc.a
LOAD C:/ST/STM32CubeIDE_1.16.1/STM32CubeIDE/plugins/com.st.stm32cube.ide.mcu.externaltools.gnu-tools-for-stm32.12.3.rel1.win32_1.0.200.202406191623/tools/bin/../lib/gcc/arm-none-eabi/12.3.1/../../../../arm-none-eabi/lib/thumb/v7e-m+fp/hard\libm.a
LOAD C:/ST/STM32CubeIDE_1.16.1/STM32CubeIDE/plugins/com.st.stm32cube.ide.mcu.externaltools.gnu-tools-for-stm32.12.3.rel1.win32_1.0.200.202406191623/tools/bin/../lib/gcc/arm-none-eabi/12.3.1/thumb/v7e-m+fp/hard\libgcc.a

.debug_info     0x00000000    0x16e4c
 .debug_info    0x00000000      0x9d5 ./Core/Src/adc.o
 .debug_info    0x000009d5      0x49b ./Core/Src/dma.o
 .debug_info    0x00000e70      0x425 ./Core/Src/gpio.o
 .debug_info    0x00001295      0xa3a ./Core/Src/i2c.o
 .debug_info    0x00001ccf      0xafc ./Core/Src/main.o
 .debug_info    0x000027cb      0x94d ./Core/Src/spi.o
 .debug_info    0x00003118      0x4a5 ./Core/Src/stm32f4xx_hal_msp.o
 .debug_info    0x000035bd      0xbce ./Core/Src/stm32f4xx_hal_timebase_tim.o
 .debug_info    0x0000418b      0x6de ./Core/Src/stm32f4xx_it.o
 .debug_info    0x00004869      0x512 ./Core/Src/system_stm32f4xx.o
 .debug_info    0x00004d7b     0x1076 ./Core/Src/tim.o
 .debug_info    0x00005df1      0x91d ./Core/Src/usart.o
 .debug_info    0x0000670e       0x30 ./Core/Startup/startup_stm32f405rgtx.o
 .debug_info    0x0000673e      0x932 ./Drivers/STM32F4xx_HAL_Driver/Src/stm32f4xx_hal.o
 .debug_info    0x00007070      0xcd4 ./Drivers/STM32F4xx_HAL_Driver/Src/stm32f4xx_hal_adc.o
 .debug_info    0x00007d44      0xd7a ./Drivers/STM32F4xx_HAL_Driver/Src/stm32f4xx_hal_cortex.o
 .debug_info    0x00008abe      0x8e7 ./Drivers/STM32F4xx_HAL_Driver/Src/stm32f4xx_hal_dma.o
 .debug_info    0x000093a5      0x6c3 ./Drivers/STM32F4xx_HAL_Driver/Src/stm32f4xx_hal_gpio.o
 .debug_info    0x00009a68     0x2415 ./Drivers/STM32F4xx_HAL_Driver/Src/stm32f4xx_hal_i2c.o
 .debug_info    0x0000be7d      0x8af ./Drivers/STM32F4xx_HAL_Driver/Src/stm32f4xx_hal_rcc.o
 .debug_info    0x0000c72c     0x1525 ./Drivers/STM32F4xx_HAL_Driver/Src/stm32f4xx_hal_spi.o
 .debug_info    0x0000dc51     0x299d ./Drivers/STM32F4xx_HAL_Driver/Src/stm32f4xx_hal_tim.o
 .debug_info    0x000105ee     0x14db ./Drivers/STM32F4xx_HAL_Driver/Src/stm32f4xx_hal_tim_ex.o
 .debug_info    0x00011ac9     0x2f4f ./Drivers/STM32F4xx_HAL_Driver/Src/stm32f4xx_hal_uart.o
 .debug_info    0x00014a18      0x2af ./Middlewares/Third_Party/FreeRTOS/Source/list.o
 .debug_info    0x00014cc7     0x1ca7 ./Middlewares/Third_Party/FreeRTOS/Source/tasks.o
 .debug_info    0x0001696e      0x4de ./Middlewares/Third_Party/FreeRTOS/Source/portable/GCC/ARM_CM4F/port.o

.debug_abbrev   0x00000000     0x36ff
 .debug_abbrev  0x00000000      0x205 ./Core/Src/adc.o
 .debug_abbrev  0x00000205      0x10e ./Core/Src/dma.o
 .debug_abbrev  0x00000313      0x152 ./Core/Src/gpio.o
 .debug_abbrev  0x00000465      0x1f7 ./Core/Src/i2c.o
 .debug_abbrev  0x0000065c      0x220 ./Core/Src/main.o
 .debug_abbrev  0x0000087c      0x1fa ./Core/Src/spi.o
 .debug_abbrev  0x00000a76      0x119 ./Core/Src/stm32f4xx_hal_msp.o
 .debug_abbrev  0x00000b8f      0x1f4 ./Core/Src/stm32f4xx_hal_timebase_tim.o
 .debug_abbrev  0x00000d83      0x181 ./Core/Src/stm32f4xx_it.o
 .debug_abbrev  0x00000f04      0x11a ./Core/Src/system_stm32f4xx.o
 .debug_abbrev  0x0000101e      0x278 ./Core/Src/tim.o
 .debug_abbrev  0x00001296      0x1f9 ./Core/Src/usart.o
 .debug_abbrev  0x0000148f       0x24 ./Core/Startup/startup_stm32f405rgtx.o
 .debug_abbrev  0x000014b3      0x214 ./Drivers/STM32F4xx_HAL_Driver/Src/stm32f4xx_hal.o
 .debug_abbrev  0x000016c7      0x252 ./Drivers/STM32F4xx_HAL_Driver/Src/stm32f4xx_hal_adc.o
 .debug_abbrev  0x00001919      0x31d ./Drivers/STM32F4xx_HAL_Driver/Src/stm32f4xx_hal_cortex.o
 .debug_abbrev  0x00001c36      0x264 ./Drivers/STM32F4xx_HAL_Driver/Src/stm32f4xx_hal_dma.o
 .debug_abbrev  0x00001e9a      0x1d4 ./Drivers/STM32F4xx_HAL_Driver/Src/stm32f4xx_hal_gpio.o
 .debug_abbrev  0x0000206e      0x2ad ./Drivers/STM32F4xx_HAL_Driver/Src/stm32f4xx_hal_i2c.o
 .debug_abbrev  0x0000231b      0x2b7 ./Drivers/STM32F4xx_HAL_Driver/Src/stm32f4xx_hal_rcc.o
 .debug_abbrev  0x000025d2      0x27a ./Drivers/STM32F4xx_HAL_Driver/Src/stm32f4xx_hal_spi.o
 .debug_abbrev  0x0000284c      0x278 ./Drivers/STM32F4xx_HAL_Driver/Src/stm32f4xx_hal_tim.o
 .debug_abbrev  0x00002ac4      0x283 ./Drivers/STM32F4xx_HAL_Driver/Src/stm32f4xx_hal_tim_ex.o
 .debug_abbrev  0x00002d47      0x30e ./Drivers/STM32F4xx_HAL_Driver/Src/stm32f4xx_hal_uart.o
 .debug_abbrev  0x00003055       0xf5 ./Middlewares/Third_Party/FreeRTOS/Source/list.o
 .debug_abbrev  0x0000314a      0x359 ./Middlewares/Third_Party/FreeRTOS/Source/tasks.o
 .debug_abbrev  0x000034a3      0x25c ./Middlewares/Third_Party/FreeRTOS/Source/portable/GCC/ARM_CM4F/port.o

.debug_aranges  0x00000000     0x1550
 .debug_aranges
                0x00000000       0x30 ./Core/Src/adc.o
 .debug_aranges
                0x00000030       0x20 ./Core/Src/dma.o
 .debug_aranges
                0x00000050       0x20 ./Core/Src/gpio.o
 .debug_aranges
                0x00000070       0x40 ./Core/Src/i2c.o
 .debug_aranges
                0x000000b0       0x38 ./Core/Src/main.o
 .debug_aranges
                0x000000e8       0x30 ./Core/Src/spi.o
 .debug_aranges
                0x00000118       0x20 ./Core/Src/stm32f4xx_hal_msp.o
 .debug_aranges
                0x00000138       0x30 ./Core/Src/stm32f4xx_hal_timebase_tim.o
 .debug_aranges
                0x00000168       0x58 ./Core/Src/stm32f4xx_it.o
 .debug_aranges
                0x000001c0       0x28 ./Core/Src/system_stm32f4xx.o
 .debug_aranges
                0x000001e8       0x68 ./Core/Src/tim.o
 .debug_aranges
                0x00000250       0x30 ./Core/Src/usart.o
 .debug_aranges
                0x00000280       0x28 ./Core/Startup/startup_stm32f405rgtx.o
 .debug_aranges
                0x000002a8       0xf0 ./Drivers/STM32F4xx_HAL_Driver/Src/stm32f4xx_hal.o
 .debug_aranges
                0x00000398       0xe8 ./Drivers/STM32F4xx_HAL_Driver/Src/stm32f4xx_hal_adc.o
 .debug_aranges
                0x00000480      0x130 ./Drivers/STM32F4xx_HAL_Driver/Src/stm32f4xx_hal_cortex.o
 .debug_aranges
                0x000005b0       0x90 ./Drivers/STM32F4xx_HAL_Driver/Src/stm32f4xx_hal_dma.o
 .debug_aranges
                0x00000640       0x58 ./Drivers/STM32F4xx_HAL_Driver/Src/stm32f4xx_hal_gpio.o
 .debug_aranges
                0x00000698      0x2a8 ./Drivers/STM32F4xx_HAL_Driver/Src/stm32f4xx_hal_i2c.o
 .debug_aranges
                0x00000940       0x88 ./Drivers/STM32F4xx_HAL_Driver/Src/stm32f4xx_hal_rcc.o
 .debug_aranges
                0x000009c8      0x1d0 ./Drivers/STM32F4xx_HAL_Driver/Src/stm32f4xx_hal_spi.o
 .debug_aranges
                0x00000b98      0x3d0 ./Drivers/STM32F4xx_HAL_Driver/Src/stm32f4xx_hal_tim.o
 .debug_aranges
                0x00000f68      0x168 ./Drivers/STM32F4xx_HAL_Driver/Src/stm32f4xx_hal_tim_ex.o
 .debug_aranges
                0x000010d0      0x208 ./Drivers/STM32F4xx_HAL_Driver/Src/stm32f4xx_hal_uart.o
 .debug_aranges
                0x000012d8       0x40 ./Middlewares/Third_Party/FreeRTOS/Source/list.o
 .debug_aranges
                0x00001318      0x1b8 ./Middlewares/Third_Party/FreeRTOS/Source/tasks.o
 .debug_aranges
                0x000014d0       0x80 ./Middlewares/Third_Party/FreeRTOS/Source/portable/GCC/ARM_CM4F/port.o

.debug_rnglists
                0x00000000     0x10b5
 .debug_rnglists
                0x00000000       0x21 ./Core/Src/adc.o
 .debug_rnglists
                0x00000021       0x13 ./Core/Src/dma.o
 .debug_rnglists
                0x00000034       0x14 ./Core/Src/gpio.o
 .debug_rnglists
                0x00000048       0x2d ./Core/Src/i2c.o
 .debug_rnglists
                0x00000075       0x26 ./Core/Src/main.o
 .debug_rnglists
                0x0000009b       0x20 ./Core/Src/spi.o
 .debug_rnglists
                0x000000bb       0x13 ./Core/Src/stm32f4xx_hal_msp.o
 .debug_rnglists
                0x000000ce       0x20 ./Core/Src/stm32f4xx_hal_timebase_tim.o
 .debug_rnglists
                0x000000ee       0x3d ./Core/Src/stm32f4xx_it.o
 .debug_rnglists
                0x0000012b       0x1a ./Core/Src/system_stm32f4xx.o
 .debug_rnglists
                0x00000145       0x51 ./Core/Src/tim.o
 .debug_rnglists
                0x00000196       0x20 ./Core/Src/usart.o
 .debug_rnglists
                0x000001b6       0x19 ./Core/Startup/startup_stm32f405rgtx.o
 .debug_rnglists
                0x000001cf       0xaf ./Drivers/STM32F4xx_HAL_Driver/Src/stm32f4xx_hal.o
 .debug_rnglists
                0x0000027e       0xb5 ./Drivers/STM32F4xx_HAL_Driver/Src/stm32f4xx_hal_adc.o
 .debug_rnglists
                0x00000333       0xe0 ./Drivers/STM32F4xx_HAL_Driver/Src/stm32f4xx_hal_cortex.o
 .debug_rnglists
                0x00000413       0x70 ./Drivers/STM32F4xx_HAL_Driver/Src/stm32f4xx_hal_dma.o
 .debug_rnglists
                0x00000483       0x3f ./Drivers/STM32F4xx_HAL_Driver/Src/stm32f4xx_hal_gpio.o
 .debug_rnglists
                0x000004c2      0x23c ./Drivers/STM32F4xx_HAL_Driver/Src/stm32f4xx_hal_i2c.o
 .debug_rnglists
                0x000006fe       0x66 ./Drivers/STM32F4xx_HAL_Driver/Src/stm32f4xx_hal_rcc.o
 .debug_rnglists
                0x00000764      0x16f ./Drivers/STM32F4xx_HAL_Driver/Src/stm32f4xx_hal_spi.o
 .debug_rnglists
                0x000008d3      0x31a ./Drivers/STM32F4xx_HAL_Driver/Src/stm32f4xx_hal_tim.o
 .debug_rnglists
                0x00000bed      0x125 ./Drivers/STM32F4xx_HAL_Driver/Src/stm32f4xx_hal_tim_ex.o
 .debug_rnglists
                0x00000d12      0x1bc ./Drivers/STM32F4xx_HAL_Driver/Src/stm32f4xx_hal_uart.o
 .debug_rnglists
                0x00000ece       0x2b ./Middlewares/Third_Party/FreeRTOS/Source/list.o
 .debug_rnglists
                0x00000ef9      0x15f ./Middlewares/Third_Party/FreeRTOS/Source/tasks.o
 .debug_rnglists
                0x00001058       0x5d ./Middlewares/Third_Party/FreeRTOS/Source/portable/GCC/ARM_CM4F/port.o

.debug_macro    0x00000000    0x21e9b
 .debug_macro   0x00000000      0x233 ./Core/Src/adc.o
 .debug_macro   0x00000233      0xaba ./Core/Src/adc.o
 .debug_macro   0x00000ced      0x2ad ./Core/Src/adc.o
 .debug_macro   0x00000f9a       0x2e ./Core/Src/adc.o
 .debug_macro   0x00000fc8       0x2f ./Core/Src/adc.o
 .debug_macro   0x00000ff7       0x22 ./Core/Src/adc.o
 .debug_macro   0x00001019       0x8e ./Core/Src/adc.o
 .debug_macro   0x000010a7       0x51 ./Core/Src/adc.o
 .debug_macro   0x000010f8      0x103 ./Core/Src/adc.o
 .debug_macro   0x000011fb       0x6a ./Core/Src/adc.o
 .debug_macro   0x00001265      0x1df ./Core/Src/adc.o
 .debug_macro   0x00001444       0x1c ./Core/Src/adc.o
 .debug_macro   0x00001460       0x22 ./Core/Src/adc.o
 .debug_macro   0x00001482       0xfb ./Core/Src/adc.o
 .debug_macro   0x0000157d     0x1011 ./Core/Src/adc.o
 .debug_macro   0x0000258e      0x11f ./Core/Src/adc.o
 .debug_macro   0x000026ad    0x1426d ./Core/Src/adc.o
 .debug_macro   0x0001691a       0x6d ./Core/Src/adc.o
 .debug_macro   0x00016987     0x369a ./Core/Src/adc.o
 .debug_macro   0x0001a021      0x189 ./Core/Src/adc.o
 .debug_macro   0x0001a1aa       0x5c ./Core/Src/adc.o
 .debug_macro   0x0001a206      0x8bc ./Core/Src/adc.o
 .debug_macro   0x0001aac2      0x9e9 ./Core/Src/adc.o
 .debug_macro   0x0001b4ab      0x115 ./Core/Src/adc.o
 .debug_macro   0x0001b5c0      0x130 ./Core/Src/adc.o
 .debug_macro   0x0001b6f0       0xa5 ./Core/Src/adc.o
 .debug_macro   0x0001b795      0x174 ./Core/Src/adc.o
 .debug_macro   0x0001b909      0x287 ./Core/Src/adc.o
 .debug_macro   0x0001bb90       0x5f ./Core/Src/adc.o
 .debug_macro   0x0001bbef      0x236 ./Core/Src/adc.o
 .debug_macro   0x0001be25      0xb5b ./Core/Src/adc.o
 .debug_macro   0x0001c980      0x38b ./Core/Src/adc.o
 .debug_macro   0x0001cd0b      0x176 ./Core/Src/adc.o
 .debug_macro   0x0001ce81       0xf9 ./Core/Src/adc.o
 .debug_macro   0x0001cf7a      0x12c ./Core/Src/adc.o
 .debug_macro   0x0001d0a6      0x21e ./Core/Src/adc.o
 .debug_macro   0x0001d2c4       0x2e ./Core/Src/adc.o
 .debug_macro   0x0001d2f2      0x1b5 ./Core/Src/adc.o
 .debug_macro   0x0001d4a7       0xd6 ./Core/Src/adc.o
 .debug_macro   0x0001d57d      0x127 ./Core/Src/adc.o
 .debug_macro   0x0001d6a4       0x7e ./Core/Src/adc.o
 .debug_macro   0x0001d722       0x89 ./Core/Src/adc.o
 .debug_macro   0x0001d7ab      0x225 ./Core/Src/adc.o
 .debug_macro   0x0001d9d0      0x8ed ./Core/Src/adc.o
 .debug_macro   0x0001e2bd       0x4d ./Core/Src/adc.o
 .debug_macro   0x0001e30a      0x2aa ./Core/Src/adc.o
 .debug_macro   0x0001e5b4      0x12d ./Core/Src/adc.o
 .debug_macro   0x0001e6e1       0x34 ./Core/Src/adc.o
 .debug_macro   0x0001e715      0x233 ./Core/Src/dma.o
 .debug_macro   0x0001e948      0x233 ./Core/Src/gpio.o
 .debug_macro   0x0001eb7b      0x233 ./Core/Src/i2c.o
 .debug_macro   0x0001edae      0x326 ./Core/Src/main.o
 .debug_macro   0x0001f0d4       0xea ./Core/Src/main.o
 .debug_macro   0x0001f1be      0x233 ./Core/Src/spi.o
 .debug_macro   0x0001f3f1      0x229 ./Core/Src/stm32f4xx_hal_msp.o
 .debug_macro   0x0001f61a      0x21a ./Core/Src/stm32f4xx_hal_timebase_tim.o
 .debug_macro   0x0001f834      0x233 ./Core/Src/stm32f4xx_it.o
 .debug_macro   0x0001fa67      0x21a ./Core/Src/system_stm32f4xx.o
 .debug_macro   0x0001fc81      0x233 ./Core/Src/tim.o
 .debug_macro   0x0001feb4      0x233 ./Core/Src/usart.o
 .debug_macro   0x000200e7      0x27a ./Drivers/STM32F4xx_HAL_Driver/Src/stm32f4xx_hal.o
 .debug_macro   0x00020361      0x21b ./Drivers/STM32F4xx_HAL_Driver/Src/stm32f4xx_hal_adc.o
 .debug_macro   0x0002057c      0x21a ./Drivers/STM32F4xx_HAL_Driver/Src/stm32f4xx_hal_cortex.o
 .debug_macro   0x00020796      0x220 ./Drivers/STM32F4xx_HAL_Driver/Src/stm32f4xx_hal_dma.o
 .debug_macro   0x000209b6      0x220 ./Drivers/STM32F4xx_HAL_Driver/Src/stm32f4xx_hal_gpio.o
 .debug_macro   0x00020bd6      0x268 ./Drivers/STM32F4xx_HAL_Driver/Src/stm32f4xx_hal_i2c.o
 .debug_macro   0x00020e3e      0x23e ./Drivers/STM32F4xx_HAL_Driver/Src/stm32f4xx_hal_rcc.o
 .debug_macro   0x0002107c      0x229 ./Drivers/STM32F4xx_HAL_Driver/Src/stm32f4xx_hal_spi.o
 .debug_macro   0x000212a5      0x21b ./Drivers/STM32F4xx_HAL_Driver/Src/stm32f4xx_hal_tim.o
 .debug_macro   0x000214c0      0x21a ./Drivers/STM32F4xx_HAL_Driver/Src/stm32f4xx_hal_tim_ex.o
 .debug_macro   0x000216da      0x21b ./Drivers/STM32F4xx_HAL_Driver/Src/stm32f4xx_hal_uart.o
 .debug_macro   0x000218f5      0x187 ./Middlewares/Third_Party/FreeRTOS/Source/list.o
 .debug_macro   0x00021a7c      0x279 ./Middlewares/Third_Party/FreeRTOS/Source/tasks.o
 .debug_macro   0x00021cf5       0x10 ./Middlewares/Third_Party/FreeRTOS/Source/tasks.o
 .debug_macro   0x00021d05      0x196 ./Middlewares/Third_Party/FreeRTOS/Source/portable/GCC/ARM_CM4F/port.o

.debug_line     0x00000000    0x1c09d
 .debug_line    0x00000000      0x8c2 ./Core/Src/adc.o
 .debug_line    0x000008c2      0x7d9 ./Core/Src/dma.o
 .debug_line    0x0000109b      0x82e ./Core/Src/gpio.o
 .debug_line    0x000018c9      0x934 ./Core/Src/i2c.o
 .debug_line    0x000021fd      0xa3c ./Core/Src/main.o
 .debug_line    0x00002c39      0x84f ./Core/Src/spi.o
 .debug_line    0x00003488      0x7de ./Core/Src/stm32f4xx_hal_msp.o
 .debug_line    0x00003c66      0x84e ./Core/Src/stm32f4xx_hal_timebase_tim.o
 .debug_line    0x000044b4      0x893 ./Core/Src/stm32f4xx_it.o
 .debug_line    0x00004d47      0x862 ./Core/Src/system_stm32f4xx.o
 .debug_line    0x000055a9      0xb2f ./Core/Src/tim.o
 .debug_line    0x000060d8      0x847 ./Core/Src/usart.o
 .debug_line    0x0000691f       0x7a ./Core/Startup/startup_stm32f405rgtx.o
 .debug_line    0x00006999      0xacb ./Drivers/STM32F4xx_HAL_Driver/Src/stm32f4xx_hal.o
 .debug_line    0x00007464     0x1353 ./Drivers/STM32F4xx_HAL_Driver/Src/stm32f4xx_hal_adc.o
 .debug_line    0x000087b7      0xdbd ./Drivers/STM32F4xx_HAL_Driver/Src/stm32f4xx_hal_cortex.o
 .debug_line    0x00009574     0x103b ./Drivers/STM32F4xx_HAL_Driver/Src/stm32f4xx_hal_dma.o
 .debug_line    0x0000a5af      0xc57 ./Drivers/STM32F4xx_HAL_Driver/Src/stm32f4xx_hal_gpio.o
 .debug_line    0x0000b206     0x3c11 ./Drivers/STM32F4xx_HAL_Driver/Src/stm32f4xx_hal_i2c.o
 .debug_line    0x0000ee17      0xe54 ./Drivers/STM32F4xx_HAL_Driver/Src/stm32f4xx_hal_rcc.o
 .debug_line    0x0000fc6b     0x1de9 ./Drivers/STM32F4xx_HAL_Driver/Src/stm32f4xx_hal_spi.o
 .debug_line    0x00011a54     0x386f ./Drivers/STM32F4xx_HAL_Driver/Src/stm32f4xx_hal_tim.o
 .debug_line    0x000152c3     0x1ac1 ./Drivers/STM32F4xx_HAL_Driver/Src/stm32f4xx_hal_tim_ex.o
 .debug_line    0x00016d84     0x299d ./Drivers/STM32F4xx_HAL_Driver/Src/stm32f4xx_hal_uart.o
 .debug_line    0x00019721      0x796 ./Middlewares/Third_Party/FreeRTOS/Source/list.o
 .debug_line    0x00019eb7     0x19ad ./Middlewares/Third_Party/FreeRTOS/Source/tasks.o
 .debug_line    0x0001b864      0x839 ./Middlewares/Third_Party/FreeRTOS/Source/portable/GCC/ARM_CM4F/port.o

.debug_str      0x00000000    0xd86d7
 .debug_str     0x00000000    0xc87c9 ./Core/Src/adc.o
                              0xc8ad4 (size before relaxing)
 .debug_str     0x000c87c9      0x50b ./Core/Src/dma.o
                              0xc8a6d (size before relaxing)
 .debug_str     0x000c8cd4       0x68 ./Core/Src/gpio.o
                              0xc863c (size before relaxing)
 .debug_str     0x000c8d3c      0x2f9 ./Core/Src/i2c.o
                              0xc8b91 (size before relaxing)
 .debug_str     0x000c9035     0x641a ./Core/Src/main.o
                              0xcecee (size before relaxing)
 .debug_str     0x000cf44f      0x1f9 ./Core/Src/spi.o
                              0xc8ac8 (size before relaxing)
 .debug_str     0x000cf648       0x2c ./Core/Src/stm32f4xx_hal_msp.o
                              0xc8a5d (size before relaxing)
 .debug_str     0x000cf674       0xf7 ./Core/Src/stm32f4xx_hal_timebase_tim.o
                              0xc9014 (size before relaxing)
 .debug_str     0x000cf76b       0xf0 ./Core/Src/stm32f4xx_it.o
                              0xc8a63 (size before relaxing)
 .debug_str     0x000cf85b       0xdb ./Core/Src/system_stm32f4xx.o
                              0xc854e (size before relaxing)
 .debug_str     0x000cf936      0x230 ./Core/Src/tim.o
                              0xc92fb (size before relaxing)
 .debug_str     0x000cfb66      0x1e4 ./Core/Src/usart.o
                              0xc8af9 (size before relaxing)
 .debug_str     0x000cfd4a       0x44 ./Core/Startup/startup_stm32f405rgtx.o
                                 0x86 (size before relaxing)
 .debug_str     0x000cfd8e      0x5c9 ./Drivers/STM32F4xx_HAL_Driver/Src/stm32f4xx_hal.o
                              0xc90b1 (size before relaxing)
 .debug_str     0x000d0357      0x2c6 ./Drivers/STM32F4xx_HAL_Driver/Src/stm32f4xx_hal_adc.o
                              0xc8b3b (size before relaxing)
 .debug_str     0x000d061d      0x36b ./Drivers/STM32F4xx_HAL_Driver/Src/stm32f4xx_hal_cortex.o
                              0xc8e2d (size before relaxing)
 .debug_str     0x000d0988      0x2c7 ./Drivers/STM32F4xx_HAL_Driver/Src/stm32f4xx_hal_dma.o
                              0xc8968 (size before relaxing)
 .debug_str     0x000d0c4f      0x121 ./Drivers/STM32F4xx_HAL_Driver/Src/stm32f4xx_hal_gpio.o
                              0xc86c9 (size before relaxing)
 .debug_str     0x000d0d70      0xb0e ./Drivers/STM32F4xx_HAL_Driver/Src/stm32f4xx_hal_i2c.o
                              0xc956c (size before relaxing)
 .debug_str     0x000d187e      0x1dd ./Drivers/STM32F4xx_HAL_Driver/Src/stm32f4xx_hal_rcc.o
                              0xc8982 (size before relaxing)
 .debug_str     0x000d1a5b      0x557 ./Drivers/STM32F4xx_HAL_Driver/Src/stm32f4xx_hal_spi.o
                              0xc8e0c (size before relaxing)
 .debug_str     0x000d1fb2      0xce5 ./Drivers/STM32F4xx_HAL_Driver/Src/stm32f4xx_hal_tim.o
                              0xc98d8 (size before relaxing)
 .debug_str     0x000d2c97      0x493 ./Drivers/STM32F4xx_HAL_Driver/Src/stm32f4xx_hal_tim_ex.o
                              0xc90e4 (size before relaxing)
 .debug_str     0x000d312a      0x60e ./Drivers/STM32F4xx_HAL_Driver/Src/stm32f4xx_hal_uart.o
                              0xc8f63 (size before relaxing)
 .debug_str     0x000d3738     0x3307 ./Middlewares/Third_Party/FreeRTOS/Source/list.o
                               0xab22 (size before relaxing)
 .debug_str     0x000d6a3f     0x1515 ./Middlewares/Third_Party/FreeRTOS/Source/tasks.o
                               0xce8d (size before relaxing)
 .debug_str     0x000d7f54      0x783 ./Middlewares/Third_Party/FreeRTOS/Source/portable/GCC/ARM_CM4F/port.o
                               0x8767 (size before relaxing)

.comment        0x00000000       0x43
 .comment       0x00000000       0x43 ./Core/Src/adc.o
                                 0x44 (size before relaxing)
 .comment       0x00000043       0x44 ./Core/Src/dma.o
 .comment       0x00000043       0x44 ./Core/Src/gpio.o
 .comment       0x00000043       0x44 ./Core/Src/i2c.o
 .comment       0x00000043       0x44 ./Core/Src/main.o
 .comment       0x00000043       0x44 ./Core/Src/spi.o
 .comment       0x00000043       0x44 ./Core/Src/stm32f4xx_hal_msp.o
 .comment       0x00000043       0x44 ./Core/Src/stm32f4xx_hal_timebase_tim.o
 .comment       0x00000043       0x44 ./Core/Src/stm32f4xx_it.o
 .comment       0x00000043       0x44 ./Core/Src/system_stm32f4xx.o
 .comment       0x00000043       0x44 ./Core/Src/tim.o
 .comment       0x00000043       0x44 ./Core/Src/usart.o
 .comment       0x00000043       0x44 ./Drivers/STM32F4xx_HAL_Driver/Src/stm32f4xx_hal.o
 .comment       0x00000043       0x44 ./Drivers/STM32F4xx_HAL_Driver/Src/stm32f4xx_hal_adc.o
 .comment       0x00000043       0x44 ./Drivers/STM32F4xx_HAL_Driver/Src/stm32f4xx_hal_cortex.o
 .comment       0x00000043       0x44 ./Drivers/STM32F4xx_HAL_Driver/Src/stm32f4xx_hal_dma.o
 .comment       0x00000043       0x44 ./Drivers/STM32F4xx_HAL_Driver/Src/stm32f4xx_hal_gpio.o
 .comment       0x00000043       0x44 ./Drivers/STM32F4xx_HAL_Driver/Src/stm32f4xx_hal_i2c.o
 .comment       0x00000043       0x44 ./Drivers/STM32F4xx_HAL_Driver/Src/stm32f4xx_hal_rcc.o
 .comment       0x00000043       0x44 ./Drivers/STM32F4xx_HAL_Driver/Src/stm32f4xx_hal_spi.o
 .comment       0x00000043       0x44 ./Drivers/STM32F4xx_HAL_Driver/Src/stm32f4xx_hal_tim.o
 .comment       0x00000043       0x44 ./Drivers/STM32F4xx_HAL_Driver/Src/stm32f4xx_hal_tim_ex.o
 .comment       0x00000043       0x44 ./Drivers/STM32F4xx_HAL_Driver/Src/stm32f4xx_hal_uart.o
 .comment       0x00000043       0x44 ./Middlewares/Third_Party/FreeRTOS/Source/list.o
 .comment       0x00000043       0x44 ./Middlewares/Third_Party/FreeRTOS/Source/tasks.o
 .comment       0x00000043       0x44 ./Middlewares/Third_Party/FreeRTOS/Source/portable/GCC/ARM_CM4F/port.o

.debug_frame    0x00000000     0x590c
 .debug_frame   0x00000000       0x7c ./Core/Src/adc.o
 .debug_frame   0x0000007c       0x34 ./Core/Src/dma.o
 .debug_frame   0x000000b0       0x34 ./Core/Src/gpio.o
 .debug_frame   0x000000e4       0xac ./Core/Src/i2c.o
 .debug_frame   0x00000190       0x8c ./Core/Src/main.o
 .debug_frame   0x0000021c       0x74 ./Core/Src/spi.o
 .debug_frame   0x00000290       0x34 ./Core/Src/stm32f4xx_hal_msp.o
 .debug_frame   0x000002c4       0x74 ./Core/Src/stm32f4xx_hal_timebase_tim.o
 .debug_frame   0x00000338       0xe0 ./Core/Src/stm32f4xx_it.o
 .debug_frame   0x00000418       0x58 ./Core/Src/system_stm32f4xx.o
 .debug_frame   0x00000470      0x180 ./Core/Src/tim.o
 .debug_frame   0x000005f0       0x74 ./Core/Src/usart.o
 .debug_frame   0x00000664      0x374 ./Drivers/STM32F4xx_HAL_Driver/Src/stm32f4xx_hal.o
 .debug_frame   0x000009d8      0x3fc ./Drivers/STM32F4xx_HAL_Driver/Src/stm32f4xx_hal_adc.o
 .debug_frame   0x00000dd4      0x508 ./Drivers/STM32F4xx_HAL_Driver/Src/stm32f4xx_hal_cortex.o
 .debug_frame   0x000012dc      0x250 ./Drivers/STM32F4xx_HAL_Driver/Src/stm32f4xx_hal_dma.o
 .debug_frame   0x0000152c      0x14c ./Drivers/STM32F4xx_HAL_Driver/Src/stm32f4xx_hal_gpio.o
 .debug_frame   0x00001678      0xc84 ./Drivers/STM32F4xx_HAL_Driver/Src/stm32f4xx_hal_i2c.o
 .debug_frame   0x000022fc      0x1f4 ./Drivers/STM32F4xx_HAL_Driver/Src/stm32f4xx_hal_rcc.o
 .debug_frame   0x000024f0      0x828 ./Drivers/STM32F4xx_HAL_Driver/Src/stm32f4xx_hal_spi.o
 .debug_frame   0x00002d18     0x11c0 ./Drivers/STM32F4xx_HAL_Driver/Src/stm32f4xx_hal_tim.o
 .debug_frame   0x00003ed8      0x638 ./Drivers/STM32F4xx_HAL_Driver/Src/stm32f4xx_hal_tim_ex.o
 .debug_frame   0x00004510      0x954 ./Drivers/STM32F4xx_HAL_Driver/Src/stm32f4xx_hal_uart.o
 .debug_frame   0x00004e64       0xd8 ./Middlewares/Third_Party/FreeRTOS/Source/list.o
 .debug_frame   0x00004f3c      0x77c ./Middlewares/Third_Party/FreeRTOS/Source/tasks.o
 .debug_frame   0x000056b8      0x1a8 ./Middlewares/Third_Party/FreeRTOS/Source/portable/GCC/ARM_CM4F/port.o
 .debug_frame   0x00005860       0x20 C:/ST/STM32CubeIDE_1.16.1/STM32CubeIDE/plugins/com.st.stm32cube.ide.mcu.externaltools.gnu-tools-for-stm32.12.3.rel1.win32_1.0.200.202406191623/tools/bin/../lib/gcc/arm-none-eabi/12.3.1/../../../../arm-none-eabi/lib/thumb/v7e-m+fp/hard\libc_nano.a(libc_a-memset.o)
 .debug_frame   0x00005880       0x2c C:/ST/STM32CubeIDE_1.16.1/STM32CubeIDE/plugins/com.st.stm32cube.ide.mcu.externaltools.gnu-tools-for-stm32.12.3.rel1.win32_1.0.200.202406191623/tools/bin/../lib/gcc/arm-none-eabi/12.3.1/../../../../arm-none-eabi/lib/thumb/v7e-m+fp/hard\libc_nano.a(libc_a-init.o)
 .debug_frame   0x000058ac       0x2c C:/ST/STM32CubeIDE_1.16.1/STM32CubeIDE/plugins/com.st.stm32cube.ide.mcu.externaltools.gnu-tools-for-stm32.12.3.rel1.win32_1.0.200.202406191623/tools/bin/../lib/gcc/arm-none-eabi/12.3.1/thumb/v7e-m+fp/hard\libgcc.a(_aeabi_uldivmod.o)
 .debug_frame   0x000058d8       0x34 C:/ST/STM32CubeIDE_1.16.1/STM32CubeIDE/plugins/com.st.stm32cube.ide.mcu.externaltools.gnu-tools-for-stm32.12.3.rel1.win32_1.0.200.202406191623/tools/bin/../lib/gcc/arm-none-eabi/12.3.1/thumb/v7e-m+fp/hard\libgcc.a(_udivmoddi4.o)

.debug_line_str
                0x00000000       0x6a
 .debug_line_str
                0x00000000       0x6a ./Core/Startup/startup_stm32f405rgtx.o
