Archive member included to satisfy reference by file (symbol)

C:/ST/STM32CubeIDE_1.16.1/STM32CubeIDE/plugins/com.st.stm32cube.ide.mcu.externaltools.gnu-tools-for-stm32.12.3.rel1.win32_1.0.200.202406191623/tools/bin/../lib/gcc/arm-none-eabi/12.3.1/../../../../arm-none-eabi/lib/thumb/v7e-m+fp/hard\libc_nano.a(libc_a-exit.o)
                              C:/ST/STM32CubeIDE_1.16.1/STM32CubeIDE/plugins/com.st.stm32cube.ide.mcu.externaltools.gnu-tools-for-stm32.12.3.rel1.win32_1.0.200.202406191623/tools/bin/../lib/gcc/arm-none-eabi/12.3.1/../../../../arm-none-eabi/lib/thumb/v7e-m+fp/hard/crt0.o (exit)
C:/ST/STM32CubeIDE_1.16.1/STM32CubeIDE/plugins/com.st.stm32cube.ide.mcu.externaltools.gnu-tools-for-stm32.12.3.rel1.win32_1.0.200.202406191623/tools/bin/../lib/gcc/arm-none-eabi/12.3.1/../../../../arm-none-eabi/lib/thumb/v7e-m+fp/hard\libc_nano.a(libc_a-malloc.o)
                              ./Core/ThreadSafe/newlib_lock_glue.o (malloc)
C:/ST/STM32CubeIDE_1.16.1/STM32CubeIDE/plugins/com.st.stm32cube.ide.mcu.externaltools.gnu-tools-for-stm32.12.3.rel1.win32_1.0.200.202406191623/tools/bin/../lib/gcc/arm-none-eabi/12.3.1/../../../../arm-none-eabi/lib/thumb/v7e-m+fp/hard\libc_nano.a(libc_a-mallocr.o)
                              C:/ST/STM32CubeIDE_1.16.1/STM32CubeIDE/plugins/com.st.stm32cube.ide.mcu.externaltools.gnu-tools-for-stm32.12.3.rel1.win32_1.0.200.202406191623/tools/bin/../lib/gcc/arm-none-eabi/12.3.1/../../../../arm-none-eabi/lib/thumb/v7e-m+fp/hard\libc_nano.a(libc_a-malloc.o) (_malloc_r)
C:/ST/STM32CubeIDE_1.16.1/STM32CubeIDE/plugins/com.st.stm32cube.ide.mcu.externaltools.gnu-tools-for-stm32.12.3.rel1.win32_1.0.200.202406191623/tools/bin/../lib/gcc/arm-none-eabi/12.3.1/../../../../arm-none-eabi/lib/thumb/v7e-m+fp/hard\libc_nano.a(libc_a-mlock.o)
                              C:/ST/STM32CubeIDE_1.16.1/STM32CubeIDE/plugins/com.st.stm32cube.ide.mcu.externaltools.gnu-tools-for-stm32.12.3.rel1.win32_1.0.200.202406191623/tools/bin/../lib/gcc/arm-none-eabi/12.3.1/../../../../arm-none-eabi/lib/thumb/v7e-m+fp/hard\libc_nano.a(libc_a-mallocr.o) (__malloc_lock)
C:/ST/STM32CubeIDE_1.16.1/STM32CubeIDE/plugins/com.st.stm32cube.ide.mcu.externaltools.gnu-tools-for-stm32.12.3.rel1.win32_1.0.200.202406191623/tools/bin/../lib/gcc/arm-none-eabi/12.3.1/../../../../arm-none-eabi/lib/thumb/v7e-m+fp/hard\libc_nano.a(libc_a-findfp.o)
                              C:/ST/STM32CubeIDE_1.16.1/STM32CubeIDE/plugins/com.st.stm32cube.ide.mcu.externaltools.gnu-tools-for-stm32.12.3.rel1.win32_1.0.200.202406191623/tools/bin/../lib/gcc/arm-none-eabi/12.3.1/../../../../arm-none-eabi/lib/thumb/v7e-m+fp/hard\libc_nano.a(libc_a-exit.o) (__stdio_exit_handler)
C:/ST/STM32CubeIDE_1.16.1/STM32CubeIDE/plugins/com.st.stm32cube.ide.mcu.externaltools.gnu-tools-for-stm32.12.3.rel1.win32_1.0.200.202406191623/tools/bin/../lib/gcc/arm-none-eabi/12.3.1/../../../../arm-none-eabi/lib/thumb/v7e-m+fp/hard\libc_nano.a(libc_a-fwalk.o)
                              C:/ST/STM32CubeIDE_1.16.1/STM32CubeIDE/plugins/com.st.stm32cube.ide.mcu.externaltools.gnu-tools-for-stm32.12.3.rel1.win32_1.0.200.202406191623/tools/bin/../lib/gcc/arm-none-eabi/12.3.1/../../../../arm-none-eabi/lib/thumb/v7e-m+fp/hard\libc_nano.a(libc_a-findfp.o) (_fwalk_sglue)
C:/ST/STM32CubeIDE_1.16.1/STM32CubeIDE/plugins/com.st.stm32cube.ide.mcu.externaltools.gnu-tools-for-stm32.12.3.rel1.win32_1.0.200.202406191623/tools/bin/../lib/gcc/arm-none-eabi/12.3.1/../../../../arm-none-eabi/lib/thumb/v7e-m+fp/hard\libc_nano.a(libc_a-printf.o)
                              ./Drivers/Logger/log.o (printf)
C:/ST/STM32CubeIDE_1.16.1/STM32CubeIDE/plugins/com.st.stm32cube.ide.mcu.externaltools.gnu-tools-for-stm32.12.3.rel1.win32_1.0.200.202406191623/tools/bin/../lib/gcc/arm-none-eabi/12.3.1/../../../../arm-none-eabi/lib/thumb/v7e-m+fp/hard\libc_nano.a(libc_a-putchar.o)
                              ./Drivers/Mpu6500/mpu6500.o (putchar)
C:/ST/STM32CubeIDE_1.16.1/STM32CubeIDE/plugins/com.st.stm32cube.ide.mcu.externaltools.gnu-tools-for-stm32.12.3.rel1.win32_1.0.200.202406191623/tools/bin/../lib/gcc/arm-none-eabi/12.3.1/../../../../arm-none-eabi/lib/thumb/v7e-m+fp/hard\libc_nano.a(libc_a-stdio.o)
                              C:/ST/STM32CubeIDE_1.16.1/STM32CubeIDE/plugins/com.st.stm32cube.ide.mcu.externaltools.gnu-tools-for-stm32.12.3.rel1.win32_1.0.200.202406191623/tools/bin/../lib/gcc/arm-none-eabi/12.3.1/../../../../arm-none-eabi/lib/thumb/v7e-m+fp/hard\libc_nano.a(libc_a-findfp.o) (__sread)
C:/ST/STM32CubeIDE_1.16.1/STM32CubeIDE/plugins/com.st.stm32cube.ide.mcu.externaltools.gnu-tools-for-stm32.12.3.rel1.win32_1.0.200.202406191623/tools/bin/../lib/gcc/arm-none-eabi/12.3.1/../../../../arm-none-eabi/lib/thumb/v7e-m+fp/hard\libc_nano.a(libc_a-memset.o)
[...]
Memory Configuration

Name             Origin             Length             Attributes
CCMRAM           0x10000000         0x00010000         xrw
RAM              0x20000000         0x00020000         xrw
FLASH            0x08000000         0x00100000         xr
*default*        0x00000000         0xffffffff

Linker script and memory map

LOAD C:/ST/STM32CubeIDE_1.16.1/STM32CubeIDE/plugins/com.st.stm32cube.ide.mcu.externaltools.gnu-tools-for-stm32.12.3.rel1.win32_1.0.200.202406191623/tools/bin/../lib/gcc/arm-none-eabi/12.3.1/thumb/v7e-m+fp/hard/crti.o
LOAD C:/ST/STM32CubeIDE_1.16.1/STM32CubeIDE/plugins/com.st.stm32cube.ide.mcu.externaltools.gnu-tools-for-stm32.12.3.rel1.win32_1.0.200.202406191623/tools/bin/../lib/gcc/arm-none-eabi/12.3.1/thumb/v7e-m+fp/hard/crtbegin.o
LOAD C:/ST/STM32CubeIDE_1.16.1/STM32CubeIDE/plugins/com.st.stm32cube.ide.mcu.externaltools.gnu-tools-for-stm32.12.3.rel1.win32_1.0.200.202406191623/tools/bin/../lib/gcc/arm-none-eabi/12.3.1/../../../../arm-none-eabi/lib/thumb/v7e-m+fp/hard/crt0.o
LOAD ./Core/Src/adc.o
LOAD ./Core/Src/dma.o
LOAD ./Core/Src/freertos.o
LOAD ./Core/Src/gpio.o
LOAD ./Core/Src/i2c.o
LOAD ./Core/Src/main.o
LOAD ./Core/Src/spi.o
LOAD ./Core/Src/stm32f4xx_hal_msp.o
LOAD ./Core/Src/stm32f4xx_hal_timebase_tim.o
LOAD ./Core/Src/stm32f4xx_it.o
LOAD ./Core/Src/syscalls.o
LOAD ./Core/Src/sysmem.o
LOAD ./Core/Src/system_stm32f4xx.o
LOAD ./Core/Src/tim.o
LOAD ./Core/Src/usart.o
LOAD ./Core/Startup/startup_stm32f405rgtx.o
LOAD ./Core/ThreadSafe/newlib_lock_glue.o
LOAD ./Drivers/Drv8833/drv8833.o
LOAD ./Drivers/Logger/log.o
LOAD ./Drivers/Mpu6500/mpu6500.o
LOAD ./Drivers/Pwm/pwm.o
LOAD ./Drivers/STM32F4xx_HAL_Driver/Src/stm32f4xx_hal.o
LOAD ./Drivers/STM32F4xx_HAL_Driver/Src/stm32f4xx_hal_adc.o
LOAD ./Drivers/STM32F4xx_HAL_Driver/Src/stm32f4xx_hal_adc_ex.o
LOAD ./Drivers/STM32F4xx_HAL_Driver/Src/stm32f4xx_hal_cortex.o
LOAD ./Drivers/STM32F4xx_HAL_Driver/Src/stm32f4xx_hal_dma.o
LOAD ./Drivers/STM32F4xx_HAL_Driver/Src/stm32f4xx_hal_dma_ex.o
LOAD ./Drivers/STM32F4xx_HAL_Driver/Src/stm32f4xx_hal_exti.o
LOAD ./Drivers/STM32F4xx_HAL_Driver/Src/stm32f4xx_hal_flash.o
LOAD ./Drivers/STM32F4xx_HAL_Driver/Src/stm32f4xx_hal_flash_ex.o
LOAD ./Drivers/STM32F4xx_HAL_Driver/Src/stm32f4xx_hal_flash_ramfunc.o
LOAD ./Drivers/STM32F4xx_HAL_Driver/Src/stm32f4xx_hal_gpio.o
LOAD ./Drivers/STM32F4xx_HAL_Driver/Src/stm32f4xx_hal_i2c.o
LOAD ./Drivers/STM32F4xx_HAL_Driver/Src/stm32f4xx_hal_i2c_ex.o
LOAD ./Drivers/STM32F4xx_HAL_Driver/Src/stm32f4xx_hal_pwr.o
LOAD ./Drivers/STM32F4xx_HAL_Driver/Src/stm32f4xx_hal_pwr_ex.o
LOAD ./Drivers/STM32F4xx_HAL_Driver/Src/stm32f4xx_hal_rcc.o
LOAD ./Drivers/STM32F4xx_HAL_Driver/Src/stm32f4xx_hal_rcc_ex.o
LOAD ./Drivers/STM32F4xx_HAL_Driver/Src/stm32f4xx_hal_spi.o
LOAD ./Drivers/STM32F4xx_HAL_Driver/Src/stm32f4xx_hal_tim.o
LOAD ./Drivers/STM32F4xx_HAL_Driver/Src/stm32f4xx_hal_tim_ex.o
LOAD ./Drivers/STM32F4xx_HAL_Driver/Src/stm32f4xx_hal_uart.o
LOAD ./Drivers/STM32F4xx_HAL_Driver/Src/stm32f4xx_ll_adc.o
LOAD ./Middlewares/Third_Party/FreeRTOS/Source/CMSIS_RTOS/cmsis_os.o
LOAD ./Middlewares/Third_Party/FreeRTOS/Source/croutine.o
LOAD ./Middlewares/Third_Party/FreeRTOS/Source/event_groups.o
LOAD ./Middlewares/Third_Party/FreeRTOS/Source/list.o
LOAD ./Middlewares/Third_Party/FreeRTOS/Source/queue.o
LOAD ./Middlewares/Third_Party/FreeRTOS/Source/stream_buffer.o
LOAD ./Middlewares/Third_Party/FreeRTOS/Source/tasks.o
LOAD ./Middlewares/Third_Party/FreeRTOS/Source/timers.o
LOAD ./Middlewares/Third_Party/FreeRTOS/Source/portable/GCC/ARM_CM4F/port.o
LOAD ./Middlewares/Third_Party/FreeRTOS/Source/portable/MemMang/heap_4.o
START GROUP
LOAD C:/ST/STM32CubeIDE_1.16.1/STM32CubeIDE/plugins/com.st.stm32cube.ide.mcu.externaltools.gnu-tools-for-stm32.12.3.rel1.win32_1.0.200.202406191623/tools/bin/../lib/gcc/arm-none-eabi/12.3.1/../../../../arm-none-eabi/lib/thumb/v7e-m+fp/hard\libc_nano.a
LOAD C:/ST/STM32CubeIDE_1.16.1/STM32CubeIDE/plugins/com.st.stm32cube.ide.mcu.externaltools.gnu-tools-for-stm32.12.3.rel1.win32_1.0.200.202406191623/tools/bin/../lib/gcc/arm-none-eabi/12.3.1/../../../../arm-none-eabi/lib/thumb/v7e-m+fp/hard\libm.a
END GROUP
START GROUP
LOAD C:/ST/STM32CubeIDE_1.16.1/STM32CubeIDE/plugins/com.st.stm32cube.ide.mcu.externaltools.gnu-tools-for-stm32.12.3.rel1.win32_1.0.200.202406191623/tools/bin/../lib/gcc/arm-none-eabi/12.3.1/thumb/v7e-m+fp/hard\libgcc.a
LOAD C:/ST/STM32CubeIDE_1.16.1/STM32CubeIDE/plugins/com.st.stm32cube.ide.mcu.externaltools.gnu-tools-for-stm32.12.3.rel1.win32_1.0.200.202406191623/tools/bin/../lib/gcc/arm-none-eabi/12.3.1/../../../../arm-none-eabi/lib/thumb/v7e-m+fp/hard\libc_nano.a
END GROUP
START GROUP
LOAD C:/ST/STM32CubeIDE_1.16.1/STM32CubeIDE/plugins/com.st.stm32cube.ide.mcu.externaltools.gnu-tools-for-stm32.12.3.rel1.win32_1.0.200.202406191623/tools/bin/../lib/gcc/arm-none-eabi/12.3.1/thumb/v7e-m+fp/hard\libgcc.a
LOAD C:/ST/STM32CubeIDE_1.16.1/STM32CubeIDE/plugins/com.st.stm32cube.ide.mcu.externaltools.gnu-tools-for-stm32.12.3.rel1.win32_1.0.200.202406191623/tools/bin/../lib/gcc/arm-none-eabi/12.3.1/../../../../arm-none-eabi/lib/thumb/v7e-m+fp/hard\libc_nano.a
LOAD C:/ST/STM32CubeIDE_1.16.1/STM32CubeIDE/plugins/com.st.stm32cube.ide.mcu.externaltools.gnu-tools-for-stm32.12.3.rel1.win32_1.0.200.202406191623/tools/bin/../lib/gcc/arm-none-eabi/12.3.1/../../../../arm-none-eabi/lib/thumb/v7e-m+fp/hard\libnosys.a
END GROUP
START GROUP
LOAD C:/ST/STM32CubeIDE_1.16.1/STM32CubeIDE/plugins/com.st.stm32cube.ide.mcu.externaltools.gnu-tools-for-stm32.12.3.rel1.win32_1.0.200.202406191623/tools/bin/../lib/gcc/arm-none-eabi/12.3.1/thumb/v7e-m+fp/hard\libgcc.a
LOAD C:/ST/STM32CubeIDE_1.16.1/STM32CubeIDE/plugins/com.st.stm32cube.ide.mcu.externaltools.gnu-tools-for-stm32.12.3.rel1.win32_1.0.200.202406191623/tools/bin/../lib/gcc/arm-none-eabi/12.3.1/../../../../arm-none-eabi/lib/thumb/v7e-m+fp/hard\libc_nano.a
LOAD C:/ST/STM32CubeIDE_1.16.1/STM32CubeIDE/plugins/com.st.stm32cube.ide.mcu.externaltools.gnu-tools-for-stm32.12.3.rel1.win32_1.0.200.202406191623/tools/bin/../lib/gcc/arm-none-eabi/12.3.1/../../../../arm-none-eabi/lib/thumb/v7e-m+fp/hard\libnosys.a
END GROUP
LOAD C:/ST/STM32CubeIDE_1.16.1/STM32CubeIDE/plugins/com.st.stm32cube.ide.mcu.externaltools.gnu-tools-for-stm32.12.3.rel1.win32_1.0.200.202406191623/tools/bin/../lib/gcc/arm-none-eabi/12.3.1/thumb/v7e-m+fp/hard/crtend.o
LOAD C:/ST/STM32CubeIDE_1.16.1/STM32CubeIDE/plugins/com.st.stm32cube.ide.mcu.externaltools.gnu-tools-for-stm32.12.3.rel1.win32_1.0.200.202406191623/tools/bin/../lib/gcc/arm-none-eabi/12.3.1/thumb/v7e-m+fp/hard/crtn.o
                0x20020000                        _estack = (ORIGIN (RAM) + LENGTH (RAM))
                0x00000200                        _Min_Heap_Size = 0x200
                0x00000400                        _Min_Stack_Size = 0x400

.isr_vector     0x08000000      0x188
                0x08000000                        . = ALIGN (0x4)
 *(.isr_vector)
 .isr_vector    0x08000000      0x188 ./Core/Startup/startup_stm32f405rgtx.o
                0x08000000                g_pfnVectors
                0x08000188                        . = ALIGN (0x4)

.text           0x08000190     0x7114
                0x08000190                        . = ALIGN (0x4)
 *(.text)
 .text          0x08000190       0x40 C:/ST/STM32CubeIDE_1.16.1/STM32CubeIDE/plugins/com.st.stm32cube.ide.mcu.externaltools.gnu-tools-for-stm32.12.3.rel1.win32_1.0.200.202406191623/tools/bin/../lib/gcc/arm-none-eabi/12.3.1/thumb/v7e-m+fp/hard/crtbegin.o
 .text          0x080001d0       0xa0 C:/ST/STM32CubeIDE_1.16.1/STM32CubeIDE/plugins/com.st.stm32cube.ide.mcu.externaltools.gnu-tools-for-stm32.12.3.rel1.win32_1.0.200.202406191623/tools/bin/../lib/gcc/arm-none-eabi/12.3.1/../../../../arm-none-eabi/lib/thumb/v7e-m+fp/hard\libc_nano.a(libc_a-memchr.o)
                0x080001d0                memchr
 .text          0x08000270       0x30 C:/ST/STM32CubeIDE_1.16.1/STM32CubeIDE/plugins/com.st.stm32cube.ide.mcu.externaltools.gnu-tools-for-stm32.12.3.rel1.win32_1.0.200.202406191623/tools/bin/../lib/gcc/arm-none-eabi/12.3.1/thumb/v7e-m+fp/hard\libgcc.a(_aeabi_uldivmod.o)
                0x08000270                __aeabi_uldivmod
 .text          0x080002a0      0x2bc C:/ST/STM32CubeIDE_1.16.1/STM32CubeIDE/plugins/com.st.stm32cube.ide.mcu.externaltools.gnu-tools-for-stm32.12.3.rel1.win32_1.0.200.202406191623/tools/bin/../lib/gcc/arm-none-eabi/12.3.1/thumb/v7e-m+fp/hard\libgcc.a(_udivmoddi4.o)
                0x080002a0                __udivmoddi4
 .text          0x0800055c        0x4 C:/ST/STM32CubeIDE_1.16.1/STM32CubeIDE/plugins/com.st.stm32cube.ide.mcu.externaltools.gnu-tools-for-stm32.12.3.rel1.win32_1.0.200.202406191623/tools/bin/../lib/gcc/arm-none-eabi/12.3.1/thumb/v7e-m+fp/hard\libgcc.a(_dvmd_tls.o)
                0x0800055c                __aeabi_idiv0
                0x0800055c                __aeabi_ldiv0
 *(.text*)
 .text.MX_ADC1_Init
                0x08000560      0x114 ./Core/Src/adc.o
                0x08000560                MX_ADC1_Init
 .text.HAL_ADC_MspInit
                0x08000674       0xf0 ./Core/Src/adc.o
                0x08000674                HAL_ADC_MspInit
 .text.MX_DMA_Init
                0x08000764       0x40 ./Core/Src/dma.o
                0x08000764                MX_DMA_Init
 .text.MX_GPIO_Init
                0x080007a4      0x190 ./Core/Src/gpio.o
                0x080007a4                MX_GPIO_Init
 .text.MX_I2C1_Init
                0x08000934       0x5c ./Core/Src/i2c.o
                0x08000934                MX_I2C1_Init
 .text.MX_I2C2_Init
                0x08000990       0x5c ./Core/Src/i2c.o
                0x08000990                MX_I2C2_Init
 .text.MX_I2C3_Init
                0x080009ec       0x5c ./Core/Src/i2c.o
                0x080009ec                MX_I2C3_Init
 .text.HAL_I2C_MspInit
                0x08000a48      0x1a8 ./Core/Src/i2c.o
                0x08000a48                HAL_I2C_MspInit
 .text.rotate_left.2
                0x08000bf0       0x2e ./Core/Src/main.o
 .text.main     0x08000c1e       0x82 ./Core/Src/main.o
                0x08000c1e                main
 .text.rotate_right.1
                0x08000ca0       0x2e ./Core/Src/main.o
 .text.stop_micromouse.3
                0x08000cce       0x26 ./Core/Src/main.o
 .text.testGyroWithCircle.0
                0x08000cf4      0x10c ./Core/Src/main.o
 .text.SystemClock_Config
                0x08000e00       0xd4 ./Core/Src/main.o
                0x08000e00                SystemClock_Config
 .text.HAL_TIM_PeriodElapsedCallback
                0x08000ed4       0x24 ./Core/Src/main.o
                0x08000ed4                HAL_TIM_PeriodElapsedCallback
 .text.Error_Handler
                0x08000ef8        0xc ./Core/Src/main.o
                0x08000ef8                Error_Handler
 .text.MX_SPI1_Init
                0x08000f04       0x6c ./Core/Src/spi.o
                0x08000f04                MX_SPI1_Init
 .text.HAL_SPI_MspInit
                0x08000f70       0x90 ./Core/Src/spi.o
                0x08000f70                HAL_SPI_MspInit
 .text.HAL_MspInit
                0x08001000       0x58 ./Core/Src/stm32f4xx_hal_msp.o
                0x08001000                HAL_MspInit
 .text.HAL_InitTick
                0x08001058       0xe8 ./Core/Src/stm32f4xx_hal_timebase_tim.o
                0x08001058                HAL_InitTick
 .text.NMI_Handler
                0x08001140        0x8 ./Core/Src/stm32f4xx_it.o
                0x08001140                NMI_Handler
 .text.HardFault_Handler
                0x08001148        0x8 ./Core/Src/stm32f4xx_it.o
                0x08001148                HardFault_Handler
 .text.MemManage_Handler
                0x08001150        0x8 ./Core/Src/stm32f4xx_it.o
                0x08001150                MemManage_Handler
 .text.BusFault_Handler
                0x08001158        0x8 ./Core/Src/stm32f4xx_it.o
                0x08001158                BusFault_Handler
 .text.UsageFault_Handler
                0x08001160        0x8 ./Core/Src/stm32f4xx_it.o
                0x08001160                UsageFault_Handler
 .text.DebugMon_Handler
                0x08001168        0xe ./Core/Src/stm32f4xx_it.o
                0x08001168                DebugMon_Handler
 *fill*         0x08001176        0x2 
 .text.TIM1_UP_TIM10_IRQHandler
                0x08001178       0x1c ./Core/Src/stm32f4xx_it.o
                0x08001178                TIM1_UP_TIM10_IRQHandler
 .text.DMA2_Stream0_IRQHandler
                0x08001194       0x14 ./Core/Src/stm32f4xx_it.o
                0x08001194                DMA2_Stream0_IRQHandler
 .text._read    0x080011a8       0x3a ./Core/Src/syscalls.o
                0x080011a8                _read
 .text._write   0x080011e2       0x38 ./Core/Src/syscalls.o
                0x080011e2                _write
 .text._close   0x0800121a       0x18 ./Core/Src/syscalls.o
                0x0800121a                _close
 .text._fstat   0x08001232       0x20 ./Core/Src/syscalls.o
                0x08001232                _fstat
 .text._isatty  0x08001252       0x16 ./Core/Src/syscalls.o
                0x08001252                _isatty
 .text._lseek   0x08001268       0x1a ./Core/Src/syscalls.o
                0x08001268                _lseek
 *fill*         0x08001282        0x2 
 .text._sbrk    0x08001284       0x6c ./Core/Src/sysmem.o
                0x08001284                _sbrk
 .text.SystemInit
                0x080012f0       0x24 ./Core/Src/system_stm32f4xx.o
                0x080012f0                SystemInit
 .text.MX_TIM3_Init
                0x08001314      0x134 ./Core/Src/tim.o
                0x08001314                MX_TIM3_Init
 .text.MX_TIM10_Init
                0x08001448       0x9c ./Core/Src/tim.o
                0x08001448                MX_TIM10_Init
 .text.MX_TIM11_Init
                0x080014e4       0x9c ./Core/Src/tim.o
                0x080014e4                MX_TIM11_Init
 .text.MX_TIM12_Init
                0x08001580       0xa0 ./Core/Src/tim.o
                0x08001580                MX_TIM12_Init
 .text.MX_TIM13_Init
                0x08001620       0x9c ./Core/Src/tim.o
                0x08001620                MX_TIM13_Init
 .text.HAL_TIM_Base_MspInit
                0x080016bc       0xd4 ./Core/Src/tim.o
                0x080016bc                HAL_TIM_Base_MspInit
 .text.HAL_TIM_PWM_MspInit
                0x08001790       0x44 ./Core/Src/tim.o
                0x08001790                HAL_TIM_PWM_MspInit
 .text.HAL_TIM_MspPostInit
                0x080017d4      0x1ec ./Core/Src/tim.o
                0x080017d4                HAL_TIM_MspPostInit
 .text.MX_USART2_UART_Init
                0x080019c0       0x54 ./Core/Src/usart.o
                0x080019c0                MX_USART2_UART_Init
 .text.HAL_UART_MspInit
                0x08001a14       0x90 ./Core/Src/usart.o
                0x08001a14                HAL_UART_MspInit
 .text.Reset_Handler
                0x08001aa4       0x50 ./Core/Startup/startup_stm32f405rgtx.o
                0x08001aa4                Reset_Handler
 .text.Default_Handler
                0x08001af4        0x2 ./Core/Startup/startup_stm32f405rgtx.o
                0x08001af4                RTC_Alarm_IRQHandler
                0x08001af4                HASH_RNG_IRQHandler
                0x08001af4                EXTI2_IRQHandler
                0x08001af4                TIM8_CC_IRQHandler
                0x08001af4                TIM1_CC_IRQHandler
                0x08001af4                DMA2_Stream5_IRQHandler
                0x08001af4                DMA1_Stream5_IRQHandler
                0x08001af4                PVD_IRQHandler
                0x08001af4                SDIO_IRQHandler
                0x08001af4                TAMP_STAMP_IRQHandler
                0x08001af4                CAN2_RX1_IRQHandler
                0x08001af4                EXTI3_IRQHandler
                0x08001af4                TIM8_TRG_COM_TIM14_IRQHandler
                0x08001af4                TIM8_UP_TIM13_IRQHandler
                0x08001af4                I2C3_ER_IRQHandler
                0x08001af4                EXTI0_IRQHandler
                0x08001af4                I2C2_EV_IRQHandler
                0x08001af4                DMA1_Stream2_IRQHandler
                0x08001af4                CAN1_RX0_IRQHandler
                0x08001af4                FPU_IRQHandler
                0x08001af4                OTG_HS_WKUP_IRQHandler
                0x08001af4                CAN2_SCE_IRQHandler
                0x08001af4                DMA2_Stream2_IRQHandler
                0x08001af4                SPI1_IRQHandler
                0x08001af4                TIM6_DAC_IRQHandler
                0x08001af4                TIM1_BRK_TIM9_IRQHandler
                0x08001af4                CAN2_RX0_IRQHandler
                0x08001af4                DMA2_Stream3_IRQHandler
                0x08001af4                USART6_IRQHandler
                0x08001af4                USART3_IRQHandler
                0x08001af4                CAN1_RX1_IRQHandler
                0x08001af4                UART5_IRQHandler
                0x08001af4                TIM4_IRQHandler
                0x08001af4                I2C1_EV_IRQHandler
                0x08001af4                DMA1_Stream6_IRQHandler
                0x08001af4                DMA1_Stream1_IRQHandler
                0x08001af4                UART4_IRQHandler
                0x08001af4                TIM3_IRQHandler
                0x08001af4                RCC_IRQHandler
                0x08001af4                TIM8_BRK_TIM12_IRQHandler
                0x08001af4                Default_Handler
                0x08001af4                EXTI15_10_IRQHandler
                0x08001af4                ADC_IRQHandler
                0x08001af4                DMA1_Stream7_IRQHandler
                0x08001af4                TIM7_IRQHandler
                0x08001af4                CAN2_TX_IRQHandler
                0x08001af4                TIM5_IRQHandler
                0x08001af4                DMA2_Stream7_IRQHandler
                0x08001af4                I2C3_EV_IRQHandler
                0x08001af4                EXTI9_5_IRQHandler
                0x08001af4                RTC_WKUP_IRQHandler
                0x08001af4                SPI2_IRQHandler
                0x08001af4                OTG_HS_EP1_IN_IRQHandler
                0x08001af4                DMA1_Stream0_IRQHandler
                0x08001af4                CAN1_TX_IRQHandler
                0x08001af4                EXTI4_IRQHandler
                0x08001af4                FSMC_IRQHandler
                0x08001af4                OTG_HS_EP1_OUT_IRQHandler
                0x08001af4                WWDG_IRQHandler
                0x08001af4                TIM2_IRQHandler
                0x08001af4                OTG_FS_WKUP_IRQHandler
                0x08001af4                TIM1_TRG_COM_TIM11_IRQHandler
                0x08001af4                OTG_HS_IRQHandler
                0x08001af4                EXTI1_IRQHandler
                0x08001af4                USART2_IRQHandler
                0x08001af4                I2C2_ER_IRQHandler
                0x08001af4                DMA2_Stream1_IRQHandler
                0x08001af4                CAN1_SCE_IRQHandler
                0x08001af4                FLASH_IRQHandler
                0x08001af4                DMA2_Stream4_IRQHandler
                0x08001af4                USART1_IRQHandler
                0x08001af4                OTG_FS_IRQHandler
                0x08001af4                SPI3_IRQHandler
                0x08001af4                DMA1_Stream4_IRQHandler
                0x08001af4                I2C1_ER_IRQHandler
                0x08001af4                DMA2_Stream6_IRQHandler
                0x08001af4                DMA1_Stream3_IRQHandler
 .text.stm32_lock_init
                0x08001af6       0x44 ./Core/ThreadSafe/newlib_lock_glue.o
 .text.stm32_lock_acquire
                0x08001b3a       0x64 ./Core/ThreadSafe/newlib_lock_glue.o
 .text.stm32_lock_release
                0x08001b9e       0x58 ./Core/ThreadSafe/newlib_lock_glue.o
 .text.__retarget_lock_init_recursive
                0x08001bf6       0x4e ./Core/ThreadSafe/newlib_lock_glue.o
                0x08001bf6                __retarget_lock_init_recursive
 .text.__retarget_lock_acquire_recursive
                0x08001c44       0x2a ./Core/ThreadSafe/newlib_lock_glue.o
                0x08001c44                __retarget_lock_acquire_recursive
 .text.__retarget_lock_release_recursive
                0x08001c6e       0x2a ./Core/ThreadSafe/newlib_lock_glue.o
                0x08001c6e                __retarget_lock_release_recursive
 .text.set_duty_cycle
                0x08001c98       0xfc ./Drivers/Drv8833/drv8833.o
                0x08001c98                set_duty_cycle
 .text.MX_USART2_UART_Init
                0x08001d94       0x48 ./Drivers/Logger/log.o
 .text.set_log_level
                0x08001ddc       0x90 ./Drivers/Logger/log.o
                0x08001ddc                set_log_level
 .text.MPU6500_OnActivate
                0x08001e6c        0xe ./Drivers/Mpu6500/mpu6500.o
                0x08001e6c                MPU6500_OnActivate
 *fill*         0x08001e7a        0x2 
 .text.MPU6500_Activate
                0x08001e7c       0x1c ./Drivers/Mpu6500/mpu6500.o
 .text.MPU6500_Deactivate
                0x08001e98       0x18 ./Drivers/Mpu6500/mpu6500.o
 .text.SPIx_WriteRead
                0x08001eb0       0x3c ./Drivers/Mpu6500/mpu6500.o
                0x08001eb0                SPIx_WriteRead
 .text.MPU_SPI_Write
                0x08001eec       0x46 ./Drivers/Mpu6500/mpu6500.o
                0x08001eec                MPU_SPI_Write
 *fill*         0x08001f32        0x2 
 .text.MPU_SPI_Read
                0x08001f34       0x4c ./Drivers/Mpu6500/mpu6500.o
                0x08001f34                MPU_SPI_Read
 .text.mpu6500_write_register
                0x08001f80       0x2a ./Drivers/Mpu6500/mpu6500.o
                0x08001f80                mpu6500_write_register
 .text.mpu6500_read_registers
                0x08001faa       0x26 ./Drivers/Mpu6500/mpu6500.o
                0x08001faa                mpu6500_read_registers
 .text.whoAmI   0x08001fd0       0x1c ./Drivers/Mpu6500/mpu6500.o
 .text.mpu6500_init
                0x08001fec      0x114 ./Drivers/Mpu6500/mpu6500.o
                0x08001fec                mpu6500_init
 .text.mpu6500_get_data
                0x08002100       0xb0 ./Drivers/Mpu6500/mpu6500.o
                0x08002100                mpu6500_get_data
 .text.mpu6500_get_gyro
                0x080021b0       0x68 ./Drivers/Mpu6500/mpu6500.o
                0x080021b0                mpu6500_get_gyro
 .text.pwm_set_duty_cycle
                0x08002218      0x1d8 ./Drivers/Pwm/pwm.o
                0x08002218                pwm_set_duty_cycle
 .text.HAL_Init
                0x080023f0       0x44 ./Drivers/STM32F4xx_HAL_Driver/Src/stm32f4xx_hal.o
                0x080023f0                HAL_Init
 .text.HAL_IncTick
                0x08002434       0x28 ./Drivers/STM32F4xx_HAL_Driver/Src/stm32f4xx_hal.o
                0x08002434                HAL_IncTick
 .text.HAL_GetTick
                0x0800245c       0x18 ./Drivers/STM32F4xx_HAL_Driver/Src/stm32f4xx_hal.o
                0x0800245c                HAL_GetTick
 .text.HAL_Delay
                0x08002474       0x48 ./Drivers/STM32F4xx_HAL_Driver/Src/stm32f4xx_hal.o
                0x08002474                HAL_Delay
 .text.HAL_ADC_Init
                0x080024bc       0x86 ./Drivers/STM32F4xx_HAL_Driver/Src/stm32f4xx_hal_adc.o
                0x080024bc                HAL_ADC_Init
 *fill*         0x08002542        0x2 
 .text.HAL_ADC_ConfigChannel
                0x08002544      0x244 ./Drivers/STM32F4xx_HAL_Driver/Src/stm32f4xx_hal_adc.o
                0x08002544                HAL_ADC_ConfigChannel
 .text.ADC_Init
                0x08002788      0x1f8 ./Drivers/STM32F4xx_HAL_Driver/Src/stm32f4xx_hal_adc.o
 .text.__NVIC_SetPriorityGrouping
                0x08002980       0x48 ./Drivers/STM32F4xx_HAL_Driver/Src/stm32f4xx_hal_cortex.o
 .text.__NVIC_GetPriorityGrouping
                0x080029c8       0x1c ./Drivers/STM32F4xx_HAL_Driver/Src/stm32f4xx_hal_cortex.o
 .text.__NVIC_EnableIRQ
                0x080029e4       0x3c ./Drivers/STM32F4xx_HAL_Driver/Src/stm32f4xx_hal_cortex.o
 .text.__NVIC_SetPriority
                0x08002a20       0x54 ./Drivers/STM32F4xx_HAL_Driver/Src/stm32f4xx_hal_cortex.o
 .text.NVIC_EncodePriority
                0x08002a74       0x66 ./Drivers/STM32F4xx_HAL_Driver/Src/stm32f4xx_hal_cortex.o
 .text.HAL_NVIC_SetPriorityGrouping
                0x08002ada       0x16 ./Drivers/STM32F4xx_HAL_Driver/Src/stm32f4xx_hal_cortex.o
                0x08002ada                HAL_NVIC_SetPriorityGrouping
 .text.HAL_NVIC_SetPriority
                0x08002af0       0x38 ./Drivers/STM32F4xx_HAL_Driver/Src/stm32f4xx_hal_cortex.o
                0x08002af0                HAL_NVIC_SetPriority
 .text.HAL_NVIC_EnableIRQ
                0x08002b28       0x1c ./Drivers/STM32F4xx_HAL_Driver/Src/stm32f4xx_hal_cortex.o
                0x08002b28                HAL_NVIC_EnableIRQ
 .text.HAL_DMA_Init
                0x08002b44      0x15c ./Drivers/STM32F4xx_HAL_Driver/Src/stm32f4xx_hal_dma.o
                0x08002b44                HAL_DMA_Init
 .text.HAL_DMA_IRQHandler
                0x08002ca0      0x314 ./Drivers/STM32F4xx_HAL_Driver/Src/stm32f4xx_hal_dma.o
                0x08002ca0                HAL_DMA_IRQHandler
 .text.DMA_CalcBaseAndBitshift
                0x08002fb4       0x6c ./Drivers/STM32F4xx_HAL_Driver/Src/stm32f4xx_hal_dma.o
 .text.DMA_CheckFifoParam
                0x08003020       0xf8 ./Drivers/STM32F4xx_HAL_Driver/Src/stm32f4xx_hal_dma.o
 .text.HAL_GPIO_Init
                0x08003118      0x338 ./Drivers/STM32F4xx_HAL_Driver/Src/stm32f4xx_hal_gpio.o
                0x08003118                HAL_GPIO_Init
 .text.HAL_GPIO_WritePin
                0x08003450       0x32 ./Drivers/STM32F4xx_HAL_Driver/Src/stm32f4xx_hal_gpio.o
                0x08003450                HAL_GPIO_WritePin
 *fill*         0x08003482        0x2 
 .text.HAL_I2C_Init
                0x08003484      0x288 ./Drivers/STM32F4xx_HAL_Driver/Src/stm32f4xx_hal_i2c.o
                0x08003484                HAL_I2C_Init
 .text.HAL_RCC_OscConfig
                0x0800370c      0x4f0 ./Drivers/STM32F4xx_HAL_Driver/Src/stm32f4xx_hal_rcc.o
                0x0800370c                HAL_RCC_OscConfig
 .text.HAL_RCC_ClockConfig
                0x08003bfc      0x1cc ./Drivers/STM32F4xx_HAL_Driver/Src/stm32f4xx_hal_rcc.o
                0x08003bfc                HAL_RCC_ClockConfig
 .text.HAL_RCC_GetSysClockFreq
                0x08003dc8      0x18c ./Drivers/STM32F4xx_HAL_Driver/Src/stm32f4xx_hal_rcc.o
                0x08003dc8                HAL_RCC_GetSysClockFreq
 .text.HAL_RCC_GetHCLKFreq
                0x08003f54       0x18 ./Drivers/STM32F4xx_HAL_Driver/Src/stm32f4xx_hal_rcc.o
                0x08003f54                HAL_RCC_GetHCLKFreq
 .text.HAL_RCC_GetPCLK1Freq
                0x08003f6c       0x28 ./Drivers/STM32F4xx_HAL_Driver/Src/stm32f4xx_hal_rcc.o
                0x08003f6c                HAL_RCC_GetPCLK1Freq
 .text.HAL_RCC_GetPCLK2Freq
                0x08003f94       0x28 ./Drivers/STM32F4xx_HAL_Driver/Src/stm32f4xx_hal_rcc.o
                0x08003f94                HAL_RCC_GetPCLK2Freq
 .text.HAL_RCC_GetClockConfig
                0x08003fbc       0x64 ./Drivers/STM32F4xx_HAL_Driver/Src/stm32f4xx_hal_rcc.o
                0x08003fbc                HAL_RCC_GetClockConfig
 .text.HAL_SPI_Init
                0x08004020      0x112 ./Drivers/STM32F4xx_HAL_Driver/Src/stm32f4xx_hal_spi.o
                0x08004020                HAL_SPI_Init
 .text.HAL_SPI_Transmit
                0x08004132      0x288 ./Drivers/STM32F4xx_HAL_Driver/Src/stm32f4xx_hal_spi.o
                0x08004132                HAL_SPI_Transmit
 .text.HAL_SPI_Receive
                0x080043ba      0x232 ./Drivers/STM32F4xx_HAL_Driver/Src/stm32f4xx_hal_spi.o
                0x080043ba                HAL_SPI_Receive
 .text.HAL_SPI_TransmitReceive
                0x080045ec      0x352 ./Drivers/STM32F4xx_HAL_Driver/Src/stm32f4xx_hal_spi.o
                0x080045ec                HAL_SPI_TransmitReceive
 *fill*         0x0800493e        0x2 
 .text.SPI_WaitFlagStateUntilTimeout
                0x08004940      0x110 ./Drivers/STM32F4xx_HAL_Driver/Src/stm32f4xx_hal_spi.o
 .text.SPI_EndRxTransaction
                0x08004a50       0xca ./Drivers/STM32F4xx_HAL_Driver/Src/stm32f4xx_hal_spi.o
 *fill*         0x08004b1a        0x2 
 .text.SPI_EndRxTxTransaction
                0x08004b1c       0xa8 ./Drivers/STM32F4xx_HAL_Driver/Src/stm32f4xx_hal_spi.o
 .text.HAL_TIM_Base_Init
                0x08004bc4       0x9e ./Drivers/STM32F4xx_HAL_Driver/Src/stm32f4xx_hal_tim.o
                0x08004bc4                HAL_TIM_Base_Init
 *fill*         0x08004c62        0x2 
 .text.HAL_TIM_Base_Start_IT
                0x08004c64       0xe0 ./Drivers/STM32F4xx_HAL_Driver/Src/stm32f4xx_hal_tim.o
                0x08004c64                HAL_TIM_Base_Start_IT
 .text.HAL_TIM_PWM_Init
                0x08004d44       0x9e ./Drivers/STM32F4xx_HAL_Driver/Src/stm32f4xx_hal_tim.o
                0x08004d44                HAL_TIM_PWM_Init
 .text.HAL_TIM_IRQHandler
                0x08004de2      0x1e0 ./Drivers/STM32F4xx_HAL_Driver/Src/stm32f4xx_hal_tim.o
                0x08004de2                HAL_TIM_IRQHandler
 *fill*         0x08004fc2        0x2 
 .text.HAL_TIM_PWM_ConfigChannel
                0x08004fc4      0x184 ./Drivers/STM32F4xx_HAL_Driver/Src/stm32f4xx_hal_tim.o
                0x08004fc4                HAL_TIM_PWM_ConfigChannel
 .text.HAL_TIM_ConfigClockSource
                0x08005148      0x18e ./Drivers/STM32F4xx_HAL_Driver/Src/stm32f4xx_hal_tim.o
                0x08005148                HAL_TIM_ConfigClockSource
 .text.HAL_TIM_OC_DelayElapsedCallback
                0x080052d6       0x14 ./Drivers/STM32F4xx_HAL_Driver/Src/stm32f4xx_hal_tim.o
                0x080052d6                HAL_TIM_OC_DelayElapsedCallback
 .text.HAL_TIM_IC_CaptureCallback
                0x080052ea       0x14 ./Drivers/STM32F4xx_HAL_Driver/Src/stm32f4xx_hal_tim.o
                0x080052ea                HAL_TIM_IC_CaptureCallback
 .text.HAL_TIM_PWM_PulseFinishedCallback
                0x080052fe       0x14 ./Drivers/STM32F4xx_HAL_Driver/Src/stm32f4xx_hal_tim.o
                0x080052fe                HAL_TIM_PWM_PulseFinishedCallback
 .text.HAL_TIM_TriggerCallback
                0x08005312       0x14 ./Drivers/STM32F4xx_HAL_Driver/Src/stm32f4xx_hal_tim.o
                0x08005312                HAL_TIM_TriggerCallback
 *fill*         0x08005326        0x2 
 .text.TIM_Base_SetConfig
                0x08005328      0x158 ./Drivers/STM32F4xx_HAL_Driver/Src/stm32f4xx_hal_tim.o
                0x08005328                TIM_Base_SetConfig
 .text.TIM_OC1_SetConfig
                0x08005480       0xe0 ./Drivers/STM32F4xx_HAL_Driver/Src/stm32f4xx_hal_tim.o
 .text.TIM_OC2_SetConfig
                0x08005560       0xec ./Drivers/STM32F4xx_HAL_Driver/Src/stm32f4xx_hal_tim.o
                0x08005560                TIM_OC2_SetConfig
 .text.TIM_OC3_SetConfig
                0x0800564c       0xe8 ./Drivers/STM32F4xx_HAL_Driver/Src/stm32f4xx_hal_tim.o
 .text.TIM_OC4_SetConfig
                0x08005734       0xac ./Drivers/STM32F4xx_HAL_Driver/Src/stm32f4xx_hal_tim.o
 .text.TIM_TI1_ConfigInputStage
                0x080057e0       0x5e ./Drivers/STM32F4xx_HAL_Driver/Src/stm32f4xx_hal_tim.o
 .text.TIM_TI2_ConfigInputStage
                0x0800583e       0x60 ./Drivers/STM32F4xx_HAL_Driver/Src/stm32f4xx_hal_tim.o
 .text.TIM_ITRx_SetConfig
                0x0800589e       0x36 ./Drivers/STM32F4xx_HAL_Driver/Src/stm32f4xx_hal_tim.o
 .text.TIM_ETR_SetConfig
                0x080058d4       0x40 ./Drivers/STM32F4xx_HAL_Driver/Src/stm32f4xx_hal_tim.o
                0x080058d4                TIM_ETR_SetConfig
 .text.HAL_TIMEx_MasterConfigSynchronization
                0x08005914       0xf8 ./Drivers/STM32F4xx_HAL_Driver/Src/stm32f4xx_hal_tim_ex.o
                0x08005914                HAL_TIMEx_MasterConfigSynchronization
 .text.HAL_TIMEx_CommutCallback
                0x08005a0c       0x14 ./Drivers/STM32F4xx_HAL_Driver/Src/stm32f4xx_hal_tim_ex.o
                0x08005a0c                HAL_TIMEx_CommutCallback
 .text.HAL_TIMEx_BreakCallback
                0x08005a20       0x14 ./Drivers/STM32F4xx_HAL_Driver/Src/stm32f4xx_hal_tim_ex.o
                0x08005a20                HAL_TIMEx_BreakCallback
 .text.HAL_UART_Init
                0x08005a34       0xa0 ./Drivers/STM32F4xx_HAL_Driver/Src/stm32f4xx_hal_uart.o
                0x08005a34                HAL_UART_Init
 .text.UART_SetConfig
                0x08005ad4      0x4e8 ./Drivers/STM32F4xx_HAL_Driver/Src/stm32f4xx_hal_uart.o
 .text.vListInsertEnd
                0x08005fbc       0x48 ./Middlewares/Third_Party/FreeRTOS/Source/list.o
                0x08005fbc                vListInsertEnd
 .text.uxListRemove
                0x08006004       0x54 ./Middlewares/Third_Party/FreeRTOS/Source/list.o
                0x08006004                uxListRemove
 .text.xTaskIncrementTick
                0x08006058      0x174 ./Middlewares/Third_Party/FreeRTOS/Source/tasks.o
                0x08006058                xTaskIncrementTick
 .text.vTaskSwitchContext
                0x080061cc       0xb8 ./Middlewares/Third_Party/FreeRTOS/Source/tasks.o
                0x080061cc                vTaskSwitchContext
 .text.prvResetNextTaskUnblockTime
                0x08006284       0x40 ./Middlewares/Third_Party/FreeRTOS/Source/tasks.o
 *fill*         0x080062c4        0xc 
 .text.SVC_Handler
                0x080062d0       0x28 ./Middlewares/Third_Party/FreeRTOS/Source/portable/GCC/ARM_CM4F/port.o
                0x080062d0                SVC_Handler
 *fill*         0x080062f8        0x8 
 .text.PendSV_Handler
                0x08006300       0x68 ./Middlewares/Third_Party/FreeRTOS/Source/portable/GCC/ARM_CM4F/port.o
                0x08006300                PendSV_Handler
 .text.SysTick_Handler
                0x08006368       0x44 ./Middlewares/Third_Party/FreeRTOS/Source/portable/GCC/ARM_CM4F/port.o
                0x08006368                SysTick_Handler
 .text.malloc   0x080063ac       0x10 C:/ST/STM32CubeIDE_1.16.1/STM32CubeIDE/plugins/com.st.stm32cube.ide.mcu.externaltools.gnu-tools-for-stm32.12.3.rel1.win32_1.0.200.202406191623/tools/bin/../lib/gcc/arm-none-eabi/12.3.1/../../../../arm-none-eabi/lib/thumb/v7e-m+fp/hard\libc_nano.a(libc_a-malloc.o)
                0x080063ac                malloc
 .text.sbrk_aligned
                0x080063bc       0x44 C:/ST/STM32CubeIDE_1.16.1/STM32CubeIDE/plugins/com.st.stm32cube.ide.mcu.externaltools.gnu-tools-for-stm32.12.3.rel1.win32_1.0.200.202406191623/tools/bin/../lib/gcc/arm-none-eabi/12.3.1/../../../../arm-none-eabi/lib/thumb/v7e-m+fp/hard\libc_nano.a(libc_a-mallocr.o)
 .text._malloc_r
                0x08006400      0x100 C:/ST/STM32CubeIDE_1.16.1/STM32CubeIDE/plugins/com.st.stm32cube.ide.mcu.externaltools.gnu-tools-for-stm32.12.3.rel1.win32_1.0.200.202406191623/tools/bin/../lib/gcc/arm-none-eabi/12.3.1/../../../../arm-none-eabi/lib/thumb/v7e-m+fp/hard\libc_nano.a(libc_a-mallocr.o)
                0x08006400                _malloc_r
 .text.__malloc_lock
                0x08006500        0xc C:/ST/STM32CubeIDE_1.16.1/STM32CubeIDE/plugins/com.st.stm32cube.ide.mcu.externaltools.gnu-tools-for-stm32.12.3.rel1.win32_1.0.200.202406191623/tools/bin/../lib/gcc/arm-none-eabi/12.3.1/../../../../arm-none-eabi/lib/thumb/v7e-m+fp/hard\libc_nano.a(libc_a-mlock.o)
                0x08006500                __malloc_lock
 .text.__malloc_unlock
                0x0800650c        0xc C:/ST/STM32CubeIDE_1.16.1/STM32CubeIDE/plugins/com.st.stm32cube.ide.mcu.externaltools.gnu-tools-for-stm32.12.3.rel1.win32_1.0.200.202406191623/tools/bin/../lib/gcc/arm-none-eabi/12.3.1/../../../../arm-none-eabi/lib/thumb/v7e-m+fp/hard\libc_nano.a(libc_a-mlock.o)
                0x0800650c                __malloc_unlock
 .text.std      0x08006518       0x6c C:/ST/STM32CubeIDE_1.16.1/STM32CubeIDE/plugins/com.st.stm32cube.ide.mcu.externaltools.gnu-tools-for-stm32.12.3.rel1.win32_1.0.200.202406191623/tools/bin/../lib/gcc/arm-none-eabi/12.3.1/../../../../arm-none-eabi/lib/thumb/v7e-m+fp/hard\libc_nano.a(libc_a-findfp.o)
 .text.stdio_exit_handler
                0x08006584       0x18 C:/ST/STM32CubeIDE_1.16.1/STM32CubeIDE/plugins/com.st.stm32cube.ide.mcu.externaltools.gnu-tools-for-stm32.12.3.rel1.win32_1.0.200.202406191623/tools/bin/../lib/gcc/arm-none-eabi/12.3.1/../../../../arm-none-eabi/lib/thumb/v7e-m+fp/hard\libc_nano.a(libc_a-findfp.o)
 .text.cleanup_stdio
                0x0800659c       0x40 C:/ST/STM32CubeIDE_1.16.1/STM32CubeIDE/plugins/com.st.stm32cube.ide.mcu.externaltools.gnu-tools-for-stm32.12.3.rel1.win32_1.0.200.202406191623/tools/bin/../lib/gcc/arm-none-eabi/12.3.1/../../../../arm-none-eabi/lib/thumb/v7e-m+fp/hard\libc_nano.a(libc_a-findfp.o)
 .text.global_stdio_init.part.0
                0x080065dc       0x3c C:/ST/STM32CubeIDE_1.16.1/STM32CubeIDE/plugins/com.st.stm32cube.ide.mcu.externaltools.gnu-tools-for-stm32.12.3.rel1.win32_1.0.200.202406191623/tools/bin/../lib/gcc/arm-none-eabi/12.3.1/../../../../arm-none-eabi/lib/thumb/v7e-m+fp/hard\libc_nano.a(libc_a-findfp.o)
 .text.__sfp_lock_acquire
                0x08006618        0xc C:/ST/STM32CubeIDE_1.16.1/STM32CubeIDE/plugins/com.st.stm32cube.ide.mcu.externaltools.gnu-tools-for-stm32.12.3.rel1.win32_1.0.200.202406191623/tools/bin/../lib/gcc/arm-none-eabi/12.3.1/../../../../arm-none-eabi/lib/thumb/v7e-m+fp/hard\libc_nano.a(libc_a-findfp.o)
                0x08006618                __sfp_lock_acquire
 .text.__sfp_lock_release
                0x08006624        0xc C:/ST/STM32CubeIDE_1.16.1/STM32CubeIDE/plugins/com.st.stm32cube.ide.mcu.externaltools.gnu-tools-for-stm32.12.3.rel1.win32_1.0.200.202406191623/tools/bin/../lib/gcc/arm-none-eabi/12.3.1/../../../../arm-none-eabi/lib/thumb/v7e-m+fp/hard\libc_nano.a(libc_a-findfp.o)
                0x08006624                __sfp_lock_release
 .text.__sinit  0x08006630       0x30 C:/ST/STM32CubeIDE_1.16.1/STM32CubeIDE/plugins/com.st.stm32cube.ide.mcu.externaltools.gnu-tools-for-stm32.12.3.rel1.win32_1.0.200.202406191623/tools/bin/../lib/gcc/arm-none-eabi/12.3.1/../../../../arm-none-eabi/lib/thumb/v7e-m+fp/hard\libc_nano.a(libc_a-findfp.o)
                0x08006630                __sinit
 .text._fwalk_sglue
                0x08006660       0x3c C:/ST/STM32CubeIDE_1.16.1/STM32CubeIDE/plugins/com.st.stm32cube.ide.mcu.externaltools.gnu-tools-for-stm32.12.3.rel1.win32_1.0.200.202406191623/tools/bin/../lib/gcc/arm-none-eabi/12.3.1/../../../../arm-none-eabi/lib/thumb/v7e-m+fp/hard\libc_nano.a(libc_a-fwalk.o)
                0x08006660                _fwalk_sglue
 .text.printf   0x0800669c       0x24 C:/ST/STM32CubeIDE_1.16.1/STM32CubeIDE/plugins/com.st.stm32cube.ide.mcu.externaltools.gnu-tools-for-stm32.12.3.rel1.win32_1.0.200.202406191623/tools/bin/../lib/gcc/arm-none-eabi/12.3.1/../../../../arm-none-eabi/lib/thumb/v7e-m+fp/hard\libc_nano.a(libc_a-printf.o)
                0x0800669c                iprintf
                0x0800669c                printf
 .text.putchar  0x080066c0       0x10 C:/ST/STM32CubeIDE_1.16.1/STM32CubeIDE/plugins/com.st.stm32cube.ide.mcu.externaltools.gnu-tools-for-stm32.12.3.rel1.win32_1.0.200.202406191623/tools/bin/../lib/gcc/arm-none-eabi/12.3.1/../../../../arm-none-eabi/lib/thumb/v7e-m+fp/hard\libc_nano.a(libc_a-putchar.o)
                0x080066c0                putchar
 .text.__sread  0x080066d0       0x22 C:/ST/STM32CubeIDE_1.16.1/STM32CubeIDE/plugins/com.st.stm32cube.ide.mcu.externaltools.gnu-tools-for-stm32.12.3.rel1.win32_1.0.200.202406191623/tools/bin/../lib/gcc/arm-none-eabi/12.3.1/../../../../arm-none-eabi/lib/thumb/v7e-m+fp/hard\libc_nano.a(libc_a-stdio.o)
                0x080066d0                __sread
 .text.__swrite
                0x080066f2       0x38 C:/ST/STM32CubeIDE_1.16.1/STM32CubeIDE/plugins/com.st.stm32cube.ide.mcu.externaltools.gnu-tools-for-stm32.12.3.rel1.win32_1.0.200.202406191623/tools/bin/../lib/gcc/arm-none-eabi/12.3.1/../../../../arm-none-eabi/lib/thumb/v7e-m+fp/hard\libc_nano.a(libc_a-stdio.o)
                0x080066f2                __swrite
 .text.__sseek  0x0800672a       0x24 C:/ST/STM32CubeIDE_1.16.1/STM32CubeIDE/plugins/com.st.stm32cube.ide.mcu.externaltools.gnu-tools-for-stm32.12.3.rel1.win32_1.0.200.202406191623/tools/bin/../lib/gcc/arm-none-eabi/12.3.1/../../../../arm-none-eabi/lib/thumb/v7e-m+fp/hard\libc_nano.a(libc_a-stdio.o)
                0x0800672a                __sseek
 .text.__sclose
                0x0800674e        0x8 C:/ST/STM32CubeIDE_1.16.1/STM32CubeIDE/plugins/com.st.stm32cube.ide.mcu.externaltools.gnu-tools-for-stm32.12.3.rel1.win32_1.0.200.202406191623/tools/bin/../lib/gcc/arm-none-eabi/12.3.1/../../../../arm-none-eabi/lib/thumb/v7e-m+fp/hard\libc_nano.a(libc_a-stdio.o)
                0x0800674e                __sclose
 .text.memset   0x08006756       0x10 C:/ST/STM32CubeIDE_1.16.1/STM32CubeIDE/plugins/com.st.stm32cube.ide.mcu.externaltools.gnu-tools-for-stm32.12.3.rel1.win32_1.0.200.202406191623/tools/bin/../lib/gcc/arm-none-eabi/12.3.1/../../../../arm-none-eabi/lib/thumb/v7e-m+fp/hard\libc_nano.a(libc_a-memset.o)
                0x08006756                memset
 *fill*         0x08006766        0x2 
 .text._close_r
                0x08006768       0x20 C:/ST/STM32CubeIDE_1.16.1/STM32CubeIDE/plugins/com.st.stm32cube.ide.mcu.externaltools.gnu-tools-for-stm32.12.3.rel1.win32_1.0.200.202406191623/tools/bin/../lib/gcc/arm-none-eabi/12.3.1/../../../../arm-none-eabi/lib/thumb/v7e-m+fp/hard\libc_nano.a(libc_a-closer.o)
                0x08006768                _close_r
 .text._lseek_r
                0x08006788       0x24 C:/ST/STM32CubeIDE_1.16.1/STM32CubeIDE/plugins/com.st.stm32cube.ide.mcu.externaltools.gnu-tools-for-stm32.12.3.rel1.win32_1.0.200.202406191623/tools/bin/../lib/gcc/arm-none-eabi/12.3.1/../../../../arm-none-eabi/lib/thumb/v7e-m+fp/hard\libc_nano.a(libc_a-lseekr.o)
                0x08006788                _lseek_r
 .text._read_r  0x080067ac       0x24 C:/ST/STM32CubeIDE_1.16.1/STM32CubeIDE/plugins/com.st.stm32cube.ide.mcu.externaltools.gnu-tools-for-stm32.12.3.rel1.win32_1.0.200.202406191623/tools/bin/../lib/gcc/arm-none-eabi/12.3.1/../../../../arm-none-eabi/lib/thumb/v7e-m+fp/hard\libc_nano.a(libc_a-readr.o)
                0x080067ac                _read_r
 .text._sbrk_r  0x080067d0       0x20 C:/ST/STM32CubeIDE_1.16.1/STM32CubeIDE/plugins/com.st.stm32cube.ide.mcu.externaltools.gnu-tools-for-stm32.12.3.rel1.win32_1.0.200.202406191623/tools/bin/../lib/gcc/arm-none-eabi/12.3.1/../../../../arm-none-eabi/lib/thumb/v7e-m+fp/hard\libc_nano.a(libc_a-sbrkr.o)
                0x080067d0                _sbrk_r
 .text._write_r
                0x080067f0       0x24 C:/ST/STM32CubeIDE_1.16.1/STM32CubeIDE/plugins/com.st.stm32cube.ide.mcu.externaltools.gnu-tools-for-stm32.12.3.rel1.win32_1.0.200.202406191623/tools/bin/../lib/gcc/arm-none-eabi/12.3.1/../../../../arm-none-eabi/lib/thumb/v7e-m+fp/hard\libc_nano.a(libc_a-writer.o)
                0x080067f0                _write_r
 .text.__errno  0x08006814        0xc C:/ST/STM32CubeIDE_1.16.1/STM32CubeIDE/plugins/com.st.stm32cube.ide.mcu.externaltools.gnu-tools-for-stm32.12.3.rel1.win32_1.0.200.202406191623/tools/bin/../lib/gcc/arm-none-eabi/12.3.1/../../../../arm-none-eabi/lib/thumb/v7e-m+fp/hard\libc_nano.a(libc_a-errno.o)
                0x08006814                __errno
 .text.__libc_init_array
                0x08006820       0x48 C:/ST/STM32CubeIDE_1.16.1/STM32CubeIDE/plugins/com.st.stm32cube.ide.mcu.externaltools.gnu-tools-for-stm32.12.3.rel1.win32_1.0.200.202406191623/tools/bin/../lib/gcc/arm-none-eabi/12.3.1/../../../../arm-none-eabi/lib/thumb/v7e-m+fp/hard\libc_nano.a(libc_a-init.o)
                0x08006820                __libc_init_array
 .text._free_r  0x08006868       0x94 C:/ST/STM32CubeIDE_1.16.1/STM32CubeIDE/plugins/com.st.stm32cube.ide.mcu.externaltools.gnu-tools-for-stm32.12.3.rel1.win32_1.0.200.202406191623/tools/bin/../lib/gcc/arm-none-eabi/12.3.1/../../../../arm-none-eabi/lib/thumb/v7e-m+fp/hard\libc_nano.a(libc_a-freer.o)
                0x08006868                _free_r
 .text.__sfputc_r
                0x080068fc       0x2e C:/ST/STM32CubeIDE_1.16.1/STM32CubeIDE/plugins/com.st.stm32cube.ide.mcu.externaltools.gnu-tools-for-stm32.12.3.rel1.win32_1.0.200.202406191623/tools/bin/../lib/gcc/arm-none-eabi/12.3.1/../../../../arm-none-eabi/lib/thumb/v7e-m+fp/hard\libc_nano.a(libc_a-nano-vfprintf.o)
 .text.__sfputs_r
                0x0800692a       0x24 C:/ST/STM32CubeIDE_1.16.1/STM32CubeIDE/plugins/com.st.stm32cube.ide.mcu.externaltools.gnu-tools-for-stm32.12.3.rel1.win32_1.0.200.202406191623/tools/bin/../lib/gcc/arm-none-eabi/12.3.1/../../../../arm-none-eabi/lib/thumb/v7e-m+fp/hard\libc_nano.a(libc_a-nano-vfprintf.o)
                0x0800692a                __sfputs_r
 *fill*         0x0800694e        0x2 
 .text._vfprintf_r
                0x08006950      0x230 C:/ST/STM32CubeIDE_1.16.1/STM32CubeIDE/plugins/com.st.stm32cube.ide.mcu.externaltools.gnu-tools-for-stm32.12.3.rel1.win32_1.0.200.202406191623/tools/bin/../lib/gcc/arm-none-eabi/12.3.1/../../../../arm-none-eabi/lib/thumb/v7e-m+fp/hard\libc_nano.a(libc_a-nano-vfprintf.o)
                0x08006950                _vfprintf_r
                0x08006950                _vfiprintf_r
 .text._printf_common
                0x08006b80       0xda C:/ST/STM32CubeIDE_1.16.1/STM32CubeIDE/plugins/com.st.stm32cube.ide.mcu.externaltools.gnu-tools-for-stm32.12.3.rel1.win32_1.0.200.202406191623/tools/bin/../lib/gcc/arm-none-eabi/12.3.1/../../../../arm-none-eabi/lib/thumb/v7e-m+fp/hard\libc_nano.a(libc_a-nano-vfprintf_i.o)
                0x08006b80                _printf_common
 *fill*         0x08006c5a        0x2 
 .text._printf_i
                0x08006c5c      0x240 C:/ST/STM32CubeIDE_1.16.1/STM32CubeIDE/plugins/com.st.stm32cube.ide.mcu.externaltools.gnu-tools-for-stm32.12.3.rel1.win32_1.0.200.202406191623/tools/bin/../lib/gcc/arm-none-eabi/12.3.1/../../../../arm-none-eabi/lib/thumb/v7e-m+fp/hard\libc_nano.a(libc_a-nano-vfprintf_i.o)
                0x08006c5c                _printf_i
 .text.__sflush_r
                0x08006e9c      0x108 C:/ST/STM32CubeIDE_1.16.1/STM32CubeIDE/plugins/com.st.stm32cube.ide.mcu.externaltools.gnu-tools-for-stm32.12.3.rel1.win32_1.0.200.202406191623/tools/bin/../lib/gcc/arm-none-eabi/12.3.1/../../../../arm-none-eabi/lib/thumb/v7e-m+fp/hard\libc_nano.a(libc_a-fflush.o)
                0x08006e9c                __sflush_r
 .text._fflush_r
                0x08006fa4       0x50 C:/ST/STM32CubeIDE_1.16.1/STM32CubeIDE/plugins/com.st.stm32cube.ide.mcu.externaltools.gnu-tools-for-stm32.12.3.rel1.win32_1.0.200.202406191623/tools/bin/../lib/gcc/arm-none-eabi/12.3.1/../../../../arm-none-eabi/lib/thumb/v7e-m+fp/hard\libc_nano.a(libc_a-fflush.o)
                0x08006fa4                _fflush_r
 .text._putc_r  0x08006ff4       0x68 C:/ST/STM32CubeIDE_1.16.1/STM32CubeIDE/plugins/com.st.stm32cube.ide.mcu.externaltools.gnu-tools-for-stm32.12.3.rel1.win32_1.0.200.202406191623/tools/bin/../lib/gcc/arm-none-eabi/12.3.1/../../../../arm-none-eabi/lib/thumb/v7e-m+fp/hard\libc_nano.a(libc_a-putc.o)
                0x08006ff4                _putc_r
 .text.__swbuf_r
                0x0800705c       0x7c C:/ST/STM32CubeIDE_1.16.1/STM32CubeIDE/plugins/com.st.stm32cube.ide.mcu.externaltools.gnu-tools-for-stm32.12.3.rel1.win32_1.0.200.202406191623/tools/bin/../lib/gcc/arm-none-eabi/12.3.1/../../../../arm-none-eabi/lib/thumb/v7e-m+fp/hard\libc_nano.a(libc_a-wbuf.o)
                0x0800705c                __swbuf_r
 .text.__swsetup_r
                0x080070d8       0xac C:/ST/STM32CubeIDE_1.16.1/STM32CubeIDE/plugins/com.st.stm32cube.ide.mcu.externaltools.gnu-tools-for-stm32.12.3.rel1.win32_1.0.200.202406191623/tools/bin/../lib/gcc/arm-none-eabi/12.3.1/../../../../arm-none-eabi/lib/thumb/v7e-m+fp/hard\libc_nano.a(libc_a-wsetup.o)
                0x080070d8                __swsetup_r
 .text.__swhatbuf_r
                0x08007184       0x4c C:/ST/STM32CubeIDE_1.16.1/STM32CubeIDE/plugins/com.st.stm32cube.ide.mcu.externaltools.gnu-tools-for-stm32.12.3.rel1.win32_1.0.200.202406191623/tools/bin/../lib/gcc/arm-none-eabi/12.3.1/../../../../arm-none-eabi/lib/thumb/v7e-m+fp/hard\libc_nano.a(libc_a-makebuf.o)
                0x08007184                __swhatbuf_r
 .text.__smakebuf_r
                0x080071d0       0x78 C:/ST/STM32CubeIDE_1.16.1/STM32CubeIDE/plugins/com.st.stm32cube.ide.mcu.externaltools.gnu-tools-for-stm32.12.3.rel1.win32_1.0.200.202406191623/tools/bin/../lib/gcc/arm-none-eabi/12.3.1/../../../../arm-none-eabi/lib/thumb/v7e-m+fp/hard\libc_nano.a(libc_a-makebuf.o)
                0x080071d0                __smakebuf_r
 .text._fstat_r
                0x08007248       0x24 C:/ST/STM32CubeIDE_1.16.1/STM32CubeIDE/plugins/com.st.stm32cube.ide.mcu.externaltools.gnu-tools-for-stm32.12.3.rel1.win32_1.0.200.202406191623/tools/bin/../lib/gcc/arm-none-eabi/12.3.1/../../../../arm-none-eabi/lib/thumb/v7e-m+fp/hard\libc_nano.a(libc_a-fstatr.o)
                0x08007248                _fstat_r
 .text._isatty_r
                0x0800726c       0x20 C:/ST/STM32CubeIDE_1.16.1/STM32CubeIDE/plugins/com.st.stm32cube.ide.mcu.externaltools.gnu-tools-for-stm32.12.3.rel1.win32_1.0.200.202406191623/tools/bin/../lib/gcc/arm-none-eabi/12.3.1/../../../../arm-none-eabi/lib/thumb/v7e-m+fp/hard\libc_nano.a(libc_a-isattyr.o)
                0x0800726c                _isatty_r
 *(.glue_7)
 .glue_7        0x0800728c        0x0 linker stubs
 *(.glue_7t)
 .glue_7t       0x0800728c        0x0 linker stubs
 *(.eh_frame)
 .eh_frame      0x0800728c        0x0 C:/ST/STM32CubeIDE_1.16.1/STM32CubeIDE/plugins/com.st.stm32cube.ide.mcu.externaltools.gnu-tools-for-stm32.12.3.rel1.win32_1.0.200.202406191623/tools/bin/../lib/gcc/arm-none-eabi/12.3.1/thumb/v7e-m+fp/hard/crtbegin.o
 *(.init)
 .init          0x0800728c        0x4 C:/ST/STM32CubeIDE_1.16.1/STM32CubeIDE/plugins/com.st.stm32cube.ide.mcu.externaltools.gnu-tools-for-stm32.12.3.rel1.win32_1.0.200.202406191623/tools/bin/../lib/gcc/arm-none-eabi/12.3.1/thumb/v7e-m+fp/hard/crti.o
                0x0800728c                _init
 .init          0x08007290        0x8 C:/ST/STM32CubeIDE_1.16.1/STM32CubeIDE/plugins/com.st.stm32cube.ide.mcu.externaltools.gnu-tools-for-stm32.12.3.rel1.win32_1.0.200.202406191623/tools/bin/../lib/gcc/arm-none-eabi/12.3.1/thumb/v7e-m+fp/hard/crtn.o
 *(.fini)
 .fini          0x08007298        0x4 C:/ST/STM32CubeIDE_1.16.1/STM32CubeIDE/plugins/com.st.stm32cube.ide.mcu.externaltools.gnu-tools-for-stm32.12.3.rel1.win32_1.0.200.202406191623/tools/bin/../lib/gcc/arm-none-eabi/12.3.1/thumb/v7e-m+fp/hard/crti.o
                0x08007298                _fini
 .fini          0x0800729c        0x8 C:/ST/STM32CubeIDE_1.16.1/STM32CubeIDE/plugins/com.st.stm32cube.ide.mcu.externaltools.gnu-tools-for-stm32.12.3.rel1.win32_1.0.200.202406191623/tools/bin/../lib/gcc/arm-none-eabi/12.3.1/thumb/v7e-m+fp/hard/crtn.o
                0x080072a4                        . = ALIGN (0x4)
                0x080072a4                        _etext = .

.vfp11_veneer   0x080072a4        0x0
 .vfp11_veneer  0x080072a4        0x0 linker stubs

.v4_bx          0x080072a4        0x0
 .v4_bx         0x080072a4        0x0 linker stubs

.iplt           0x080072a4        0x0
 .iplt          0x080072a4        0x0 C:/ST/STM32CubeIDE_1.16.1/STM32CubeIDE/plugins/com.st.stm32cube.ide.mcu.externaltools.gnu-tools-for-stm32.12.3.rel1.win32_1.0.200.202406191623/tools/bin/../lib/gcc/arm-none-eabi/12.3.1/thumb/v7e-m+fp/hard/crtbegin.o

.rodata         0x080072a4       0xd8
                0x080072a4                        . = ALIGN (0x4)
 *(.rodata)
 .rodata        0x080072a4       0x28 ./Drivers/Logger/log.o
 .rodata        0x080072cc       0x4c ./Drivers/Mpu6500/mpu6500.o
 *(.rodata*)
 .rodata.AHBPrescTable
                0x08007318       0x10 ./Core/Src/system_stm32f4xx.o
                0x08007318                AHBPrescTable
 .rodata.APBPrescTable
                0x08007328        0x8 ./Core/Src/system_stm32f4xx.o
                0x08007328                APBPrescTable
 .rodata.__FUNCTION__.0
                0x08007330        0xd ./Drivers/Mpu6500/mpu6500.o
 *fill*         0x0800733d        0x3 
 .rodata.flagBitshiftOffset.0
                0x08007340        0x8 ./Drivers/STM32F4xx_HAL_Driver/Src/stm32f4xx_hal_dma.o
 .rodata._vfprintf_r.str1.1
                0x08007348       0x11 C:/ST/STM32CubeIDE_1.16.1/STM32CubeIDE/plugins/com.st.stm32cube.ide.mcu.externaltools.gnu-tools-for-stm32.12.3.rel1.win32_1.0.200.202406191623/tools/bin/../lib/gcc/arm-none-eabi/12.3.1/../../../../arm-none-eabi/lib/thumb/v7e-m+fp/hard\libc_nano.a(libc_a-nano-vfprintf.o)
 .rodata._printf_i.str1.1
                0x08007359       0x22 C:/ST/STM32CubeIDE_1.16.1/STM32CubeIDE/plugins/com.st.stm32cube.ide.mcu.externaltools.gnu-tools-for-stm32.12.3.rel1.win32_1.0.200.202406191623/tools/bin/../lib/gcc/arm-none-eabi/12.3.1/../../../../arm-none-eabi/lib/thumb/v7e-m+fp/hard\libc_nano.a(libc_a-nano-vfprintf_i.o)
                0x0800737c                        . = ALIGN (0x4)
 *fill*         0x0800737b        0x1 

.ARM.extab      0x0800737c        0x0
                0x0800737c                        . = ALIGN (0x4)
 *(.ARM.extab* .gnu.linkonce.armextab.*)
                0x0800737c                        . = ALIGN (0x4)

.ARM            0x0800737c        0x8
                0x0800737c                        . = ALIGN (0x4)
                0x0800737c                        __exidx_start = .
 *(.ARM.exidx*)
 .ARM.exidx     0x0800737c        0x8 C:/ST/STM32CubeIDE_1.16.1/STM32CubeIDE/plugins/com.st.stm32cube.ide.mcu.externaltools.gnu-tools-for-stm32.12.3.rel1.win32_1.0.200.202406191623/tools/bin/../lib/gcc/arm-none-eabi/12.3.1/../../../../arm-none-eabi/lib/thumb/v7e-m+fp/hard\libc_nano.a(libc_a-memchr.o)
 .ARM.exidx     0x08007384        0x0 C:/ST/STM32CubeIDE_1.16.1/STM32CubeIDE/plugins/com.st.stm32cube.ide.mcu.externaltools.gnu-tools-for-stm32.12.3.rel1.win32_1.0.200.202406191623/tools/bin/../lib/gcc/arm-none-eabi/12.3.1/thumb/v7e-m+fp/hard\libgcc.a(_udivmoddi4.o)
                                  0x8 (size before relaxing)
                0x08007384                        __exidx_end = .
                0x08007384                        . = ALIGN (0x4)

.preinit_array  0x08007384        0x0
                0x08007384                        . = ALIGN (0x4)
                0x08007384                        PROVIDE (__preinit_array_start = .)
 *(.preinit_array*)
                0x08007384                        PROVIDE (__preinit_array_end = .)
                0x08007384                        . = ALIGN (0x4)

.init_array     0x08007384        0x4
                0x08007384                        . = ALIGN (0x4)
                0x08007384                        PROVIDE (__init_array_start = .)
 *(SORT_BY_NAME(.init_array.*))
 *(.init_array*)
 .init_array    0x08007384        0x4 C:/ST/STM32CubeIDE_1.16.1/STM32CubeIDE/plugins/com.st.stm32cube.ide.mcu.externaltools.gnu-tools-for-stm32.12.3.rel1.win32_1.0.200.202406191623/tools/bin/../lib/gcc/arm-none-eabi/12.3.1/thumb/v7e-m+fp/hard/crtbegin.o
                0x08007388                        PROVIDE (__init_array_end = .)
                0x08007388                        . = ALIGN (0x4)

.fini_array     0x08007388        0x4
                0x08007388                        . = ALIGN (0x4)
                [!provide]                        PROVIDE (__fini_array_start = .)
 *(SORT_BY_NAME(.fini_array.*))
 *(.fini_array*)
 .fini_array    0x08007388        0x4 C:/ST/STM32CubeIDE_1.16.1/STM32CubeIDE/plugins/com.st.stm32cube.ide.mcu.externaltools.gnu-tools-for-stm32.12.3.rel1.win32_1.0.200.202406191623/tools/bin/../lib/gcc/arm-none-eabi/12.3.1/thumb/v7e-m+fp/hard/crtbegin.o
                [!provide]                        PROVIDE (__fini_array_end = .)
                0x0800738c                        . = ALIGN (0x4)
                0x0800738c                        _sidata = LOADADDR (.data)

.rel.dyn        0x0800738c        0x0
 .rel.iplt      0x0800738c        0x0 C:/ST/STM32CubeIDE_1.16.1/STM32CubeIDE/plugins/com.st.stm32cube.ide.mcu.externaltools.gnu-tools-for-stm32.12.3.rel1.win32_1.0.200.202406191623/tools/bin/../lib/gcc/arm-none-eabi/12.3.1/thumb/v7e-m+fp/hard/crtbegin.o

.data           0x20000000       0x68 load address 0x0800738c
                0x20000000                        . = ALIGN (0x4)
                0x20000000                        _sdata = .
 *(.data)
 *(.data*)
 .data.SystemCoreClock
                0x20000000        0x4 ./Core/Src/system_stm32f4xx.o
                0x20000000                SystemCoreClock
 .data.uwTickPrio
                0x20000004        0x4 ./Drivers/STM32F4xx_HAL_Driver/Src/stm32f4xx_hal.o
                0x20000004                uwTickPrio
 .data.uwTickFreq
                0x20000008        0x1 ./Drivers/STM32F4xx_HAL_Driver/Src/stm32f4xx_hal.o
                0x20000008                uwTickFreq
 *fill*         0x20000009        0x3 
 .data.__sglue  0x2000000c        0xc C:/ST/STM32CubeIDE_1.16.1/STM32CubeIDE/plugins/com.st.stm32cube.ide.mcu.externaltools.gnu-tools-for-stm32.12.3.rel1.win32_1.0.200.202406191623/tools/bin/../lib/gcc/arm-none-eabi/12.3.1/../../../../arm-none-eabi/lib/thumb/v7e-m+fp/hard\libc_nano.a(libc_a-findfp.o)
                0x2000000c                __sglue
 .data._impure_ptr
                0x20000018        0x4 C:/ST/STM32CubeIDE_1.16.1/STM32CubeIDE/plugins/com.st.stm32cube.ide.mcu.externaltools.gnu-tools-for-stm32.12.3.rel1.win32_1.0.200.202406191623/tools/bin/../lib/gcc/arm-none-eabi/12.3.1/../../../../arm-none-eabi/lib/thumb/v7e-m+fp/hard\libc_nano.a(libc_a-impure.o)
                0x20000018                _impure_ptr
 .data._impure_data
                0x2000001c       0x4c C:/ST/STM32CubeIDE_1.16.1/STM32CubeIDE/plugins/com.st.stm32cube.ide.mcu.externaltools.gnu-tools-for-stm32.12.3.rel1.win32_1.0.200.202406191623/tools/bin/../lib/gcc/arm-none-eabi/12.3.1/../../../../arm-none-eabi/lib/thumb/v7e-m+fp/hard\libc_nano.a(libc_a-impure.o)
                0x2000001c                _impure_data
 *(.RamFunc)
 *(.RamFunc*)
                0x20000068                        . = ALIGN (0x4)
                0x20000068                        _edata = .
                0x080073f4                        _siccmram = LOADADDR (.ccmram)

.igot.plt       0x20000068        0x0 load address 0x080073f4
 .igot.plt      0x20000068        0x0 C:/ST/STM32CubeIDE_1.16.1/STM32CubeIDE/plugins/com.st.stm32cube.ide.mcu.externaltools.gnu-tools-for-stm32.12.3.rel1.win32_1.0.200.202406191623/tools/bin/../lib/gcc/arm-none-eabi/12.3.1/thumb/v7e-m+fp/hard/crtbegin.o

.ccmram         0x10000000        0x0 load address 0x080073f4
                0x10000000                        . = ALIGN (0x4)
                0x10000000                        _sccmram = .
 *(.ccmram)
 *(.ccmram*)
                0x10000000                        . = ALIGN (0x4)
                0x10000000                        _eccmram = .
                0x10000000                        . = ALIGN (0x4)

.bss            0x20000068      0x640
                0x20000068                        _sbss = .
                0x20000068                        __bss_start__ = _sbss
 *(.bss)
 .bss           0x20000068       0x1c C:/ST/STM32CubeIDE_1.16.1/STM32CubeIDE/plugins/com.st.stm32cube.ide.mcu.externaltools.gnu-tools-for-stm32.12.3.rel1.win32_1.0.200.202406191623/tools/bin/../lib/gcc/arm-none-eabi/12.3.1/thumb/v7e-m+fp/hard/crtbegin.o
 *(.bss*)
 .bss.hadc1     0x20000084       0x48 ./Core/Src/adc.o
                0x20000084                hadc1
 .bss.hdma_adc1
                0x200000cc       0x60 ./Core/Src/adc.o
                0x200000cc                hdma_adc1
 .bss.hi2c1     0x2000012c       0x54 ./Core/Src/i2c.o
                0x2000012c                hi2c1
 .bss.hi2c2     0x20000180       0x54 ./Core/Src/i2c.o
                0x20000180                hi2c2
 .bss.hi2c3     0x200001d4       0x54 ./Core/Src/i2c.o
                0x200001d4                hi2c3
 .bss.hspi1     0x20000228       0x58 ./Core/Src/spi.o
                0x20000228                hspi1
 .bss.htim1     0x20000280       0x48 ./Core/Src/stm32f4xx_hal_timebase_tim.o
                0x20000280                htim1
 .bss.__sbrk_heap_end
                0x200002c8        0x4 ./Core/Src/sysmem.o
 .bss.htim3     0x200002cc       0x48 ./Core/Src/tim.o
                0x200002cc                htim3
 .bss.htim10    0x20000314       0x48 ./Core/Src/tim.o
                0x20000314                htim10
 .bss.htim11    0x2000035c       0x48 ./Core/Src/tim.o
                0x2000035c                htim11
 .bss.htim12    0x200003a4       0x48 ./Core/Src/tim.o
                0x200003a4                htim12
 .bss.htim13    0x200003ec       0x48 ./Core/Src/tim.o
                0x200003ec                htim13
 .bss.huart2    0x20000434       0x48 ./Core/Src/usart.o
                0x20000434                huart2
 .bss.__lock___sfp_recursive_mutex
                0x2000047c        0xc ./Core/ThreadSafe/newlib_lock_glue.o
                0x2000047c                __lock___sfp_recursive_mutex
 .bss.__lock___malloc_recursive_mutex
                0x20000488        0xc ./Core/ThreadSafe/newlib_lock_glue.o
                0x20000488                __lock___malloc_recursive_mutex
 .bss.logger_initialised
                0x20000494        0x1 ./Drivers/Logger/log.o
 *fill*         0x20000495        0x3 
 .bss._buffer   0x20000498        0xe ./Drivers/Mpu6500/mpu6500.o
 *fill*         0x200004a6        0x2 
 .bss.uwTick    0x200004a8        0x4 ./Drivers/STM32F4xx_HAL_Driver/Src/stm32f4xx_hal.o
                0x200004a8                uwTick
 .bss.pxCurrentTCB
                0x200004ac        0x4 ./Middlewares/Third_Party/FreeRTOS/Source/tasks.o
                0x200004ac                pxCurrentTCB
 .bss.pxReadyTasksLists
                0x200004b0       0x8c ./Middlewares/Third_Party/FreeRTOS/Source/tasks.o
 .bss.pxDelayedTaskList
                0x2000053c        0x4 ./Middlewares/Third_Party/FreeRTOS/Source/tasks.o
 .bss.pxOverflowDelayedTaskList
                0x20000540        0x4 ./Middlewares/Third_Party/FreeRTOS/Source/tasks.o
 .bss.xTickCount
                0x20000544        0x4 ./Middlewares/Third_Party/FreeRTOS/Source/tasks.o
 .bss.uxTopReadyPriority
                0x20000548        0x4 ./Middlewares/Third_Party/FreeRTOS/Source/tasks.o
 .bss.xPendedTicks
                0x2000054c        0x4 ./Middlewares/Third_Party/FreeRTOS/Source/tasks.o
 .bss.xYieldPending
                0x20000550        0x4 ./Middlewares/Third_Party/FreeRTOS/Source/tasks.o
 .bss.xNumOfOverflows
                0x20000554        0x4 ./Middlewares/Third_Party/FreeRTOS/Source/tasks.o
 .bss.xNextTaskUnblockTime
                0x20000558        0x4 ./Middlewares/Third_Party/FreeRTOS/Source/tasks.o
 .bss.uxSchedulerSuspended
                0x2000055c        0x4 ./Middlewares/Third_Party/FreeRTOS/Source/tasks.o
 .bss.__malloc_sbrk_start
                0x20000560        0x4 C:/ST/STM32CubeIDE_1.16.1/STM32CubeIDE/plugins/com.st.stm32cube.ide.mcu.externaltools.gnu-tools-for-stm32.12.3.rel1.win32_1.0.200.202406191623/tools/bin/../lib/gcc/arm-none-eabi/12.3.1/../../../../arm-none-eabi/lib/thumb/v7e-m+fp/hard\libc_nano.a(libc_a-mallocr.o)
                0x20000560                __malloc_sbrk_start
 .bss.__malloc_free_list
                0x20000564        0x4 C:/ST/STM32CubeIDE_1.16.1/STM32CubeIDE/plugins/com.st.stm32cube.ide.mcu.externaltools.gnu-tools-for-stm32.12.3.rel1.win32_1.0.200.202406191623/tools/bin/../lib/gcc/arm-none-eabi/12.3.1/../../../../arm-none-eabi/lib/thumb/v7e-m+fp/hard\libc_nano.a(libc_a-mallocr.o)
                0x20000564                __malloc_free_list
 .bss.__sf      0x20000568      0x138 C:/ST/STM32CubeIDE_1.16.1/STM32CubeIDE/plugins/com.st.stm32cube.ide.mcu.externaltools.gnu-tools-for-stm32.12.3.rel1.win32_1.0.200.202406191623/tools/bin/../lib/gcc/arm-none-eabi/12.3.1/../../../../arm-none-eabi/lib/thumb/v7e-m+fp/hard\libc_nano.a(libc_a-findfp.o)
                0x20000568                __sf
 .bss.__stdio_exit_handler
                0x200006a0        0x4 C:/ST/STM32CubeIDE_1.16.1/STM32CubeIDE/plugins/com.st.stm32cube.ide.mcu.externaltools.gnu-tools-for-stm32.12.3.rel1.win32_1.0.200.202406191623/tools/bin/../lib/gcc/arm-none-eabi/12.3.1/../../../../arm-none-eabi/lib/thumb/v7e-m+fp/hard\libc_nano.a(libc_a-findfp.o)
                0x200006a0                __stdio_exit_handler
 .bss.errno     0x200006a4        0x4 C:/ST/STM32CubeIDE_1.16.1/STM32CubeIDE/plugins/com.st.stm32cube.ide.mcu.externaltools.gnu-tools-for-stm32.12.3.rel1.win32_1.0.200.202406191623/tools/bin/../lib/gcc/arm-none-eabi/12.3.1/../../../../arm-none-eabi/lib/thumb/v7e-m+fp/hard\libc_nano.a(libc_a-reent.o)
                0x200006a4                errno
 *(COMMON)
                0x200006a8                        . = ALIGN (0x4)
                0x200006a8                        _ebss = .
                0x200006a8                        __bss_end__ = _ebss

._user_heap_stack
                0x200006a8      0x600
                0x200006a8                        . = ALIGN (0x8)
                [!provide]                        PROVIDE (end = .)
                0x200006a8                        PROVIDE (_end = .)
                0x200008a8                        . = (. + _Min_Heap_Size)
 *fill*         0x200006a8      0x200 
                0x20000ca8                        . = (. + _Min_Stack_Size)
 *fill*         0x200008a8      0x400 
                0x20000ca8                        . = ALIGN (0x8)

/DISCARD/
 libc.a(*)
 libm.a(*)
 libgcc.a(*)

.ARM.attributes
                0x00000000       0x30
 *(.ARM.attributes)
 .ARM.attributes
                0x00000000       0x22 C:/ST/STM32CubeIDE_1.16.1/STM32CubeIDE/plugins/com.st.stm32cube.ide.mcu.externaltools.gnu-tools-for-stm32.12.3.rel1.win32_1.0.200.202406191623/tools/bin/../lib/gcc/arm-none-eabi/12.3.1/thumb/v7e-m+fp/hard/crti.o
 .ARM.attributes
                0x00000022       0x34 C:/ST/STM32CubeIDE_1.16.1/STM32CubeIDE/plugins/com.st.stm32cube.ide.mcu.externaltools.gnu-tools-for-stm32.12.3.rel1.win32_1.0.200.202406191623/tools/bin/../lib/gcc/arm-none-eabi/12.3.1/thumb/v7e-m+fp/hard/crtbegin.o
 .ARM.attributes
                0x00000056       0x34 ./Core/Src/adc.o
 .ARM.attributes
                0x0000008a       0x34 ./Core/Src/dma.o
 .ARM.attributes
                0x000000be       0x34 ./Core/Src/gpio.o
 .ARM.attributes
                0x000000f2       0x34 ./Core/Src/i2c.o
 .ARM.attributes
                0x00000126       0x34 ./Core/Src/main.o
 .ARM.attributes
                0x0000015a       0x34 ./Core/Src/spi.o
 .ARM.attributes
                0x0000018e       0x34 ./Core/Src/stm32f4xx_hal_msp.o
 .ARM.attributes
                0x000001c2       0x34 ./Core/Src/stm32f4xx_hal_timebase_tim.o
 .ARM.attributes
                0x000001f6       0x34 ./Core/Src/stm32f4xx_it.o
 .ARM.attributes
                0x0000022a       0x34 ./Core/Src/syscalls.o
 .ARM.attributes
                0x0000025e       0x34 ./Core/Src/sysmem.o
 .ARM.attributes
                0x00000292       0x34 ./Core/Src/system_stm32f4xx.o
 .ARM.attributes
                0x000002c6       0x34 ./Core/Src/tim.o
 .ARM.attributes
                0x000002fa       0x34 ./Core/Src/usart.o
 .ARM.attributes
                0x0000032e       0x21 ./Core/Startup/startup_stm32f405rgtx.o
 .ARM.attributes
                0x0000034f       0x34 ./Core/ThreadSafe/newlib_lock_glue.o
 .ARM.attributes
                0x00000383       0x34 ./Drivers/Drv8833/drv8833.o
 .ARM.attributes
                0x000003b7       0x34 ./Drivers/Logger/log.o
 .ARM.attributes
                0x000003eb       0x34 ./Drivers/Mpu6500/mpu6500.o
 .ARM.attributes
                0x0000041f       0x34 ./Drivers/Pwm/pwm.o
 .ARM.attributes
                0x00000453       0x34 ./Drivers/STM32F4xx_HAL_Driver/Src/stm32f4xx_hal.o
 .ARM.attributes
                0x00000487       0x34 ./Drivers/STM32F4xx_HAL_Driver/Src/stm32f4xx_hal_adc.o
 .ARM.attributes
                0x000004bb       0x34 ./Drivers/STM32F4xx_HAL_Driver/Src/stm32f4xx_hal_cortex.o
 .ARM.attributes
                0x000004ef       0x34 ./Drivers/STM32F4xx_HAL_Driver/Src/stm32f4xx_hal_dma.o
 .ARM.attributes
                0x00000523       0x34 ./Drivers/STM32F4xx_HAL_Driver/Src/stm32f4xx_hal_gpio.o
 .ARM.attributes
                0x00000557       0x34 ./Drivers/STM32F4xx_HAL_Driver/Src/stm32f4xx_hal_i2c.o
 .ARM.attributes
                0x0000058b       0x34 ./Drivers/STM32F4xx_HAL_Driver/Src/stm32f4xx_hal_rcc.o
 .ARM.attributes
                0x000005bf       0x34 ./Drivers/STM32F4xx_HAL_Driver/Src/stm32f4xx_hal_spi.o
 .ARM.attributes
                0x000005f3       0x34 ./Drivers/STM32F4xx_HAL_Driver/Src/stm32f4xx_hal_tim.o
 .ARM.attributes
                0x00000627       0x34 ./Drivers/STM32F4xx_HAL_Driver/Src/stm32f4xx_hal_tim_ex.o
 .ARM.attributes
                0x0000065b       0x34 ./Drivers/STM32F4xx_HAL_Driver/Src/stm32f4xx_hal_uart.o
 .ARM.attributes
                0x0000068f       0x34 ./Middlewares/Third_Party/FreeRTOS/Source/list.o
 .ARM.attributes
                0x000006c3       0x34 ./Middlewares/Third_Party/FreeRTOS/Source/tasks.o
 .ARM.attributes
                0x000006f7       0x34 ./Middlewares/Third_Party/FreeRTOS/Source/portable/GCC/ARM_CM4F/port.o
 .ARM.attributes
                0x0000072b       0x34 C:/ST/STM32CubeIDE_1.16.1/STM32CubeIDE/plugins/com.st.stm32cube.ide.mcu.externaltools.gnu-tools-for-stm32.12.3.rel1.win32_1.0.200.202406191623/tools/bin/../lib/gcc/arm-none-eabi/12.3.1/../../../../arm-none-eabi/lib/thumb/v7e-m+fp/hard\libc_nano.a(libc_a-malloc.o)
 .ARM.attributes
                0x0000075f       0x34 C:/ST/STM32CubeIDE_1.16.1/STM32CubeIDE/plugins/com.st.stm32cube.ide.mcu.externaltools.gnu-tools-for-stm32.12.3.rel1.win32_1.0.200.202406191623/tools/bin/../lib/gcc/arm-none-eabi/12.3.1/../../../../arm-none-eabi/lib/thumb/v7e-m+fp/hard\libc_nano.a(libc_a-mallocr.o)
 .ARM.attributes
                0x00000793       0x34 C:/ST/STM32CubeIDE_1.16.1/STM32CubeIDE/plugins/com.st.stm32cube.ide.mcu.externaltools.gnu-tools-for-stm32.12.3.rel1.win32_1.0.200.202406191623/tools/bin/../lib/gcc/arm-none-eabi/12.3.1/../../../../arm-none-eabi/lib/thumb/v7e-m+fp/hard\libc_nano.a(libc_a-mlock.o)
 .ARM.attributes
                0x000007c7       0x34 C:/ST/STM32CubeIDE_1.16.1/STM32CubeIDE/plugins/com.st.stm32cube.ide.mcu.externaltools.gnu-tools-for-stm32.12.3.rel1.win32_1.0.200.202406191623/tools/bin/../lib/gcc/arm-none-eabi/12.3.1/../../../../arm-none-eabi/lib/thumb/v7e-m+fp/hard\libc_nano.a(libc_a-findfp.o)
 .ARM.attributes
                0x000007fb       0x34 C:/ST/STM32CubeIDE_1.16.1/STM32CubeIDE/plugins/com.st.stm32cube.ide.mcu.externaltools.gnu-tools-for-stm32.12.3.rel1.win32_1.0.200.202406191623/tools/bin/../lib/gcc/arm-none-eabi/12.3.1/../../../../arm-none-eabi/lib/thumb/v7e-m+fp/hard\libc_nano.a(libc_a-fwalk.o)
 .ARM.attributes
                0x0000082f       0x34 C:/ST/STM32CubeIDE_1.16.1/STM32CubeIDE/plugins/com.st.stm32cube.ide.mcu.externaltools.gnu-tools-for-stm32.12.3.rel1.win32_1.0.200.202406191623/tools/bin/../lib/gcc/arm-none-eabi/12.3.1/../../../../arm-none-eabi/lib/thumb/v7e-m+fp/hard\libc_nano.a(libc_a-printf.o)
 .ARM.attributes
                0x00000863       0x34 C:/ST/STM32CubeIDE_1.16.1/STM32CubeIDE/plugins/com.st.stm32cube.ide.mcu.externaltools.gnu-tools-for-stm32.12.3.rel1.win32_1.0.200.202406191623/tools/bin/../lib/gcc/arm-none-eabi/12.3.1/../../../../arm-none-eabi/lib/thumb/v7e-m+fp/hard\libc_nano.a(libc_a-putchar.o)
 .ARM.attributes
                0x00000897       0x34 C:/ST/STM32CubeIDE_1.16.1/STM32CubeIDE/plugins/com.st.stm32cube.ide.mcu.externaltools.gnu-tools-for-stm32.12.3.rel1.win32_1.0.200.202406191623/tools/bin/../lib/gcc/arm-none-eabi/12.3.1/../../../../arm-none-eabi/lib/thumb/v7e-m+fp/hard\libc_nano.a(libc_a-stdio.o)
 .ARM.attributes
                0x000008cb       0x34 C:/ST/STM32CubeIDE_1.16.1/STM32CubeIDE/plugins/com.st.stm32cube.ide.mcu.externaltools.gnu-tools-for-stm32.12.3.rel1.win32_1.0.200.202406191623/tools/bin/../lib/gcc/arm-none-eabi/12.3.1/../../../../arm-none-eabi/lib/thumb/v7e-m+fp/hard\libc_nano.a(libc_a-memset.o)
 .ARM.attributes
                0x000008ff       0x34 C:/ST/STM32CubeIDE_1.16.1/STM32CubeIDE/plugins/com.st.stm32cube.ide.mcu.externaltools.gnu-tools-for-stm32.12.3.rel1.win32_1.0.200.202406191623/tools/bin/../lib/gcc/arm-none-eabi/12.3.1/../../../../arm-none-eabi/lib/thumb/v7e-m+fp/hard\libc_nano.a(libc_a-closer.o)
 .ARM.attributes
                0x00000933       0x34 C:/ST/STM32CubeIDE_1.16.1/STM32CubeIDE/plugins/com.st.stm32cube.ide.mcu.externaltools.gnu-tools-for-stm32.12.3.rel1.win32_1.0.200.202406191623/tools/bin/../lib/gcc/arm-none-eabi/12.3.1/../../../../arm-none-eabi/lib/thumb/v7e-m+fp/hard\libc_nano.a(libc_a-reent.o)
 .ARM.attributes
                0x00000967       0x34 C:/ST/STM32CubeIDE_1.16.1/STM32CubeIDE/plugins/com.st.stm32cube.ide.mcu.externaltools.gnu-tools-for-stm32.12.3.rel1.win32_1.0.200.202406191623/tools/bin/../lib/gcc/arm-none-eabi/12.3.1/../../../../arm-none-eabi/lib/thumb/v7e-m+fp/hard\libc_nano.a(libc_a-impure.o)
 .ARM.attributes
                0x0000099b       0x34 C:/ST/STM32CubeIDE_1.16.1/STM32CubeIDE/plugins/com.st.stm32cube.ide.mcu.externaltools.gnu-tools-for-stm32.12.3.rel1.win32_1.0.200.202406191623/tools/bin/../lib/gcc/arm-none-eabi/12.3.1/../../../../arm-none-eabi/lib/thumb/v7e-m+fp/hard\libc_nano.a(libc_a-lseekr.o)
 .ARM.attributes
                0x000009cf       0x34 C:/ST/STM32CubeIDE_1.16.1/STM32CubeIDE/plugins/com.st.stm32cube.ide.mcu.externaltools.gnu-tools-for-stm32.12.3.rel1.win32_1.0.200.202406191623/tools/bin/../lib/gcc/arm-none-eabi/12.3.1/../../../../arm-none-eabi/lib/thumb/v7e-m+fp/hard\libc_nano.a(libc_a-readr.o)
 .ARM.attributes
                0x00000a03       0x34 C:/ST/STM32CubeIDE_1.16.1/STM32CubeIDE/plugins/com.st.stm32cube.ide.mcu.externaltools.gnu-tools-for-stm32.12.3.rel1.win32_1.0.200.202406191623/tools/bin/../lib/gcc/arm-none-eabi/12.3.1/../../../../arm-none-eabi/lib/thumb/v7e-m+fp/hard\libc_nano.a(libc_a-sbrkr.o)
 .ARM.attributes
                0x00000a37       0x34 C:/ST/STM32CubeIDE_1.16.1/STM32CubeIDE/plugins/com.st.stm32cube.ide.mcu.externaltools.gnu-tools-for-stm32.12.3.rel1.win32_1.0.200.202406191623/tools/bin/../lib/gcc/arm-none-eabi/12.3.1/../../../../arm-none-eabi/lib/thumb/v7e-m+fp/hard\libc_nano.a(libc_a-writer.o)
 .ARM.attributes
                0x00000a6b       0x34 C:/ST/STM32CubeIDE_1.16.1/STM32CubeIDE/plugins/com.st.stm32cube.ide.mcu.externaltools.gnu-tools-for-stm32.12.3.rel1.win32_1.0.200.202406191623/tools/bin/../lib/gcc/arm-none-eabi/12.3.1/../../../../arm-none-eabi/lib/thumb/v7e-m+fp/hard\libc_nano.a(libc_a-errno.o)
 .ARM.attributes
                0x00000a9f       0x34 C:/ST/STM32CubeIDE_1.16.1/STM32CubeIDE/plugins/com.st.stm32cube.ide.mcu.externaltools.gnu-tools-for-stm32.12.3.rel1.win32_1.0.200.202406191623/tools/bin/../lib/gcc/arm-none-eabi/12.3.1/../../../../arm-none-eabi/lib/thumb/v7e-m+fp/hard\libc_nano.a(libc_a-init.o)
 .ARM.attributes
                0x00000ad3       0x34 C:/ST/STM32CubeIDE_1.16.1/STM32CubeIDE/plugins/com.st.stm32cube.ide.mcu.externaltools.gnu-tools-for-stm32.12.3.rel1.win32_1.0.200.202406191623/tools/bin/../lib/gcc/arm-none-eabi/12.3.1/../../../../arm-none-eabi/lib/thumb/v7e-m+fp/hard\libc_nano.a(libc_a-freer.o)
 .ARM.attributes
                0x00000b07       0x34 C:/ST/STM32CubeIDE_1.16.1/STM32CubeIDE/plugins/com.st.stm32cube.ide.mcu.externaltools.gnu-tools-for-stm32.12.3.rel1.win32_1.0.200.202406191623/tools/bin/../lib/gcc/arm-none-eabi/12.3.1/../../../../arm-none-eabi/lib/thumb/v7e-m+fp/hard\libc_nano.a(libc_a-nano-vfprintf.o)
 .ARM.attributes
                0x00000b3b       0x34 C:/ST/STM32CubeIDE_1.16.1/STM32CubeIDE/plugins/com.st.stm32cube.ide.mcu.externaltools.gnu-tools-for-stm32.12.3.rel1.win32_1.0.200.202406191623/tools/bin/../lib/gcc/arm-none-eabi/12.3.1/../../../../arm-none-eabi/lib/thumb/v7e-m+fp/hard\libc_nano.a(libc_a-nano-vfprintf_i.o)
 .ARM.attributes
                0x00000b6f       0x34 C:/ST/STM32CubeIDE_1.16.1/STM32CubeIDE/plugins/com.st.stm32cube.ide.mcu.externaltools.gnu-tools-for-stm32.12.3.rel1.win32_1.0.200.202406191623/tools/bin/../lib/gcc/arm-none-eabi/12.3.1/../../../../arm-none-eabi/lib/thumb/v7e-m+fp/hard\libc_nano.a(libc_a-fflush.o)
 .ARM.attributes
                0x00000ba3       0x34 C:/ST/STM32CubeIDE_1.16.1/STM32CubeIDE/plugins/com.st.stm32cube.ide.mcu.externaltools.gnu-tools-for-stm32.12.3.rel1.win32_1.0.200.202406191623/tools/bin/../lib/gcc/arm-none-eabi/12.3.1/../../../../arm-none-eabi/lib/thumb/v7e-m+fp/hard\libc_nano.a(libc_a-putc.o)
 .ARM.attributes
                0x00000bd7       0x34 C:/ST/STM32CubeIDE_1.16.1/STM32CubeIDE/plugins/com.st.stm32cube.ide.mcu.externaltools.gnu-tools-for-stm32.12.3.rel1.win32_1.0.200.202406191623/tools/bin/../lib/gcc/arm-none-eabi/12.3.1/../../../../arm-none-eabi/lib/thumb/v7e-m+fp/hard\libc_nano.a(libc_a-wbuf.o)
 .ARM.attributes
                0x00000c0b       0x34 C:/ST/STM32CubeIDE_1.16.1/STM32CubeIDE/plugins/com.st.stm32cube.ide.mcu.externaltools.gnu-tools-for-stm32.12.3.rel1.win32_1.0.200.202406191623/tools/bin/../lib/gcc/arm-none-eabi/12.3.1/../../../../arm-none-eabi/lib/thumb/v7e-m+fp/hard\libc_nano.a(libc_a-wsetup.o)
 .ARM.attributes
                0x00000c3f       0x1c C:/ST/STM32CubeIDE_1.16.1/STM32CubeIDE/plugins/com.st.stm32cube.ide.mcu.externaltools.gnu-tools-for-stm32.12.3.rel1.win32_1.0.200.202406191623/tools/bin/../lib/gcc/arm-none-eabi/12.3.1/../../../../arm-none-eabi/lib/thumb/v7e-m+fp/hard\libc_nano.a(libc_a-memchr.o)
 .ARM.attributes
                0x00000c5b       0x34 C:/ST/STM32CubeIDE_1.16.1/STM32CubeIDE/plugins/com.st.stm32cube.ide.mcu.externaltools.gnu-tools-for-stm32.12.3.rel1.win32_1.0.200.202406191623/tools/bin/../lib/gcc/arm-none-eabi/12.3.1/../../../../arm-none-eabi/lib/thumb/v7e-m+fp/hard\libc_nano.a(libc_a-makebuf.o)
 .ARM.attributes
                0x00000c8f       0x34 C:/ST/STM32CubeIDE_1.16.1/STM32CubeIDE/plugins/com.st.stm32cube.ide.mcu.externaltools.gnu-tools-for-stm32.12.3.rel1.win32_1.0.200.202406191623/tools/bin/../lib/gcc/arm-none-eabi/12.3.1/../../../../arm-none-eabi/lib/thumb/v7e-m+fp/hard\libc_nano.a(libc_a-fstatr.o)
 .ARM.attributes
                0x00000cc3       0x34 C:/ST/STM32CubeIDE_1.16.1/STM32CubeIDE/plugins/com.st.stm32cube.ide.mcu.externaltools.gnu-tools-for-stm32.12.3.rel1.win32_1.0.200.202406191623/tools/bin/../lib/gcc/arm-none-eabi/12.3.1/../../../../arm-none-eabi/lib/thumb/v7e-m+fp/hard\libc_nano.a(libc_a-isattyr.o)
 .ARM.attributes
                0x00000cf7       0x22 C:/ST/STM32CubeIDE_1.16.1/STM32CubeIDE/plugins/com.st.stm32cube.ide.mcu.externaltools.gnu-tools-for-stm32.12.3.rel1.win32_1.0.200.202406191623/tools/bin/../lib/gcc/arm-none-eabi/12.3.1/thumb/v7e-m+fp/hard\libgcc.a(_aeabi_uldivmod.o)
 .ARM.attributes
                0x00000d19       0x34 C:/ST/STM32CubeIDE_1.16.1/STM32CubeIDE/plugins/com.st.stm32cube.ide.mcu.externaltools.gnu-tools-for-stm32.12.3.rel1.win32_1.0.200.202406191623/tools/bin/../lib/gcc/arm-none-eabi/12.3.1/thumb/v7e-m+fp/hard\libgcc.a(_udivmoddi4.o)
 .ARM.attributes
                0x00000d4d       0x22 C:/ST/STM32CubeIDE_1.16.1/STM32CubeIDE/plugins/com.st.stm32cube.ide.mcu.externaltools.gnu-tools-for-stm32.12.3.rel1.win32_1.0.200.202406191623/tools/bin/../lib/gcc/arm-none-eabi/12.3.1/thumb/v7e-m+fp/hard\libgcc.a(_dvmd_tls.o)
 .ARM.attributes
                0x00000d6f       0x22 C:/ST/STM32CubeIDE_1.16.1/STM32CubeIDE/plugins/com.st.stm32cube.ide.mcu.externaltools.gnu-tools-for-stm32.12.3.rel1.win32_1.0.200.202406191623/tools/bin/../lib/gcc/arm-none-eabi/12.3.1/thumb/v7e-m+fp/hard/crtn.o
OUTPUT(Copyrat_IEEE.elf elf32-littlearm)
LOAD linker stubs
LOAD C:/ST/STM32CubeIDE_1.16.1/STM32CubeIDE/plugins/com.st.stm32cube.ide.mcu.externaltools.gnu-tools-for-stm32.12.3.rel1.win32_1.0.200.202406191623/tools/bin/../lib/gcc/arm-none-eabi/12.3.1/../../../../arm-none-eabi/lib/thumb/v7e-m+fp/hard\libc.a
LOAD C:/ST/STM32CubeIDE_1.16.1/STM32CubeIDE/plugins/com.st.stm32cube.ide.mcu.externaltools.gnu-tools-for-stm32.12.3.rel1.win32_1.0.200.202406191623/tools/bin/../lib/gcc/arm-none-eabi/12.3.1/../../../../arm-none-eabi/lib/thumb/v7e-m+fp/hard\libm.a
LOAD C:/ST/STM32CubeIDE_1.16.1/STM32CubeIDE/plugins/com.st.stm32cube.ide.mcu.externaltools.gnu-tools-for-stm32.12.3.rel1.win32_1.0.200.202406191623/tools/bin/../lib/gcc/arm-none-eabi/12.3.1/thumb/v7e-m+fp/hard\libgcc.a

.debug_info     0x00000000    0x1a92b
 .debug_info    0x00000000      0x9d5 ./Core/Src/adc.o
 .debug_info    0x000009d5      0x49b ./Core/Src/dma.o
 .debug_info    0x00000e70      0x425 ./Core/Src/gpio.o
 .debug_info    0x00001295      0xa3a ./Core/Src/i2c.o
 .debug_info    0x00001ccf     0x1173 ./Core/Src/main.o
 .debug_info    0x00002e42      0x94d ./Core/Src/spi.o
 .debug_info    0x0000378f      0x4a5 ./Core/Src/stm32f4xx_hal_msp.o
 .debug_info    0x00003c34      0xbce ./Core/Src/stm32f4xx_hal_timebase_tim.o
 .debug_info    0x00004802      0x6de ./Core/Src/stm32f4xx_it.o
 .debug_info    0x00004ee0      0x6a3 ./Core/Src/syscalls.o
 .debug_info    0x00005583      0x168 ./Core/Src/sysmem.o
 .debug_info    0x000056eb      0x512 ./Core/Src/system_stm32f4xx.o
 .debug_info    0x00005bfd     0x1076 ./Core/Src/tim.o
 .debug_info    0x00006c73      0x91d ./Core/Src/usart.o
 .debug_info    0x00007590       0x30 ./Core/Startup/startup_stm32f405rgtx.o
 .debug_info    0x000075c0      0x755 ./Core/ThreadSafe/newlib_lock_glue.o
 .debug_info    0x00007d15      0x449 ./Drivers/Drv8833/drv8833.o
 .debug_info    0x0000815e      0x62e ./Drivers/Logger/log.o
 .debug_info    0x0000878c     0x1024 ./Drivers/Mpu6500/mpu6500.o
 .debug_info    0x000097b0      0xa6d ./Drivers/Pwm/pwm.o
 .debug_info    0x0000a21d      0x932 ./Drivers/STM32F4xx_HAL_Driver/Src/stm32f4xx_hal.o
 .debug_info    0x0000ab4f      0xcd4 ./Drivers/STM32F4xx_HAL_Driver/Src/stm32f4xx_hal_adc.o
 .debug_info    0x0000b823      0xd7a ./Drivers/STM32F4xx_HAL_Driver/Src/stm32f4xx_hal_cortex.o
 .debug_info    0x0000c59d      0x8e7 ./Drivers/STM32F4xx_HAL_Driver/Src/stm32f4xx_hal_dma.o
 .debug_info    0x0000ce84      0x6c3 ./Drivers/STM32F4xx_HAL_Driver/Src/stm32f4xx_hal_gpio.o
 .debug_info    0x0000d547     0x2415 ./Drivers/STM32F4xx_HAL_Driver/Src/stm32f4xx_hal_i2c.o
 .debug_info    0x0000f95c      0x8af ./Drivers/STM32F4xx_HAL_Driver/Src/stm32f4xx_hal_rcc.o
 .debug_info    0x0001020b     0x1525 ./Drivers/STM32F4xx_HAL_Driver/Src/stm32f4xx_hal_spi.o
 .debug_info    0x00011730     0x299d ./Drivers/STM32F4xx_HAL_Driver/Src/stm32f4xx_hal_tim.o
 .debug_info    0x000140cd     0x14db ./Drivers/STM32F4xx_HAL_Driver/Src/stm32f4xx_hal_tim_ex.o
 .debug_info    0x000155a8     0x2f4f ./Drivers/STM32F4xx_HAL_Driver/Src/stm32f4xx_hal_uart.o
 .debug_info    0x000184f7      0x2af ./Middlewares/Third_Party/FreeRTOS/Source/list.o
 .debug_info    0x000187a6     0x1ca7 ./Middlewares/Third_Party/FreeRTOS/Source/tasks.o
 .debug_info    0x0001a44d      0x4de ./Middlewares/Third_Party/FreeRTOS/Source/portable/GCC/ARM_CM4F/port.o

.debug_abbrev   0x00000000     0x4485
 .debug_abbrev  0x00000000      0x205 ./Core/Src/adc.o
 .debug_abbrev  0x00000205      0x10e ./Core/Src/dma.o
 .debug_abbrev  0x00000313      0x152 ./Core/Src/gpio.o
 .debug_abbrev  0x00000465      0x1f7 ./Core/Src/i2c.o
 .debug_abbrev  0x0000065c      0x2b8 ./Core/Src/main.o
 .debug_abbrev  0x00000914      0x1fa ./Core/Src/spi.o
 .debug_abbrev  0x00000b0e      0x119 ./Core/Src/stm32f4xx_hal_msp.o
 .debug_abbrev  0x00000c27      0x1f4 ./Core/Src/stm32f4xx_hal_timebase_tim.o
 .debug_abbrev  0x00000e1b      0x181 ./Core/Src/stm32f4xx_it.o
 .debug_abbrev  0x00000f9c      0x1b6 ./Core/Src/syscalls.o
 .debug_abbrev  0x00001152       0xbc ./Core/Src/sysmem.o
 .debug_abbrev  0x0000120e      0x11a ./Core/Src/system_stm32f4xx.o
 .debug_abbrev  0x00001328      0x278 ./Core/Src/tim.o
 .debug_abbrev  0x000015a0      0x1f9 ./Core/Src/usart.o
 .debug_abbrev  0x00001799       0x24 ./Core/Startup/startup_stm32f405rgtx.o
 .debug_abbrev  0x000017bd      0x2bf ./Core/ThreadSafe/newlib_lock_glue.o
 .debug_abbrev  0x00001a7c      0x197 ./Drivers/Drv8833/drv8833.o
 .debug_abbrev  0x00001c13      0x187 ./Drivers/Logger/log.o
 .debug_abbrev  0x00001d9a      0x291 ./Drivers/Mpu6500/mpu6500.o
 .debug_abbrev  0x0000202b      0x20e ./Drivers/Pwm/pwm.o
 .debug_abbrev  0x00002239      0x214 ./Drivers/STM32F4xx_HAL_Driver/Src/stm32f4xx_hal.o
 .debug_abbrev  0x0000244d      0x252 ./Drivers/STM32F4xx_HAL_Driver/Src/stm32f4xx_hal_adc.o
 .debug_abbrev  0x0000269f      0x31d ./Drivers/STM32F4xx_HAL_Driver/Src/stm32f4xx_hal_cortex.o
 .debug_abbrev  0x000029bc      0x264 ./Drivers/STM32F4xx_HAL_Driver/Src/stm32f4xx_hal_dma.o
 .debug_abbrev  0x00002c20      0x1d4 ./Drivers/STM32F4xx_HAL_Driver/Src/stm32f4xx_hal_gpio.o
 .debug_abbrev  0x00002df4      0x2ad ./Drivers/STM32F4xx_HAL_Driver/Src/stm32f4xx_hal_i2c.o
 .debug_abbrev  0x000030a1      0x2b7 ./Drivers/STM32F4xx_HAL_Driver/Src/stm32f4xx_hal_rcc.o
 .debug_abbrev  0x00003358      0x27a ./Drivers/STM32F4xx_HAL_Driver/Src/stm32f4xx_hal_spi.o
 .debug_abbrev  0x000035d2      0x278 ./Drivers/STM32F4xx_HAL_Driver/Src/stm32f4xx_hal_tim.o
 .debug_abbrev  0x0000384a      0x283 ./Drivers/STM32F4xx_HAL_Driver/Src/stm32f4xx_hal_tim_ex.o
 .debug_abbrev  0x00003acd      0x30e ./Drivers/STM32F4xx_HAL_Driver/Src/stm32f4xx_hal_uart.o
 .debug_abbrev  0x00003ddb       0xf5 ./Middlewares/Third_Party/FreeRTOS/Source/list.o
 .debug_abbrev  0x00003ed0      0x359 ./Middlewares/Third_Party/FreeRTOS/Source/tasks.o
 .debug_abbrev  0x00004229      0x25c ./Middlewares/Third_Party/FreeRTOS/Source/portable/GCC/ARM_CM4F/port.o

.debug_aranges  0x00000000     0x1810
 .debug_aranges
                0x00000000       0x30 ./Core/Src/adc.o
 .debug_aranges
                0x00000030       0x20 ./Core/Src/dma.o
 .debug_aranges
                0x00000050       0x20 ./Core/Src/gpio.o
 .debug_aranges
                0x00000070       0x40 ./Core/Src/i2c.o
 .debug_aranges
                0x000000b0       0x58 ./Core/Src/main.o
 .debug_aranges
                0x00000108       0x30 ./Core/Src/spi.o
 .debug_aranges
                0x00000138       0x20 ./Core/Src/stm32f4xx_hal_msp.o
 .debug_aranges
                0x00000158       0x30 ./Core/Src/stm32f4xx_hal_timebase_tim.o
 .debug_aranges
                0x00000188       0x58 ./Core/Src/stm32f4xx_it.o
 .debug_aranges
                0x000001e0       0xa8 ./Core/Src/syscalls.o
 .debug_aranges
                0x00000288       0x20 ./Core/Src/sysmem.o
 .debug_aranges
                0x000002a8       0x28 ./Core/Src/system_stm32f4xx.o
 .debug_aranges
                0x000002d0       0x68 ./Core/Src/tim.o
 .debug_aranges
                0x00000338       0x30 ./Core/Src/usart.o
 .debug_aranges
                0x00000368       0x28 ./Core/Startup/startup_stm32f405rgtx.o
 .debug_aranges
                0x00000390       0xa0 ./Core/ThreadSafe/newlib_lock_glue.o
 .debug_aranges
                0x00000430       0x30 ./Drivers/Drv8833/drv8833.o
 .debug_aranges
                0x00000460       0x28 ./Drivers/Logger/log.o
 .debug_aranges
                0x00000488       0x90 ./Drivers/Mpu6500/mpu6500.o
 .debug_aranges
                0x00000518       0x50 ./Drivers/Pwm/pwm.o
 .debug_aranges
                0x00000568       0xf0 ./Drivers/STM32F4xx_HAL_Driver/Src/stm32f4xx_hal.o
 .debug_aranges
                0x00000658       0xe8 ./Drivers/STM32F4xx_HAL_Driver/Src/stm32f4xx_hal_adc.o
 .debug_aranges
                0x00000740      0x130 ./Drivers/STM32F4xx_HAL_Driver/Src/stm32f4xx_hal_cortex.o
 .debug_aranges
                0x00000870       0x90 ./Drivers/STM32F4xx_HAL_Driver/Src/stm32f4xx_hal_dma.o
 .debug_aranges
                0x00000900       0x58 ./Drivers/STM32F4xx_HAL_Driver/Src/stm32f4xx_hal_gpio.o
 .debug_aranges
                0x00000958      0x2a8 ./Drivers/STM32F4xx_HAL_Driver/Src/stm32f4xx_hal_i2c.o
 .debug_aranges
                0x00000c00       0x88 ./Drivers/STM32F4xx_HAL_Driver/Src/stm32f4xx_hal_rcc.o
 .debug_aranges
                0x00000c88      0x1d0 ./Drivers/STM32F4xx_HAL_Driver/Src/stm32f4xx_hal_spi.o
 .debug_aranges
                0x00000e58      0x3d0 ./Drivers/STM32F4xx_HAL_Driver/Src/stm32f4xx_hal_tim.o
 .debug_aranges
                0x00001228      0x168 ./Drivers/STM32F4xx_HAL_Driver/Src/stm32f4xx_hal_tim_ex.o
 .debug_aranges
                0x00001390      0x208 ./Drivers/STM32F4xx_HAL_Driver/Src/stm32f4xx_hal_uart.o
 .debug_aranges
                0x00001598       0x40 ./Middlewares/Third_Party/FreeRTOS/Source/list.o
 .debug_aranges
                0x000015d8      0x1b8 ./Middlewares/Third_Party/FreeRTOS/Source/tasks.o
 .debug_aranges
                0x00001790       0x80 ./Middlewares/Third_Party/FreeRTOS/Source/portable/GCC/ARM_CM4F/port.o

.debug_rnglists
                0x00000000     0x12e6
 .debug_rnglists
                0x00000000       0x21 ./Core/Src/adc.o
 .debug_rnglists
                0x00000021       0x13 ./Core/Src/dma.o
 .debug_rnglists
                0x00000034       0x14 ./Core/Src/gpio.o
 .debug_rnglists
                0x00000048       0x2d ./Core/Src/i2c.o
 .debug_rnglists
                0x00000075       0x40 ./Core/Src/main.o
 .debug_rnglists
                0x000000b5       0x20 ./Core/Src/spi.o
 .debug_rnglists
                0x000000d5       0x13 ./Core/Src/stm32f4xx_hal_msp.o
 .debug_rnglists
                0x000000e8       0x20 ./Core/Src/stm32f4xx_hal_timebase_tim.o
 .debug_rnglists
                0x00000108       0x3d ./Core/Src/stm32f4xx_it.o
 .debug_rnglists
                0x00000145       0x79 ./Core/Src/syscalls.o
 .debug_rnglists
                0x000001be       0x13 ./Core/Src/sysmem.o
 .debug_rnglists
                0x000001d1       0x1a ./Core/Src/system_stm32f4xx.o
 .debug_rnglists
                0x000001eb       0x51 ./Core/Src/tim.o
 .debug_rnglists
                0x0000023c       0x20 ./Core/Src/usart.o
 .debug_rnglists
                0x0000025c       0x19 ./Core/Startup/startup_stm32f405rgtx.o
 .debug_rnglists
                0x00000275       0x74 ./Core/ThreadSafe/newlib_lock_glue.o
 .debug_rnglists
                0x000002e9       0x20 ./Drivers/Drv8833/drv8833.o
 .debug_rnglists
                0x00000309       0x1a ./Drivers/Logger/log.o
 .debug_rnglists
                0x00000323       0x69 ./Drivers/Mpu6500/mpu6500.o
 .debug_rnglists
                0x0000038c       0x74 ./Drivers/Pwm/pwm.o
 .debug_rnglists
                0x00000400       0xaf ./Drivers/STM32F4xx_HAL_Driver/Src/stm32f4xx_hal.o
 .debug_rnglists
                0x000004af       0xb5 ./Drivers/STM32F4xx_HAL_Driver/Src/stm32f4xx_hal_adc.o
 .debug_rnglists
                0x00000564       0xe0 ./Drivers/STM32F4xx_HAL_Driver/Src/stm32f4xx_hal_cortex.o
 .debug_rnglists
                0x00000644       0x70 ./Drivers/STM32F4xx_HAL_Driver/Src/stm32f4xx_hal_dma.o
 .debug_rnglists
                0x000006b4       0x3f ./Drivers/STM32F4xx_HAL_Driver/Src/stm32f4xx_hal_gpio.o
 .debug_rnglists
                0x000006f3      0x23c ./Drivers/STM32F4xx_HAL_Driver/Src/stm32f4xx_hal_i2c.o
 .debug_rnglists
                0x0000092f       0x66 ./Drivers/STM32F4xx_HAL_Driver/Src/stm32f4xx_hal_rcc.o
 .debug_rnglists
                0x00000995      0x16f ./Drivers/STM32F4xx_HAL_Driver/Src/stm32f4xx_hal_spi.o
 .debug_rnglists
                0x00000b04      0x31a ./Drivers/STM32F4xx_HAL_Driver/Src/stm32f4xx_hal_tim.o
 .debug_rnglists
                0x00000e1e      0x125 ./Drivers/STM32F4xx_HAL_Driver/Src/stm32f4xx_hal_tim_ex.o
 .debug_rnglists
                0x00000f43      0x1bc ./Drivers/STM32F4xx_HAL_Driver/Src/stm32f4xx_hal_uart.o
 .debug_rnglists
                0x000010ff       0x2b ./Middlewares/Third_Party/FreeRTOS/Source/list.o
 .debug_rnglists
                0x0000112a      0x15f ./Middlewares/Third_Party/FreeRTOS/Source/tasks.o
 .debug_rnglists
                0x00001289       0x5d ./Middlewares/Third_Party/FreeRTOS/Source/portable/GCC/ARM_CM4F/port.o

.debug_macro    0x00000000    0x24acf
 .debug_macro   0x00000000      0x233 ./Core/Src/adc.o
 .debug_macro   0x00000233      0xaba ./Core/Src/adc.o
 .debug_macro   0x00000ced      0x2ad ./Core/Src/adc.o
 .debug_macro   0x00000f9a       0x2e ./Core/Src/adc.o
 .debug_macro   0x00000fc8       0x2f ./Core/Src/adc.o
 .debug_macro   0x00000ff7       0x22 ./Core/Src/adc.o
 .debug_macro   0x00001019       0x8e ./Core/Src/adc.o
 .debug_macro   0x000010a7       0x51 ./Core/Src/adc.o
 .debug_macro   0x000010f8      0x103 ./Core/Src/adc.o
 .debug_macro   0x000011fb       0x6a ./Core/Src/adc.o
 .debug_macro   0x00001265      0x1df ./Core/Src/adc.o
 .debug_macro   0x00001444       0x1c ./Core/Src/adc.o
 .debug_macro   0x00001460       0x22 ./Core/Src/adc.o
 .debug_macro   0x00001482       0xfb ./Core/Src/adc.o
 .debug_macro   0x0000157d     0x1011 ./Core/Src/adc.o
 .debug_macro   0x0000258e      0x11f ./Core/Src/adc.o
 .debug_macro   0x000026ad    0x1426d ./Core/Src/adc.o
 .debug_macro   0x0001691a       0x6d ./Core/Src/adc.o
 .debug_macro   0x00016987     0x369a ./Core/Src/adc.o
 .debug_macro   0x0001a021      0x189 ./Core/Src/adc.o
 .debug_macro   0x0001a1aa       0x5c ./Core/Src/adc.o
 .debug_macro   0x0001a206      0x8bc ./Core/Src/adc.o
 .debug_macro   0x0001aac2      0x9e9 ./Core/Src/adc.o
 .debug_macro   0x0001b4ab      0x115 ./Core/Src/adc.o
 .debug_macro   0x0001b5c0      0x130 ./Core/Src/adc.o
 .debug_macro   0x0001b6f0       0xa5 ./Core/Src/adc.o
 .debug_macro   0x0001b795      0x174 ./Core/Src/adc.o
 .debug_macro   0x0001b909      0x287 ./Core/Src/adc.o
 .debug_macro   0x0001bb90       0x5f ./Core/Src/adc.o
 .debug_macro   0x0001bbef      0x236 ./Core/Src/adc.o
 .debug_macro   0x0001be25      0xb5b ./Core/Src/adc.o
 .debug_macro   0x0001c980      0x38b ./Core/Src/adc.o
 .debug_macro   0x0001cd0b      0x176 ./Core/Src/adc.o
 .debug_macro   0x0001ce81       0xf9 ./Core/Src/adc.o
 .debug_macro   0x0001cf7a      0x12c ./Core/Src/adc.o
 .debug_macro   0x0001d0a6      0x21e ./Core/Src/adc.o
 .debug_macro   0x0001d2c4       0x2e ./Core/Src/adc.o
 .debug_macro   0x0001d2f2      0x1b5 ./Core/Src/adc.o
 .debug_macro   0x0001d4a7       0xd6 ./Core/Src/adc.o
 .debug_macro   0x0001d57d      0x127 ./Core/Src/adc.o
 .debug_macro   0x0001d6a4       0x7e ./Core/Src/adc.o
 .debug_macro   0x0001d722       0x89 ./Core/Src/adc.o