../Drivers/Drv8833/drv8833.c:10:19:drv8833_init	8	static
../Drivers/Drv8833/drv8833.c:23:6:set_duty_cycle	16	static
../Drivers/Drv8833/drv8833.c:68:6:stop_motors	8	static
../Drivers/Drv8833/drv8833.c:73:6:move_forward	16	static
../Drivers/Drv8833/drv8833.c:78:6:accelerate_forward	24	static
../Drivers/Drv8833/drv8833.c:85:6:move_backward	16	static
../Drivers/Drv8833/drv8833.c:90:6:turn_left	16	static
../Drivers/Drv8833/drv8833.c:95:6:turn_right	16	static
../Drivers/Drv8833/drv8833.c:101:6:rotate_left	16	static
../Drivers/Drv8833/drv8833.c:106:6:rotate_right	16	static
../Drivers/Drv8833/drv8833.c:111:6:stop_micromouse	8	static
../Drivers/Drv8833/drv8833.c:116:6:decelerate_stop	24	static
